******************************************************************************
                  TI ARM Linker PC v18.12.3                    
******************************************************************************
>> Linked Mon Sep  9 10:15:29 2019

OUTPUT FILE NAME:   <empty_CC3220S_LAUNCHXL_tirtos_ccs.out>
ENTRY POINT SYMBOL: "_c_int00"  address: 2000f421


MEMORY CONFIGURATION

         name            origin    length      used     unused   attr    fill
----------------------  --------  ---------  --------  --------  ----  --------
  SRAM0                 20000000   00004000  0000070c  000038f4  RW X
  SRAM                  20004000   0003c000  0000dfd5  0002e02b  RW X


SEGMENT ALLOCATION MAP

run origin  load origin   length   init length attrs members
----------  ----------- ---------- ----------- ----- -------
20003c00    20003c00    00000400   00000000    rw-
  20003c00    20003c00    00000400   00000000    rw- .stack
20004000    20004000    00008040   0000003c    r--
  20004000    20004000    0000003c   0000003c    r-- .resetVecs
  20004040    20004040    00008000   00000000    r-- .priheap
2000c040    2000c040    00004f83   00004f83    r-x
  2000c040    2000c040    000047f2   000047f2    r-x .text
  20010834    20010834    0000078f   0000078f    r-- .const
20010fc4    20010fc4    0000071c   00000000    rw-
  20010fc4    20010fc4    0000071c   00000000    rw- .data
200116e0    200116e0    00000674   00000000    rw-
  200116e0    200116e0    00000674   00000000    rw- .bss
20011d58    20011d58    00000288   00000288    r--
  20011d58    20011d58    00000288   00000288    r-- .cinit


SECTION ALLOCATION MAP

 output                                  attributes/
section   page    origin      length       input sections
--------  ----  ----------  ----------   ----------------
.vecs      0    20000000    0000030c     NOLOAD SECTION
                  20000000    0000030c     release_pem4.oem4 (.vecs)

.stack     0    20003c00    00000400     UNINITIALIZED
                  20003c00    00000400     --HOLE--

.text      0    2000c040    000047f2     
                  2000c040    0000042c     driverlib.a : prcm.obj (.text:PRCMCC3200MCUInit)
                  2000c46c    000001d8     drivers_cc32xx.aem4 : GPIOCC32XX.oem4 (.text:GPIO_setConfig)
                  2000c644    00000154     empty.obj (.text:ComplementaryTask)
                  2000c798    0000014c     dpl_cc32xx.aem4 : PowerCC32XX_tirtos.oem4 (.text:PowerCC32XX_sleepPolicy)
                  2000c8e4    00000148     drivers_cc32xx.aem4 : PowerCC32XX.oem4 (.text:parkPins)
                  2000ca2c    00000004     dpl_cc32xx.aem4 : HwiP_tirtos.oem4 (.text:HwiP_disable)
                  2000ca30    00000130     sysbios.aem4 : BIOS.obj (.text:ti_sysbios_knl_Semaphore_pend__E)
                  2000cb60    0000011c     drivers_cc32xx.aem4 : PowerCC32XX.oem4 (.text:Power_sleep)
                  2000cc7c    00000004     dpl_cc32xx.aem4 : SemaphoreP_tirtos.oem4 (.text:SemaphoreP_post)
                  2000cc80    0000011c     sysbios.aem4 : BIOS.obj (.text:xdc_runtime_Startup_startMods__I)
                  2000cd9c    00000004     release_pem4.oem4 (.text:ti_sysbios_BIOS_RtsGateProxy_enter__E)
                  2000cda0    00000110     sysbios.aem4 : BIOS.obj (.text:ti_sysbios_knl_Task_postInit__I)
                  2000ceb0    00000104                  : BIOS.obj (.text:ti_sysbios_knl_Task_Instance_finalize__E)
                  2000cfb4    00000004     release_pem4.oem4 (.text:ti_sysbios_BIOS_RtsGateProxy_leave__E)
                  2000cfb8    000000fc     sysbios.aem4 : BIOS.obj (.text:ti_sysbios_knl_Task_Instance_init__E)
                  2000d0b4    00000004     release_pem4.oem4 (.text:ti_sysbios_family_arm_m3_TaskSupport_Module__startupDone__S)
                  2000d0b8    000000f0     sysbios.aem4 : BIOS.obj (.text:pthread_create)
                  2000d1a8    000000d0                  : m3_Hwi_asm.obj (.text:ti_sysbios_family_arm_m3_Hwi_dispatch__I)
                  2000d278    000000d0                  : BIOS.obj (.text:ti_sysbios_heaps_HeapMem_alloc__E)
                  2000d348    000000c4     drivers_cc32xx.aem4 : GPIOCC32XX.oem4 (.text:GPIO_init)
                  2000d40c    00000004     release_pem4.oem4 (.text:ti_sysbios_heaps_HeapMem_Module_GateProxy_enter__E)
                  2000d410    000000c4     sysbios.aem4 : BIOS.obj (.text:ti_sysbios_knl_Task_sleep__E)
                  2000d4d4    000000c0     drivers_cc32xx.aem4 : PowerCC32XX.oem4 (.text:restoreParkedPins)
                  2000d594    00000004     release_pem4.oem4 (.text:ti_sysbios_heaps_HeapMem_Module_GateProxy_leave__E)
                  2000d598    000000bc     sysbios.aem4 : BIOS.obj (.text:xdc_runtime_Core_createObject__I)
                  2000d654    000000a8     drivers_cc32xx.aem4 : PowerCC32XX.oem4 (.text:PowerCC32XX_configureWakeup)
                  2000d6fc    00000004     release_pem4.oem4 (.text:ti_sysbios_knl_Clock_TimerProxy_getMaxTicks__E)
                  2000d700    000000a4     sysbios.aem4 : BIOS.obj (.text:ti_sysbios_knl_Task_setPri__E)
                  2000d7a4    000000a0     auto_init.aem4 : auto_init.oem4 (.text)
                  2000d844    00000004     release_pem4.oem4 (.text:ti_sysbios_knl_Clock_TimerProxy_setPeriodMicroSecs__E)
                  2000d848    0000009c     sysbios.aem4 : BIOS.obj (.text:_pthread_removeThreadKeys)
                  2000d8e4    0000009c     rtsv7M4_T_le_eabi.lib : memcpy_t2.asm.obj (.text)
                  2000d980    00000098     drivers_cc32xx.aem4 : GPIOCC32XX.oem4 (.text:powerNotifyFxn)
                  2000da18    00000098     sysbios.aem4 : BIOS.obj (.text:ti_sysbios_family_arm_m3_Hwi_Instance_init__E)
                  2000dab0    00000096     rtsv7M4_T_le_eabi.lib : ull_div_t2.asm.obj (.text)
                  2000db46    00000002                           : _lock.c.obj (.text:_nop)
                  2000db48    00000094     sysbios.aem4 : BIOS.obj (.text:ti_sysbios_knl_Task_exit__E)
                  2000dbdc    00000090     drivers_cc32xx.aem4 : PowerCC32XX.oem4 (.text:restoreNVICRegs)
                  2000dc6c    00000090     empty.obj (.text:send_command)
                  2000dcfc    00000004     release_pem4.oem4 (.text:ti_sysbios_knl_Clock_TimerProxy_start__E)
                  2000dd00    00000090     sysbios.aem4 : BIOS.obj (.text:ti_sysbios_knl_Task_Module_startup__E)
                  2000dd90    00000090     empty.obj (.text:write)
                  2000de20    0000008c     sysbios.aem4 : BIOS.obj (.text:xdc_runtime_Memory_alloc__E)
                  2000deac    00000088     driverlib.a : pin.obj (.text:PinConfigSet)
                  2000df34    00000004     release_pem4.oem4 (.text:ti_sysbios_knl_Clock_TimerProxy_stop__E)
                  2000df38    00000088     sysbios.aem4 : BIOS.obj (.text:ti_sysbios_family_arm_m3_Hwi_initNVIC__E)
                  2000dfc0    00000088                  : BIOS.obj (.text:ti_sysbios_family_arm_m3_TaskSupport_start__E)
                  2000e048    00000086                  : BIOS.obj (.text:xdc_runtime_Core_constructObject__I)
                  2000e0ce    00000002     rtsv7M4_T_le_eabi.lib : div0.asm.obj (.text)
                  2000e0d0    00000084     drivers_cc32xx.aem4 : PowerCC32XX.oem4 (.text:Power_init)
                  2000e154    00000084                         : PowerCC32XX.oem4 (.text:saveNVICRegs)
                  2000e1d8    00000084     sysbios.aem4 : BIOS.obj (.text:ti_sysbios_family_arm_m3_Hwi_postInit__I)
                  2000e25c    00000004     release_pem4.oem4 (.text:ti_sysbios_knl_Semaphore_delete)
                  2000e260    00000084     sysbios.aem4 : BIOS.obj (.text:ti_sysbios_heaps_HeapMem_free__E)
                  2000e2e4    00000080     drivers_cc32xx.aem4 : PowerCC32XX.oem4 (.text:Power_setDependency)
                  2000e364    00000004     release_pem4.oem4 (.text:ti_sysbios_knl_Task_delete)
                  2000e368    00000080     sysbios.aem4 : BIOS.obj (.text:ti_sysbios_knl_Clock_workFunc__E)
                  2000e3e8    0000007a     rtsv7M4_T_le_eabi.lib : memset_t2.asm.obj (.text)
                  2000e462    00000002     release_pem4.oem4 (.text:ti_sysbios_BIOS_nullFunc__I)
                  2000e464    00000078     drivers_cc32xx.aem4 : GPIOCC32XX.oem4 (.text:GPIO_hwiIntFxn)
                  2000e4dc    00000004     release_pem4.oem4 (.text:xdc_runtime_System_Module_GateProxy_enter__E)
                  2000e4e0    00000074     sysbios.aem4 : BIOS.obj (.text:xdc_runtime_Core_deleteObject__I)
                  2000e554    00000004     release_pem4.oem4 (.text:xdc_runtime_System_Module_GateProxy_leave__E)
                  2000e558    00000070     sysbios.aem4 : BIOS.obj (.text:ti_sysbios_heaps_HeapMem_initPrimary__I)
                  2000e5c8    0000006c     empty.obj (.text:LCD_init)
                  2000e634    00000002     release_pem4.oem4 (.text:xdc_runtime_Startup_reset__I)
                  2000e636    00000002     --HOLE-- [fill = 0]
                  2000e638    0000006c     sysbios.aem4 : BIOS.obj (.text:ti_sysbios_knl_Swi_restoreHwi__E)
                  2000e6a4    00000068     rtsv7M4_T_le_eabi.lib : copy_decompress_lzss.c.obj (.text:decompress:lzss:__TI_decompress_lzss)
                  2000e70c    00000004     --HOLE-- [fill = 0]
                  2000e710    00000068     sysbios.aem4 : BIOS.obj (.text:pthread_exit)
                  2000e778    00000064     drivers_cc32xx.aem4 : PowerCC32XX.oem4 (.text:PowerCC32XX_setParkState)
                  2000e7dc    00000064     main_tirtos.obj (.text:main)
                  2000e840    00000064     sysbios.aem4 : BIOS.obj (.text:ti_sysbios_family_arm_m3_Hwi_dispatchC__I)
                  2000e8a4    00000060     driverlib.a : prcm.obj (.text:PRCMSysResetCauseGet)
                  2000e904    00000004     --HOLE-- [fill = 0]
                  2000e908    00000060     sysbios.aem4 : BIOS.obj (.text:ti_sysbios_knl_Semaphore_post__E)
                  2000e968    00000060                  : BIOS.obj (.text:ti_sysbios_knl_Swi_run__I)
                  2000e9c8    0000005c     drivers_cc32xx.aem4 : GPIOCC32XX.oem4 (.text:GPIO_setCallback)
                  2000ea24    00000004     --HOLE-- [fill = 0]
                  2000ea28    0000005c     sysbios.aem4 : BIOS.obj (.text:ti_sysbios_family_arm_m3_Timer_start__E)
                  2000ea84    00000004     --HOLE-- [fill = 0]
                  2000ea88    0000005c                  : BIOS.obj (.text:ti_sysbios_knl_Swi_schedule__I)
                  2000eae4    00000004     --HOLE-- [fill = 0]
                  2000eae8    0000005c                  : BIOS.obj (.text:ti_sysbios_knl_Task_startCore__E)
                  2000eb44    00000004     --HOLE-- [fill = 0]
                  2000eb48    0000005c                  : BIOS.obj (.text:xdc_runtime_Startup_exec__E)
                  2000eba4    00000058     drivers_cc32xx.aem4 : GPIOCC32XX.oem4 (.text:GPIO_write)
                  2000ebfc    00000058     driverlib.a : prcm.obj (.text:PRCMPeripheralReset)
                  2000ec54    00000054     empty.obj (.text:PinConfig)
                  2000eca8    00000054     release_pem4.oem4 (.text:ti_sysbios_family_arm_m3_Hwi_create)
                  2000ecfc    00000004     --HOLE-- [fill = 0]
                  2000ed00    00000054     sysbios.aem4 : BIOS.obj (.text:ti_sysbios_family_arm_m3_Timer_setPeriod__E)
                  2000ed54    00000004     --HOLE-- [fill = 0]
                  2000ed58    00000054                  : BIOS.obj (.text:xdc_runtime_Core_assignLabel__I)
                  2000edac    00000052     drivers_cc32xx.aem4 : PowerCC32XX_asm.oem4 (.text:PowerCC32XX_resumeLPDS)
                  2000edfe    00000002     --HOLE-- [fill = 0]
                  2000ee00    00000050     sysbios.aem4 : BIOS.obj (.text:ti_sysbios_family_arm_m3_Hwi_Module_startup__E)
                  2000ee50    00000050     release_pem4.oem4 (.text:ti_sysbios_knl_Task_create)
                  2000eea0    0000004c     drivers_cc32xx.aem4 : GPIOCC32XX.oem4 (.text:GPIO_enableInt)
                  2000eeec    0000004c                         : PowerCC32XX.oem4 (.text:PowerCC32XX_parkPin)
                  2000ef38    0000004c     rtsv7M4_T_le_eabi.lib : cpy_tbl.c.obj (.text:copy_in)
                  2000ef84    0000004c     drivers_cc32xx.aem4 : PowerCC32XX.oem4 (.text:restorePeriphClocks)
                  2000efd0    0000004c     sysbios.aem4 : BIOS.obj (.text:ti_sysbios_heaps_HeapMem_getStats__E)
                  2000f01c    00000004     --HOLE-- [fill = 0]
                  2000f020    0000004c                  : BIOS.obj (.text:ti_sysbios_knl_Swi_runLoop__I)
                  2000f06c    00000004     --HOLE-- [fill = 0]
                  2000f070    0000004c                  : BIOS.obj (.text:ti_sysbios_knl_Task_allBlockedFunction__I)
                  2000f0bc    00000004     --HOLE-- [fill = 0]
                  2000f0c0    0000004c                  : BIOS.obj (.text:ti_sysbios_knl_Task_schedule__I)
                  2000f10c    00000048     driverlib.a : flash.obj (.text:FlashDisable)
                  2000f154    00000048                 : prcm.obj (.text:PRCMLPDSEnter)
                  2000f19c    00000048                 : prcm.obj (.text:PRCMPeripheralClkEnable)
                  2000f1e4    00000004     --HOLE-- [fill = 0]
                  2000f1e8    00000048     sysbios.aem4 : BIOS.obj (.text:ti_sysbios_family_arm_m3_Hwi_disableInterrupt__E)
                  2000f230    00000048                  : BIOS.obj (.text:ti_sysbios_family_arm_m3_Hwi_enableInterrupt__E)
                  2000f278    00000048                  : m3_Hwi_asm_switch.obj (.text:ti_sysbios_family_arm_m3_Hwi_initStacks__E)
                  2000f2c0    00000048                  : BIOS.obj (.text:ti_sysbios_family_arm_m3_Timer_initDevice__I)
                  2000f308    00000048                  : BIOS.obj (.text:ti_sysbios_knl_Mailbox_Module_startup__E)
                  2000f350    00000048                  : BIOS.obj (.text:xdc_runtime_Core_assignParams__I)
                  2000f398    00000044     driverlib.a : prcm.obj (.text:PRCMLPDSRestoreInfoSet)
                  2000f3dc    00000044     drivers_cc32xx.aem4 : PowerCC32XX_asm.oem4 (.text:PowerCC32XX_enterLPDS)
                  2000f420    00000044     boot.aem4 : boot.oem4 (.text)
                  2000f464    00000004     --HOLE-- [fill = 0]
                  2000f468    00000044     sysbios.aem4 : BIOS.obj (.text:ti_sysbios_family_arm_m3_Hwi_getStackInfo__E)
                  2000f4ac    00000004     --HOLE-- [fill = 0]
                  2000f4b0    00000044                  : BIOS.obj (.text:ti_sysbios_knl_Mailbox_postInit__I)
                  2000f4f4    00000004     --HOLE-- [fill = 0]
                  2000f4f8    00000044                  : BIOS.obj (.text:ti_sysbios_knl_Swi_post__E)
                  2000f53c    00000004     --HOLE-- [fill = 0]
                  2000f540    00000044                  : BIOS.obj (.text:xdc_runtime_System_atexit__E)
                  2000f584    00000040     dpl_cc32xx.aem4 : HwiP_tirtos.oem4 (.text:HwiP_create)
                  2000f5c4    00000040     driverlib.a : pin.obj (.text:PinModeSet)
                  2000f604    00000004     --HOLE-- [fill = 0]
                  2000f608    00000040     sysbios.aem4 : BIOS.obj (.text:ti_sysbios_heaps_HeapMem_Instance_init__E)
                  2000f648    0000003c     drivers_cc32xx.aem4 : PowerCC32XX.oem4 (.text:Power_setConstraint)
                  2000f684    00000004     --HOLE-- [fill = 0]
                  2000f688    0000003c     sysbios.aem4 : BIOS.obj (.text:sleep)
                  2000f6c4    00000004     --HOLE-- [fill = 0]
                  2000f6c8    0000003c                  : BIOS.obj (.text:ti_sysbios_family_arm_m3_Hwi_Instance_finalize__E)
                  2000f704    00000004     --HOLE-- [fill = 0]
                  2000f708    0000003c                  : BIOS.obj (.text:ti_sysbios_family_arm_m3_Timer_setPeriodMicroSecs__E)
                  2000f744    00000004     --HOLE-- [fill = 0]
                  2000f748    0000003c                  : BIOS.obj (.text:ti_sysbios_knl_Clock_walkQueuePeriodic__E)
                  2000f784    00000004     --HOLE-- [fill = 0]
                  2000f788    0000003c                  : BIOS.obj (.text:ti_sysbios_knl_Swi_restore__E)
                  2000f7c4    00000004     --HOLE-- [fill = 0]
                  2000f7c8    0000003c                  : BIOS.obj (.text:usleep)
                  2000f804    00000004     --HOLE-- [fill = 0]
                  2000f808    0000003c                  : BIOS.obj (.text:xdc_runtime_System_processAtExit__E)
                  2000f844    0000003a     dpl_cc32xx.aem4 : PowerCC32XX_tirtos.oem4 (.text:getCountsRTC)
                  2000f87e    00000002     --HOLE-- [fill = 0]
                  2000f880    00000038     drivers_cc32xx.aem4 : GPIOCC32XX.oem4 (.text:GPIO_read)
                  2000f8b8    00000038     driverlib.a : prcm.obj (.text:PRCMLPDSEnterKeepDebugIf)
                  2000f8f0    00000038     drivers_cc32xx.aem4 : PowerCC32XX.oem4 (.text:notify)
                  2000f928    00000038     sysbios.aem4 : BIOS.obj (.text:ti_sysbios_knl_Task_processVitalTaskFlag__I)
                  2000f960    00000034     driverlib.a : pin.obj (.text:PinModeGet)
                  2000f994    00000004     --HOLE-- [fill = 0]
                  2000f998    00000034     sysbios.aem4 : BIOS.obj (.text:_pthread_delete$41)
                  2000f9cc    00000004     --HOLE-- [fill = 0]
                  2000f9d0    00000034                  : BIOS.obj (.text:ti_sysbios_family_arm_m3_Timer_periodicStub__I)
                  2000fa04    00000034     release_pem4.oem4 (.text:ti_sysbios_knl_Semaphore_create)
                  2000fa38    00000034     empty.obj (.text:write_char)
                  2000fa6c    00000004     --HOLE-- [fill = 0]
                  2000fa70    00000032     sysbios.aem4 : BIOS.obj (.text:ti_sysbios_hal_Hwi_initStack)
                  2000faa2    00000030     drivers_cc32xx.aem4 : PowerCC32XX.oem4 (.text:PowerCC32XX_restoreParkedPin)
                  2000fad2    00000002     --HOLE-- [fill = 0]
                  2000fad4    00000030     release_pem4.oem4 (.text:ti_sysbios_BIOS_atExitFunc__I)
                  2000fb04    00000030     release_pem4.oem4 (.text:ti_sysbios_BIOS_startFunc__I)
                  2000fb34    00000030     release_pem4.oem4 (.text:ti_sysbios_gates_GateHwi_Object__create__S)
                  2000fb64    00000030     release_pem4.oem4 (.text:ti_sysbios_gates_GateMutex_Object__create__S)
                  2000fb94    00000004     --HOLE-- [fill = 0]
                  2000fb98    00000030     sysbios.aem4 : BIOS.obj (.text:ti_sysbios_gates_GateMutex_enter__E)
                  2000fbc8    00000030     release_pem4.oem4 (.text:ti_sysbios_heaps_HeapMem_Object__create__S)
                  2000fbf8    00000030     release_pem4.oem4 (.text:ti_sysbios_knl_Semaphore_construct)
                  2000fc28    00000030     sysbios.aem4 : BIOS.obj (.text:ti_sysbios_knl_Semaphore_pendTimeout__I)
                  2000fc58    00000030                  : BIOS.obj (.text:ti_sysbios_knl_Task_restore__E)
                  2000fc88    00000030                  : BIOS.obj (.text:ti_sysbios_knl_Task_unblockI__E)
                  2000fcb8    0000002c     dpl_cc32xx.aem4 : SemaphoreP_tirtos.oem4 (.text:SemaphoreP_createBinary)
                  2000fce4    00000004     --HOLE-- [fill = 0]
                  2000fce8    0000002c     sysbios.aem4 : BIOS.obj (.text:_pthread_cleanupFxn)
                  2000fd14    0000002c     release_pem4.oem4 (.text:ti_sysbios_knl_Clock_doTick__I)
                  2000fd40    0000002c     release_pem4.oem4 (.text:ti_sysbios_knl_Queue_construct)
                  2000fd6c    00000028     driverlib.a : prcm.obj (.text:PRCMPeripheralClkDisable)
                  2000fd94    00000028     dpl_cc32xx.aem4 : PowerCC32XX_tirtos.oem4 (.text:PowerCC32XX_initPolicy)
                  2000fdbc    00000028     drivers_cc32xx.aem4 : PowerCC32XX.oem4 (.text:Power_registerNotify)
                  2000fde4    00000028     empty.obj (.text:buttonUpCallbackFxn)
                  2000fe0c    00000028     sysbios.aem4 : m3_Hwi_asm.obj (.text:ti_sysbios_family_arm_m3_Hwi_excHandlerAsm__I)
                  2000fe34    00000004     --HOLE-- [fill = 0]
                  2000fe38    00000028                  : BIOS.obj (.text:ti_sysbios_knl_Clock_addI__E)
                  2000fe60    00000028                  : BIOS.obj (.text:ti_sysbios_knl_Swi_Module_startup__E)
                  2000fe88    00000026     drivers_cc32xx.aem4 : List.oem4 (.text:List_put)
                  2000feae    00000026     empty.obj (.text:buttonDownCallbackFxn)
                  2000fed4    00000026     empty.obj (.text:enable)
                  2000fefa    00000006     driverlib.a : utils.obj (.text:UtilsDelay)
                  2000ff00    00000024     sysbios.aem4 : BIOS.obj (.text:pthread_attr_init)
                  2000ff24    00000024     release_pem4.oem4 (.text:ti_sysbios_BIOS_registerRTSLock__I)
                  2000ff48    00000024     release_pem4.oem4 (.text:ti_sysbios_BIOS_removeRTSLock__I)
                  2000ff6c    00000004     --HOLE-- [fill = 0]
                  2000ff70    00000024     sysbios.aem4 : BIOS.obj (.text:ti_sysbios_family_arm_m3_Timer_postInit__I)
                  2000ff94    00000004     --HOLE-- [fill = 0]
                  2000ff98    00000024                  : BIOS.obj (.text:ti_sysbios_family_arm_m3_Timer_startup__E)
                  2000ffbc    00000024     release_pem4.oem4 (.text:ti_sysbios_gates_GateMutex_Object__delete__S)
                  2000ffe0    00000024     sysbios.aem4 : BIOS.obj (.text:ti_sysbios_knl_Clock_Module_startup__E)
                  20010004    00000004     --HOLE-- [fill = 0]
                  20010008    00000024                  : BIOS.obj (.text:ti_sysbios_knl_Semaphore_Instance_init__E)
                  2001002c    00000024     release_pem4.oem4 (.text:ti_sysbios_knl_Semaphore_Object__delete__S)
                  20010050    00000024     sysbios.aem4 : BIOS.obj (.text:ti_sysbios_knl_Task_restoreHwi__E)
                  20010074    00000004     --HOLE-- [fill = 0]
                  20010078    00000024                  : BIOS.obj (.text:xdc_runtime_Error_policyMin__E)
                  2001009c    00000020     release_pem4.oem4 (.text:ti_sysbios_BIOS_rtsLock__I)
                  200100bc    00000020     release_pem4.oem4 (.text:ti_sysbios_gates_GateHwi_Object__delete__S)
                  200100dc    00000020     release_pem4.oem4 (.text:ti_sysbios_heaps_HeapMem_Object__delete__S)
                  200100fc    00000004     --HOLE-- [fill = 0]
                  20010100    00000020     sysbios.aem4 : BIOS.obj (.text:ti_sysbios_knl_Idle_run__E)
                  20010120    00000020     release_pem4.oem4 (.text:ti_sysbios_knl_Semaphore_destruct)
                  20010140    00000020     release_pem4.oem4 (.text:ti_sysbios_knl_Task_Object__delete__S)
                  20010160    0000001e     sysbios.aem4 : m3_Hwi_asm_switch.obj (.text:ti_sysbios_family_xxx_Hwi_switchAndRunFunc)
                  2001017e    00000002     --HOLE-- [fill = 0]
                  20010180    0000001c     driverlib.a : pin.obj (.text:PinToPadGet)
                  2001019c    00000004     --HOLE-- [fill = 0]
                  200101a0    0000001c     sysbios.aem4 : BIOS.obj (.text:ti_sysbios_family_arm_m3_Hwi_excHandler__I)
                  200101bc    00000004     --HOLE-- [fill = 0]
                  200101c0    0000001c                  : BIOS.obj (.text:ti_sysbios_family_arm_m3_Timer_Module_startup__E)
                  200101dc    00000004     --HOLE-- [fill = 0]
                  200101e0    0000001c                  : BIOS.obj (.text:ti_sysbios_family_arm_m3_Timer_stop__E)
                  200101fc    00000004     --HOLE-- [fill = 0]
                  20010200    0000001c                  : BIOS.obj (.text:ti_sysbios_gates_GateMutex_Instance_init__E)
                  2001021c    0000001c     release_pem4.oem4 (.text:ti_sysbios_knl_Queue_destruct)
                  20010238    0000001c     sysbios.aem4 : BIOS.obj (.text:ti_sysbios_knl_Queue_put__E)
                  20010254    00000004     --HOLE-- [fill = 0]
                  20010258    0000001c                  : BIOS.obj (.text:ti_sysbios_knl_Task_enter__I)
                  20010274    00000004     --HOLE-- [fill = 0]
                  20010278    0000001c                  : BIOS.obj (.text:ti_sysbios_rts_ti_ReentSupport_getReent__F)
                  20010294    0000001a                  : m3_Hwi_asm.obj (.text:ti_sysbios_family_arm_m3_Hwi_pendSV__I)
                  200102ae    00000002     --HOLE-- [fill = 0]
                  200102b0    00000018     drivers_cc32xx.aem4 : PowerCC32XX.oem4 (.text:Power_idleFunc)
                  200102c8    00000018     rtsv7M4_T_le_eabi.lib : args_main.c.obj (.text:_args_main)
                  200102e0    00000018                           : ll_mul_t2.asm.obj (.text)
                  200102f8    00000018     release_pem4.oem4 (.text:ti_sysbios_BIOS_rtsUnlock__I)
                  20010310    00000018     release_pem4.oem4 (.text:ti_sysbios_family_arm_m3_Hwi_Module__startupDone__F)
                  20010328    00000018     release_pem4.oem4 (.text:ti_sysbios_family_arm_m3_Timer_Module__startupDone__F)
                  20010340    00000018     release_pem4.oem4 (.text:ti_sysbios_gates_GateHwi_Handle__label__S)
                  20010358    00000018     release_pem4.oem4 (.text:ti_sysbios_gates_GateMutex_Handle__label__S)
                  20010370    00000018     sysbios.aem4 : BIOS.obj (.text:ti_sysbios_gates_GateMutex_leave__E)
                  20010388    00000018     release_pem4.oem4 (.text:ti_sysbios_heaps_HeapMem_Handle__label__S)
                  200103a0    00000018     sysbios.aem4 : BIOS.obj (.text:ti_sysbios_knl_Task_sleepTimeout__I)
                  200103b8    00000018     release_pem4.oem4 (.text:ti_sysbios_rts_ti_ReentSupport_getTlsAddr__I)
                  200103d0    00000018     sysbios.aem4 : BIOS.obj (.text:xdc_runtime_Error_init__E)
                  200103e8    00000018                  : BIOS.obj (.text:xdc_runtime_System_exit__E)
                  20010400    00000016     driverlib.a : prcm.obj (.text:PRCMHIBRegRead)
                  20010416    00000016                 : prcm.obj (.text:PRCMHIBRegWrite)
                  2001042c    00000016     release_pem4.oem4 (.text:ti_sysbios_BIOS_exitFunc__I)
                  20010442    00000002     --HOLE-- [fill = 0]
                  20010444    00000014     drivers_cc32xx.aem4 : PowerCC32XX.oem4 (.text:Power_getDependencyCount)
                  20010458    00000014     sysbios.aem4 : BIOS.obj (.text:pthread_attr_setschedparam)
                  2001046c    00000014     release_pem4.oem4 (.text:ti_sysbios_family_arm_m3_Hwi_Object__get__S)
                  20010480    00000014     sysbios.aem4 : BIOS.obj (.text:ti_sysbios_family_arm_m3_Hwi_switchFromBootStack__E)
                  20010494    00000014                  : m3_TaskSupport_asm.obj (.text:ti_sysbios_family_arm_m3_TaskSupport_swap__E)
                  200104a8    00000014     release_pem4.oem4 (.text:ti_sysbios_heaps_HeapMem_Object__get__S)
                  200104bc    00000004     --HOLE-- [fill = 0]
                  200104c0    00000014     sysbios.aem4 : BIOS.obj (.text:ti_sysbios_knl_Clock_tickReconfig__E)
                  200104d4    00000014     release_pem4.oem4 (.text:ti_sysbios_knl_Swi_Object__get__S)
                  200104e8    00000012     dpl_cc32xx.aem4 : SemaphoreP_tirtos.oem4 (.text:SemaphoreP_pend)
                  200104fa    00000006     --HOLE-- [fill = 0]
                  20010500    00000012     sysbios.aem4 : BIOS.obj (.text:_pthread_runStub$41)
                  20010512    00000006     --HOLE-- [fill = 0]
                  20010518    00000012                  : BIOS.obj (.text:ti_sysbios_hal_Hwi_Module_startup__E)
                  2001052a    00000012     release_pem4.oem4 (.text:xdc_runtime_Startup_exec__I)
                  2001053c    00000010     dpl_cc32xx.aem4 : HwiP_tirtos.oem4 (.text:HwiP_Params_init)
                  2001054c    00000010     empty.obj (.text:mainThread)
                  2001055c    00000004     --HOLE-- [fill = 0]
                  20010560    00000010     sysbios.aem4 : BIOS.obj (.text:ti_sysbios_BIOS_setThreadType__E)
                  20010570    00000010                  : BIOS.obj (.text:ti_sysbios_BIOS_start__E)
                  20010580    00000010                  : m3_TaskSupport_asm.obj (.text:ti_sysbios_family_arm_m3_TaskSupport_glue)
                  20010590    00000010                  : BIOS.obj (.text:ti_sysbios_gates_GateMutex_Instance_finalize__E)
                  200105a0    00000010     release_pem4.oem4 (.text:ti_sysbios_knl_Mailbox_Object__get__S)
                  200105b0    00000010     sysbios.aem4 : BIOS.obj (.text:ti_sysbios_knl_Semaphore_Instance_finalize__E)
                  200105c0    00000010                  : BIOS.obj (.text:ti_sysbios_knl_Swi_disable__E)
                  200105d0    00000010     release_pem4.oem4 (.text:ti_sysbios_knl_Task_Object__get__S)
                  200105e0    00000010     sysbios.aem4 : BIOS.obj (.text:ti_sysbios_knl_Task_disable__E)
                  200105f0    00000010                  : BIOS.obj (.text:xdc_runtime_Memory_free__E)
                  20010600    00000010                  : BIOS.obj (.text:xdc_runtime_SysCallback_abort__E)
                  20010610    00000010                  : BIOS.obj (.text:xdc_runtime_SysCallback_exit__E)
                  20010620    0000000e     rtsv7M4_T_le_eabi.lib : copy_decompress_none.c.obj (.text:decompress:none:__TI_decompress_none)
                  2001062e    00000002     --HOLE-- [fill = 0]
                  20010630    0000000e     sysbios.aem4 : BIOS.obj (.text:pthread_attr_setdetachstate)
                  2001063e    00000002     --HOLE-- [fill = 0]
                  20010640    0000000e                  : BIOS.obj (.text:ti_sysbios_knl_Idle_loop__E)
                  2001064e    00000002     --HOLE-- [fill = 0]
                  20010650    0000000e                  : BIOS.obj (.text:ti_sysbios_knl_Queue_empty__E)
                  2001065e    0000000c     CC3220S_LAUNCHXL.obj (.text:CC3220S_LAUNCHXL_initGeneral)
                  2001066a    00000002     --HOLE-- [fill = 0]
                  2001066c    0000000c     drivers_cc32xx.aem4 : PowerCC32XX.oem4 (.text:Power_getConstraintMask)
                  20010678    0000000c     dpl_cc32xx.aem4 : SemaphoreP_tirtos.oem4 (.text:SemaphoreP_delete)
                  20010684    0000000c     rtsv7M4_T_le_eabi.lib : _lock.c.obj (.text:_register_lock)
                  20010690    0000000c                           : _lock.c.obj (.text:_register_unlock)
                  2001069c    0000000c                           : copy_zero_init.c.obj (.text:decompress:ZI:__TI_zero_init)
                  200106a8    0000000c     release_pem4.oem4 (.text:ti_sysbios_family_arm_m3_Hwi_Params__init__S)
                  200106b4    00000004     --HOLE-- [fill = 0]
                  200106b8    0000000c     sysbios.aem4 : BIOS.obj (.text:ti_sysbios_family_arm_m3_Hwi_disableFxn__E)
                  200106c4    00000004     --HOLE-- [fill = 0]
                  200106c8    0000000c                  : BIOS.obj (.text:ti_sysbios_family_arm_m3_TaskSupport_getStackAlignment__E)
                  200106d4    00000004     --HOLE-- [fill = 0]
                  200106d8    0000000c                  : BIOS.obj (.text:ti_sysbios_gates_GateHwi_enter__E)
                  200106e4    00000004     --HOLE-- [fill = 0]
                  200106e8    0000000c                  : BIOS.obj (.text:ti_sysbios_knl_Clock_getTicks__E)
                  200106f4    00000004     --HOLE-- [fill = 0]
                  200106f8    0000000c                  : BIOS.obj (.text:ti_sysbios_knl_Clock_setTicks__E)
                  20010704    00000004     --HOLE-- [fill = 0]
                  20010708    0000000c                  : BIOS.obj (.text:ti_sysbios_knl_Clock_tickStart__E)
                  20010714    00000004     --HOLE-- [fill = 0]
                  20010718    0000000c                  : BIOS.obj (.text:ti_sysbios_knl_Clock_tickStop__E)
                  20010724    0000000c     release_pem4.oem4 (.text:ti_sysbios_knl_Queue_Object__get__S)
                  20010730    0000000c     release_pem4.oem4 (.text:ti_sysbios_knl_Semaphore_Params__init__S)
                  2001073c    0000000c     release_pem4.oem4 (.text:ti_sysbios_knl_Task_Params__init__S)
                  20010748    0000000c     sysbios.aem4 : BIOS.obj (.text:ti_sysbios_knl_Task_self__E)
                  20010754    00000004     --HOLE-- [fill = 0]
                  20010758    0000000c                  : BIOS.obj (.text:ti_sysbios_rts_ti_ReentSupport_taskRegHook__I)
                  20010764    00000004     --HOLE-- [fill = 0]
                  20010768    0000000c                  : BIOS.obj (.text:xdc_runtime_Startup_rtsDone__E)
                  20010774    0000000a     release_pem4.oem4 (.text:xdc_runtime_IHeap_alloc)
                  2001077e    0000000a     release_pem4.oem4 (.text:xdc_runtime_IHeap_free)
                  20010788    00000008     CC3220S_LAUNCHXL.obj (.text:Board_init)
                  20010790    00000008     sysbios.aem4 : BIOS.obj (.text:pthread_attr_setstacksize)
                  20010798    00000008                  : BIOS.obj (.text:ti_sysbios_family_arm_m3_Hwi_doSwiRestore__I)
                  200107a0    00000008                  : BIOS.obj (.text:ti_sysbios_family_arm_m3_Hwi_startup__E)
                  200107a8    00000006                  : BIOS.obj (.text:ti_sysbios_family_arm_m3_Hwi_doTaskRestore__I)
                  200107ae    00000002     --HOLE-- [fill = 0]
                  200107b0    00000006                  : BIOS.obj (.text:ti_sysbios_family_arm_m3_Hwi_restoreFxn__E)
                  200107b6    00000002     --HOLE-- [fill = 0]
                  200107b8    00000006                  : BIOS.obj (.text:ti_sysbios_gates_GateHwi_leave__E)
                  200107be    00000002     --HOLE-- [fill = 0]
                  200107c0    00000006                  : BIOS.obj (.text:ti_sysbios_heaps_HeapMem_isBlocking__E)
                  200107c6    00000002     --HOLE-- [fill = 0]
                  200107c8    00000006                  : BIOS.obj (.text:ti_sysbios_knl_Queue_Instance_init__E)
                  200107ce    00000002     --HOLE-- [fill = 0]
                  200107d0    00000006                  : BIOS.obj (.text:ti_sysbios_knl_Swi_startup__E)
                  200107d6    00000002     --HOLE-- [fill = 0]
                  200107d8    00000006                  : BIOS.obj (.text:xdc_runtime_System_Module_startup__E)
                  200107de    00000002     --HOLE-- [fill = 0]
                  200107e0    00000004                  : BIOS.obj (.text:ti_sysbios_family_arm_m3_Timer_getMaxTicks__E)
                  200107e4    00000004     --HOLE-- [fill = 0]
                  200107e8    00000004                  : BIOS.obj (.text:ti_sysbios_gates_GateHwi_query__E)
                  200107ec    00000004     --HOLE-- [fill = 0]
                  200107f0    00000004                  : BIOS.obj (.text:ti_sysbios_gates_GateMutex_query__E)
                  200107f4    00000004     --HOLE-- [fill = 0]
                  200107f8    00000004                  : BIOS.obj (.text:ti_sysbios_knl_Task_startup__E)
                  200107fc    00000004     --HOLE-- [fill = 0]
                  20010800    00000002                  : BIOS.obj (.text:ti_sysbios_BIOS_linkedWithIncorrectBootLibrary__E)
                  20010802    00000006     --HOLE-- [fill = 0]
                  20010808    00000002                  : BIOS.obj (.text:ti_sysbios_gates_GateHwi_Instance_init__E)
                  2001080a    00000006     --HOLE-- [fill = 0]
                  20010810    00000002                  : BIOS.obj (.text:ti_sysbios_knl_Clock_logTick__E)
                  20010812    00000006     --HOLE-- [fill = 0]
                  20010818    00000002                  : BIOS.obj (.text:xdc_runtime_SysCallback_defaultAbort)
                  2001081a    00000006     --HOLE-- [fill = 0]
                  20010820    00000002                  : BIOS.obj (.text:xdc_runtime_SysCallback_defaultExit)
                  20010822    00000006     --HOLE-- [fill = 0]
                  20010828    00000002                  : BIOS.obj (.text:xdc_runtime_System_abortSpin__E)
                  2001082a    00000006     --HOLE-- [fill = 0]
                  20010830    00000002                  : BIOS.obj (.text:xdc_runtime_System_exitSpin__E)

.const     0    20010834    0000078f     
                  20010834    00000120     empty.obj (.const:$P$T0$1)
                  20010954    00000100     driverlib.a : pin.obj (.const:g_ulPinToPadMap)
                  20010a54    000000a8                 : prcm.obj (.const:PRCM_PeriphRegsList)
                  20010afc    00000058     release_pem4.oem4 (.const:.string)
                  20010b54    00000044     release_pem4.oem4 (.const:ti_sysbios_knl_Task_Object__PARAMS__C)
                  20010b98    00000040     CC3220S_LAUNCHXL.obj (.const:PowerCC32XX_config)
                  20010bd8    00000030     release_pem4.oem4 (.const:ti_sysbios_family_arm_m3_Hwi_Object__PARAMS__C)
                  20010c08    00000028     release_pem4.oem4 (.const:ti_sysbios_heaps_HeapMem_Module__FXNS__C)
                  20010c30    00000024     release_pem4.oem4 (.const:ti_sysbios_gates_GateHwi_Module__FXNS__C)
                  20010c54    00000024     release_pem4.oem4 (.const:ti_sysbios_gates_GateMutex_Module__FXNS__C)
                  20010c78    00000024     release_pem4.oem4 (.const:ti_sysbios_heaps_HeapMem_Object__PARAMS__C)
                  20010c9c    00000024     release_pem4.oem4 (.const:ti_sysbios_knl_Semaphore_Object__PARAMS__C)
                  20010cc0    00000021     drivers_cc32xx.aem4 : GPIOCC32XX.oem4 (.const:.string:pinTable)
                  20010ce1    00000001     release_pem4.oem4 (.const:ti_sysbios_knl_Clock_tickMode__C)
                  20010ce2    00000002     release_pem4.oem4 (.const:ti_sysbios_family_arm_m3_Hwi_Module__id__C)
                  20010ce4    00000020     release_pem4.oem4 (.const:ti_sysbios_family_arm_m3_Hwi_Object__DESC__C)
                  20010d04    00000020     release_pem4.oem4 (.const:ti_sysbios_gates_GateHwi_Object__DESC__C)
                  20010d24    00000020     release_pem4.oem4 (.const:ti_sysbios_gates_GateMutex_Object__DESC__C)
                  20010d44    00000020     release_pem4.oem4 (.const:ti_sysbios_heaps_HeapMem_Object__DESC__C)
                  20010d64    00000020     release_pem4.oem4 (.const:ti_sysbios_knl_Queue_Object__DESC__C)
                  20010d84    00000020     release_pem4.oem4 (.const:ti_sysbios_knl_Semaphore_Object__DESC__C)
                  20010da4    00000020     release_pem4.oem4 (.const:ti_sysbios_knl_Task_Object__DESC__C)
                  20010dc4    00000020     release_pem4.oem4 (.const:xdc_runtime_Startup_sfxnTab__A)
                  20010de4    00000018     release_pem4.oem4 (.const:ti_sysbios_gates_GateHwi_Object__PARAMS__C)
                  20010dfc    00000018     release_pem4.oem4 (.const:ti_sysbios_gates_GateMutex_Object__PARAMS__C)
                  20010e14    00000018     release_pem4.oem4 (.const:ti_sysbios_knl_Queue_Object__PARAMS__C)
                  20010e2c    00000018     release_pem4.oem4 (.const:ti_sysbios_knl_Task_hooks__A)
                  20010e44    00000014     CC3220S_LAUNCHXL.obj (.const:GPIOCC32XX_config)
                  20010e58    00000014     drivers_cc32xx.aem4 : GPIOCC32XX.oem4 (.const:gpioBaseAddresses)
                  20010e6c    00000014                         : GPIOCC32XX.oem4 (.const:powerResources)
                  20010e80    00000010     release_pem4.oem4 (.const:xdc_runtime_Startup_sfxnRts__A)
                  20010e90    0000000c     release_pem4.oem4 (.const:xdc_runtime_Startup_firstFxns__A)
                  20010e9c    00000008     drivers_cc32xx.aem4 : GPIOCC32XX.oem4 (.const:outPinTypes)
                  20010ea4    00000008     release_pem4.oem4 (.const:ti_sysbios_knl_Idle_funcList__A)
                  20010eac    00000008     release_pem4.oem4 (.const:ti_sysbios_knl_Idle_funcList__C)
                  20010eb4    00000008     release_pem4.oem4 (.const:ti_sysbios_knl_Task_hooks__C)
                  20010ebc    00000008     release_pem4.oem4 (.const:xdc_runtime_Startup_firstFxns__C)
                  20010ec4    00000008     release_pem4.oem4 (.const:xdc_runtime_Startup_lastFxns__C)
                  20010ecc    00000006     drivers_cc32xx.aem4 : GPIOCC32XX.oem4 (.const:.string:interruptType)
                  20010ed2    00000006                         : GPIOCC32XX.oem4 (.const:inPinTypes)
                  20010ed8    00000006                         : GPIOCC32XX.oem4 (.const:outPinStrengths)
                  20010ede    00000004                         : GPIOCC32XX.oem4 (.const:.string:portInterruptIds)
                  20010ee2    00000002     release_pem4.oem4 (.const:ti_sysbios_family_arm_m3_Timer_Module__id__C)
                  20010ee4    00000004     release_pem4.oem4 (.const:ti_sysbios_family_arm_m3_Hwi_E_alreadyDefined__C)
                  20010ee8    00000004     release_pem4.oem4 (.const:ti_sysbios_family_arm_m3_Hwi_NUM_INTERRUPTS__C)
                  20010eec    00000004     release_pem4.oem4 (.const:ti_sysbios_family_arm_m3_Hwi_Object__count__C)
                  20010ef0    00000004     release_pem4.oem4 (.const:ti_sysbios_family_arm_m3_Hwi_ccr__C)
                  20010ef4    00000004     release_pem4.oem4 (.const:ti_sysbios_family_arm_m3_Hwi_excHandlerFunc__C)
                  20010ef8    00000004     release_pem4.oem4 (.const:ti_sysbios_family_arm_m3_Hwi_nullIsrFunc__C)
                  20010efc    00000004     release_pem4.oem4 (.const:ti_sysbios_family_arm_m3_Hwi_priGroup__C)
                  20010f00    00000004     release_pem4.oem4 (.const:ti_sysbios_family_arm_m3_Hwi_swiDisable__C)
                  20010f04    00000004     release_pem4.oem4 (.const:ti_sysbios_family_arm_m3_Hwi_swiRestore__C)
                  20010f08    00000004     release_pem4.oem4 (.const:ti_sysbios_family_arm_m3_TaskSupport_stackAlignment__C)
                  20010f0c    00000004     release_pem4.oem4 (.const:ti_sysbios_family_arm_m3_Timer_E_cannotSupport__C)
                  20010f10    00000004     release_pem4.oem4 (.const:ti_sysbios_family_arm_m3_Timer_startupNeeded__C)
                  20010f14    00000004     release_pem4.oem4 (.const:ti_sysbios_gates_GateMutex_Instance_State_sem__O)
                  20010f18    00000004     release_pem4.oem4 (.const:ti_sysbios_heaps_HeapMem_E_memory__C)
                  20010f1c    00000004     release_pem4.oem4 (.const:ti_sysbios_heaps_HeapMem_Module__gateObj__C)
                  20010f20    00000004     release_pem4.oem4 (.const:ti_sysbios_heaps_HeapMem_Object__count__C)
                  20010f24    00000004     release_pem4.oem4 (.const:ti_sysbios_heaps_HeapMem_primaryHeapBaseAddr__C)
                  20010f28    00000004     release_pem4.oem4 (.const:ti_sysbios_heaps_HeapMem_primaryHeapEndAddr__C)
                  20010f2c    00000004     release_pem4.oem4 (.const:ti_sysbios_heaps_HeapMem_reqAlign__C)
                  20010f30    00000004     release_pem4.oem4 (.const:ti_sysbios_knl_Clock_Module_State_clockQ__O)
                  20010f34    00000004     release_pem4.oem4 (.const:ti_sysbios_knl_Clock_tickPeriod__C)
                  20010f38    00000004     release_pem4.oem4 (.const:ti_sysbios_knl_Mailbox_Instance_State_freeQue__O)
                  20010f3c    00000004     release_pem4.oem4 (.const:ti_sysbios_knl_Mailbox_Object__count__C)
                  20010f40    00000004     release_pem4.oem4 (.const:ti_sysbios_knl_Mailbox_maxTypeAlign__C)
                  20010f44    00000004     release_pem4.oem4 (.const:ti_sysbios_knl_Semaphore_Instance_State_pendQ__O)
                  20010f48    00000004     release_pem4.oem4 (.const:ti_sysbios_knl_Swi_Object__count__C)
                  20010f4c    00000004     release_pem4.oem4 (.const:ti_sysbios_knl_Task_Module_State_inactiveQ__O)
                  20010f50    00000004     release_pem4.oem4 (.const:ti_sysbios_knl_Task_Object__count__C)
                  20010f54    00000004     release_pem4.oem4 (.const:ti_sysbios_knl_Task_Object__heap__C)
                  20010f58    00000004     release_pem4.oem4 (.const:ti_sysbios_knl_Task_allBlockedFunc__C)
                  20010f5c    00000004     release_pem4.oem4 (.const:ti_sysbios_knl_Task_defaultStackHeap__C)
                  20010f60    00000004     release_pem4.oem4 (.const:ti_sysbios_knl_Task_defaultStackSize__C)
                  20010f64    00000004     release_pem4.oem4 (.const:ti_sysbios_knl_Task_numConstructedTasks__C)
                  20010f68    00000004     release_pem4.oem4 (.const:xdc_runtime_Error_E_memory__C)
                  20010f6c    00000004     release_pem4.oem4 (.const:xdc_runtime_Error_policyFxn__C)
                  20010f70    00000004     release_pem4.oem4 (.const:xdc_runtime_IGateProvider_Interface__BASE__C)
                  20010f74    00000004     release_pem4.oem4 (.const:xdc_runtime_IHeap_Interface__BASE__C)
                  20010f78    00000004     release_pem4.oem4 (.const:xdc_runtime_IModule_Interface__BASE__C)
                  20010f7c    00000004     release_pem4.oem4 (.const:xdc_runtime_Memory_defaultHeapInstance__C)
                  20010f80    00000004     release_pem4.oem4 (.const:xdc_runtime_Startup_execImpl__C)
                  20010f84    00000004     release_pem4.oem4 (.const:xdc_runtime_Startup_maxPasses__C)
                  20010f88    00000004     release_pem4.oem4 (.const:xdc_runtime_Startup_sfxnRts__C)
                  20010f8c    00000004     release_pem4.oem4 (.const:xdc_runtime_Startup_sfxnTab__C)
                  20010f90    00000004     release_pem4.oem4 (.const:xdc_runtime_SysCallback_abortFxn__C)
                  20010f94    00000004     release_pem4.oem4 (.const:xdc_runtime_SysCallback_exitFxn__C)
                  20010f98    00000004     release_pem4.oem4 (.const:xdc_runtime_System_Module__gateObj__C)
                  20010f9c    00000004     release_pem4.oem4 (.const:xdc_runtime_System_abortFxn__C)
                  20010fa0    00000004     release_pem4.oem4 (.const:xdc_runtime_System_exitFxn__C)
                  20010fa4    00000004     release_pem4.oem4 (.const:xdc_runtime_System_maxAtexitHandlers__C)
                  20010fa8    00000004     release_pem4.oem4 (.const:xdc_runtime_Text_charTab__C)
                  20010fac    00000004     release_pem4.oem4 (.const:xdc_runtime_Text_nameEmpty__C)
                  20010fb0    00000004     release_pem4.oem4 (.const:xdc_runtime_Text_nameStatic__C)
                  20010fb4    00000004     release_pem4.oem4 (.const:xdc_runtime_Text_nameUnknown__C)
                  20010fb8    00000002     release_pem4.oem4 (.const:ti_sysbios_heaps_HeapMem_Module__id__C)
                  20010fba    00000002     release_pem4.oem4 (.const:xdc_runtime_Memory_Module__id__C)
                  20010fbc    00000002     release_pem4.oem4 (.const:xdc_runtime_Text_charCnt__C)
                  20010fbe    00000002     release_pem4.oem4 (.const:xdc_runtime_Text_isLoaded__C)
                  20010fc0    00000001     release_pem4.oem4 (.const:ti_sysbios_knl_Clock_tickSource__C)
                  20010fc1    00000001     release_pem4.oem4 (.const:xdc_runtime_Error_policy__C)
                  20010fc2    00000001     release_pem4.oem4 (.const:xdc_runtime_Text_charTab__A)

.bss       0    200116e0    00000674     UNINITIALIZED
                  200116e0    0000030c     (.common:ti_sysbios_family_arm_m3_Hwi_dispatchTable)
                  200119ec    00000004     drivers_cc32xx.aem4 : GPIOCC32XX.oem4 (.bss)
                  200119f0    00000200     release_pem4.oem4 (.bss:taskStackSection)
                  20011bf0    0000012c     (.common:PowerCC32XX_contextSave)
                  20011d1c    00000020     drivers_cc32xx.aem4 : GPIOCC32XX.oem4 (.bss:gpioCallbackInfo)
                  20011d3c    00000014                         : GPIOCC32XX.oem4 (.bss:powerNotifyObj)
                  20011d50    00000004     (.common:ti_sysbios_knl_Task_Instance_State_0_hookEnv__A)

.data      0    20010fc4    0000071c     UNINITIALIZED
                  20010fc4    0000016c     drivers_cc32xx.aem4 : PowerCC32XX.oem4 (.data:PowerCC32XX_module)
                  20011130    000000f8     CC3220S_LAUNCHXL.obj (.data:parkInfo)
                  20011228    00000088     sysbios.aem4 : BIOS.obj (.data:$O1$$)
                  200112b0    00000080     release_pem4.oem4 (.data:ti_sysbios_knl_Swi_Module_State_0_readyQ__A)
                  20011330    00000080     release_pem4.oem4 (.data:ti_sysbios_knl_Task_Module_State_0_readyQ__A)
                  200113b0    0000005c     release_pem4.oem4 (.data:ti_sysbios_knl_Task_Object__table__V)
                  2001140c    00000054     release_pem4.oem4 (.data:ti_sysbios_gates_GateMutex_Object__table__V)
                  20011460    0000004c     CC3220S_LAUNCHXL.obj (.data:gpioPinConfigs)
                  200114ac    00000048     release_pem4.oem4 (.data:ti_sysbios_knl_Task_Module__state__V)
                  200114f4    00000034     release_pem4.oem4 (.data:ti_sysbios_family_arm_m3_Hwi_Module__state__V)
                  20011528    00000030     release_pem4.oem4 (.data:ti_sysbios_family_arm_m3_Timer_Object__table__V)
                  20011558    00000030     release_pem4.oem4 (.data:ti_sysbios_knl_Swi_Object__table__V)
                  20011588    0000002c     release_pem4.oem4 (.data:ti_sysbios_knl_Clock_Module__state__V)
                  200115b4    00000024     release_pem4.oem4 (.data:ti_sysbios_BIOS_Module__state__V)
                  200115d8    00000020     release_pem4.oem4 (.data:xdc_runtime_Error_IgnoreBlock)
                  200115f8    0000001c     release_pem4.oem4 (.data:ti_sysbios_knl_Swi_Module__state__V)
                  20011614    00000018     release_pem4.oem4 (.data:ti_sysbios_family_arm_m3_Hwi_Object__table__V)
                  2001162c    00000018     release_pem4.oem4 (.data:ti_sysbios_heaps_HeapMem_Object__table__V)
                  20011644    00000010     CC3220S_LAUNCHXL.obj (.data:gpioCallbackFunctions)
                  20011654    0000000c     release_pem4.oem4 (.data:ti_sysbios_family_arm_m3_Timer_Module__state__V)
                  20011660    00000009     drivers_cc32xx.aem4 : GPIOCC32XX.oem4 (.data)
                  20011669    00000001     --HOLE--
                  2001166a    00000002     release_pem4.oem4 (.data:ti_sysbios_family_arm_m3_Hwi_Module_State_0_excActive__A)
                  2001166c    00000008     rtsv7M4_T_le_eabi.lib : _lock.c.obj (.data:$O1$$)
                  20011674    00000008     release_pem4.oem4 (.data:ti_sysbios_family_arm_m3_Hwi_Module__root__V)
                  2001167c    00000008     release_pem4.oem4 (.data:ti_sysbios_gates_GateHwi_Module__root__V)
                  20011684    00000008     release_pem4.oem4 (.data:ti_sysbios_gates_GateMutex_Module__root__V)
                  2001168c    00000008     release_pem4.oem4 (.data:ti_sysbios_heaps_HeapMem_Module__root__V)
                  20011694    00000008     release_pem4.oem4 (.data:ti_sysbios_knl_Queue_Module__root__V)
                  2001169c    00000008     release_pem4.oem4 (.data:ti_sysbios_knl_Semaphore_Module__root__V)
                  200116a4    00000008     release_pem4.oem4 (.data:ti_sysbios_knl_Task_Module__root__V)
                  200116ac    00000008     release_pem4.oem4 (.data:xdc_runtime_Startup_Module__state__V)
                  200116b4    00000008     release_pem4.oem4 (.data:xdc_runtime_System_Module_State_0_atexitHandlers__A)
                  200116bc    00000008     release_pem4.oem4 (.data:xdc_runtime_System_Module__state__V)
                  200116c4    00000004     rtsv7M4_T_le_eabi.lib : stkdepth_vars.c.obj (.data)
                  200116c8    00000004     release_pem4.oem4 (.data:ti_sysbios_family_arm_m3_Hwi_Module_State_0_excContext__A)
                  200116cc    00000004     release_pem4.oem4 (.data:ti_sysbios_family_arm_m3_Hwi_Module_State_0_excStack__A)
                  200116d0    00000004     release_pem4.oem4 (.data:ti_sysbios_gates_GateHwi_Object__table__V)
                  200116d4    00000004     release_pem4.oem4 (.data:ti_sysbios_knl_Task_Module_State_0_idleTask__A)
                  200116d8    00000004     release_pem4.oem4 (.data:ti_sysbios_rts_ti_ReentSupport_Module__state__V)
                  200116dc    00000004     release_pem4.oem4 (.data:xdc_runtime_Memory_Module__state__V)

.cinit     0    20011d58    00000288     
                  20011d58    00000262     (.cinit..data.load) [load image, compression = lzss]
                  20011fba    00000002     --HOLE-- [fill = 0]
                  20011fbc    0000000c     (__TI_handler_table)
                  20011fc8    00000008     (.cinit..bss.load) [load image, compression = zero_init]
                  20011fd0    00000010     (__TI_cinit_table)

.init_array 
*          0    20004000    00000000     UNINITIALIZED

.priheap   0    20004040    00008000     UNINITIALIZED
                  20004040    00008000     --HOLE--

.bootVecs 
*          0    00000000    00000008     DSECT
                  00000000    00000008     boot.aem4 : boot.oem4 (.bootVecs)

.resetVecs 
*          0    20004000    0000003c     
                  20004000    0000003c     release_pem4.oem4 (.resetVecs)

xdc.meta   0    00000000    00000109     COPY SECTION
                  00000000    00000109     release_pem4.oem4 (xdc.meta)

xdc.noload 
*          0    00000000    00000000     COPY SECTION

MODULE SUMMARY

       Module                       code    ro data   rw data
       ------                       ----    -------   -------
    .\
       empty.obj                    1004    288       0      
       CC3220S_LAUNCHXL.obj         20      84        340    
       main_tirtos.obj              100     0         0      
    +--+----------------------------+-------+---------+---------+
       Total:                       1124    372       340    
                                                             
    C:\Users\csant\EmbeddedWrkspace\tirtos_builds_CC3220S_LAUNCHXL_release_ccs\Debug\configPkg\package\cfg\
       release_pem4.oem4            1348    1096      3034   
    +--+----------------------------+-------+---------+---------+
       Total:                       1348    1096      3034   
                                                             
    C:/ti/simplelink_cc32xx_sdk_3_20_00_06/kernel/tirtos/packages/ti/dpl/lib/dpl_cc32xx.aem4
       PowerCC32XX_tirtos.oem4      430     0         0      
       HwiP_tirtos.oem4             84      0         0      
       SemaphoreP_tirtos.oem4       78      0         0      
    +--+----------------------------+-------+---------+---------+
       Total:                       592     0         0      
                                                             
    C:/ti/simplelink_cc32xx_sdk_3_20_00_06/source/ti/devices/cc32xx/driverlib/ccs/Release/driverlib.a
       prcm.obj                     1604    168       0      
       pin.obj                      280     256       0      
       flash.obj                    72      0         0      
       utils.obj                    6       0         0      
    +--+----------------------------+-------+---------+---------+
       Total:                       1962    424       0      
                                                             
    C:/ti/simplelink_cc32xx_sdk_3_20_00_06/source/ti/drivers/lib/drivers_cc32xx.aem4
       PowerCC32XX.oem4             2020    0         664    
       GPIOCC32XX.oem4              1252    103       65     
       PowerCC32XX_asm.oem4         150     0         0      
       List.oem4                    38      0         0      
    +--+----------------------------+-------+---------+---------+
       Total:                       3460    103       729    
                                                             
    C:\Users\csant\EmbeddedWrkspace\tirtos_builds_CC3220S_LAUNCHXL_release_ccs\src\sysbios\sysbios.aem4
       BIOS.obj                     8274    0         136    
       m3_Hwi_asm.obj               274     0         0      
       m3_Hwi_asm_switch.obj        102     0         0      
       m3_TaskSupport_asm.obj       36      0         0      
    +--+----------------------------+-------+---------+---------+
       Total:                       8686    0         136    
                                                             
    C:\ti\ccs910\ccs\tools\compiler\ti-cgt-arm_18.12.3.LTS\lib\rtsv7M4_T_le_eabi.lib
       memcpy_t2.asm.obj            156     0         0      
       ull_div_t2.asm.obj           150     0         0      
       memset_t2.asm.obj            122     0         0      
       copy_decompress_lzss.c.obj   104     0         0      
       cpy_tbl.c.obj                76      0         0      
       _lock.c.obj                  26      0         8      
       args_main.c.obj              24      0         0      
       ll_mul_t2.asm.obj            24      0         0      
       copy_decompress_none.c.obj   14      0         0      
       copy_zero_init.c.obj         12      0         0      
       stkdepth_vars.c.obj          0       0         4      
       div0.asm.obj                 2       0         0      
    +--+----------------------------+-------+---------+---------+
       Total:                       710     0         12     
                                                             
    C:\ti\simplelink_cc32xx_sdk_3_20_00_06\kernel\tirtos\packages\ti\targets\arm\rtsarm\lib\auto_init.aem4
       auto_init.oem4               160     0         0      
    +--+----------------------------+-------+---------+---------+
       Total:                       160     0         0      
                                                             
    C:\ti\simplelink_cc32xx_sdk_3_20_00_06\kernel\tirtos\packages\ti\targets\arm\rtsarm\lib\boot.aem4
       boot.oem4                    68      0         0      
    +--+----------------------------+-------+---------+---------+
       Total:                       68      0         0      
                                                             
       Stack:                       0       0         1024   
       Linker Generated:            0       646       0      
    +--+----------------------------+-------+---------+---------+
       Grand Total:                 18110   2641      5275   


LINKER GENERATED COPY TABLES

__TI_cinit_table @ 20011fd0 records: 2, size/record: 8, table size: 16
	.data: load addr=20011d58, load size=00000262 bytes, run addr=20010fc4, run size=0000071c bytes, compression=lzss
	.bss: load addr=20011fc8, load size=00000008 bytes, run addr=200116e0, run size=00000674 bytes, compression=zero_init


LINKER GENERATED HANDLER TABLE

__TI_handler_table @ 20011fbc records: 3, size/record: 4, table size: 12
	index: 0, handler: __TI_zero_init
	index: 1, handler: __TI_decompress_lzss
	index: 2, handler: __TI_decompress_none


GLOBAL SYMBOLS: SORTED ALPHABETICALLY BY Name 

address   name                                                            
-------   ----                                                            
20010789  Board_init                                                      
2001065f  CC3220S_LAUNCHXL_initGeneral                                    
200106e9  ClockP_getSystemTicks                                           
2000c645  ComplementaryTask                                               
2000f10d  FlashDisable                                                    
20010e44  GPIOCC32XX_config                                               
2000eea1  GPIO_enableInt                                                  
2000e465  GPIO_hwiIntFxn                                                  
2000d349  GPIO_init                                                       
2000f881  GPIO_read                                                       
2000e9c9  GPIO_setCallback                                                
2000c46d  GPIO_setConfig                                                  
2000eba5  GPIO_write                                                      
00008000  HEAPSIZE                                                        
2001053d  HwiP_Params_init                                                
2000f585  HwiP_create                                                     
2000ca2d  HwiP_disable                                                    
200107b1  HwiP_restore                                                    
2000e5c9  LCD_init                                                        
2000fe89  List_put                                                        
2000c041  PRCMCC3200MCUInit                                               
20010401  PRCMHIBRegRead                                                  
20010417  PRCMHIBRegWrite                                                 
2000f155  PRCMLPDSEnter                                                   
2000f8b9  PRCMLPDSEnterKeepDebugIf                                        
2000f399  PRCMLPDSRestoreInfoSet                                          
2000fd6d  PRCMPeripheralClkDisable                                        
2000f19d  PRCMPeripheralClkEnable                                         
2000ebfd  PRCMPeripheralReset                                             
2000e8a5  PRCMSysResetCauseGet                                            
2000ec55  PinConfig                                                       
2000dead  PinConfigSet                                                    
2000f961  PinModeGet                                                      
2000f5c5  PinModeSet                                                      
20010181  PinToPadGet                                                     
20010b98  PowerCC32XX_config                                              
2000d655  PowerCC32XX_configureWakeup                                     
20011bf0  PowerCC32XX_contextSave                                         
2000f3dd  PowerCC32XX_enterLPDS                                           
2000fd95  PowerCC32XX_initPolicy                                          
20010fc4  PowerCC32XX_module                                              
2000eeed  PowerCC32XX_parkPin                                             
2000faa3  PowerCC32XX_restoreParkedPin                                    
2000edad  PowerCC32XX_resumeLPDS                                          
2000e779  PowerCC32XX_setParkState                                        
2000c799  PowerCC32XX_sleepPolicy                                         
2001066d  Power_getConstraintMask                                         
20010445  Power_getDependencyCount                                        
200102b1  Power_idleFunc                                                  
2000e0d1  Power_init                                                      
2000fdbd  Power_registerNotify                                            
2000f649  Power_setConstraint                                             
2000e2e5  Power_setDependency                                             
2000cb61  Power_sleep                                                     
UNDEFED   SHT$$INIT_ARRAY$$Base                                           
UNDEFED   SHT$$INIT_ARRAY$$Limit                                          
2000fcb9  SemaphoreP_createBinary                                         
20010679  SemaphoreP_delete                                               
200104e9  SemaphoreP_pend                                                 
2000cc7d  SemaphoreP_post                                                 
2000fefb  UtilsDelay                                                      
00000000  __ASM__                                                         
00000082  __ISA__                                                         
00000095  __PLAT__                                                        
20004000  __STACK_END                                                     
00000400  __STACK_SIZE                                                    
000000bc  __TARG__                                                        
20011fd0  __TI_CINIT_Base                                                 
20011fe0  __TI_CINIT_Limit                                                
20011fbc  __TI_Handler_Table_Base                                         
20011fc8  __TI_Handler_Table_Limit                                        
2000d7a5  __TI_auto_init                                                  
2000e6a5  __TI_decompress_lzss                                            
20010621  __TI_decompress_none                                            
ffffffff  __TI_pprof_out_hndl                                             
ffffffff  __TI_prof_data_size                                             
ffffffff  __TI_prof_data_start                                            
20011d58  __TI_static_base__                                              
2001069d  __TI_zero_init                                                  
000000e1  __TRDR__                                                        
2000e0cf  __aeabi_idiv0                                                   
2000e0cf  __aeabi_ldiv0                                                   
200102e1  __aeabi_lmul                                                    
2000e3e9  __aeabi_memclr                                                  
2000e3e9  __aeabi_memclr4                                                 
2000e3e9  __aeabi_memclr8                                                 
2000d8e5  __aeabi_memcpy                                                  
2000d8e5  __aeabi_memcpy4                                                 
2000d8e5  __aeabi_memcpy8                                                 
2000e3eb  __aeabi_memset                                                  
2000e3eb  __aeabi_memset4                                                 
2000e3eb  __aeabi_memset8                                                 
2000dab1  __aeabi_uldivmod                                                
ffffffff  __binit__                                                       
ffffffff  __c_args__                                                      
2000c040  __primary_heap_end__                                            
20004040  __primary_heap_start__                                          
20003c00  __stack                                                         
200102c9  _args_main                                                      
2000f421  _c_int00                                                        
2001166c  _lock                                                           
2000db47  _nop                                                            
2000fce9  _pthread_cleanupFxn                                             
2000d849  _pthread_removeThreadKeys                                       
20010685  _register_lock                                                  
20010691  _register_unlock                                                
20011670  _unlock                                                         
ffffffff  binit                                                           
2000feaf  buttonDownCallbackFxn                                           
2000fde5  buttonUpCallbackFxn                                             
2000ef39  copy_in                                                         
2000fed5  enable                                                          
20011644  gpioCallbackFunctions                                           
20011460  gpioPinConfigs                                                  
20010ed2  inPinTypes                                                      
2000e7dd  main                                                            
2001054d  mainThread                                                      
200116c4  main_func_sp                                                    
2000d8e5  memcpy                                                          
2000e3f1  memset                                                          
20010ed8  outPinStrengths                                                 
20010e9c  outPinTypes                                                     
20011130  parkInfo                                                        
2000ff01  pthread_attr_init                                               
20010631  pthread_attr_setdetachstate                                     
20010459  pthread_attr_setschedparam                                      
20010791  pthread_attr_setstacksize                                       
2000d0b9  pthread_create                                                  
2000e711  pthread_exit                                                    
2000dc6d  send_command                                                    
2000f689  sleep                                                           
200115b4  ti_sysbios_BIOS_Module__state__V                                
20010359  ti_sysbios_BIOS_RtsGateProxy_Handle__label__S                   
2000cd9d  ti_sysbios_BIOS_RtsGateProxy_enter__E                           
2000cfb5  ti_sysbios_BIOS_RtsGateProxy_leave__E                           
200107f1  ti_sysbios_BIOS_RtsGateProxy_query__E                           
2000fad5  ti_sysbios_BIOS_atExitFunc__I                                   
2001042d  ti_sysbios_BIOS_exitFunc__I                                     
20010801  ti_sysbios_BIOS_linkedWithIncorrectBootLibrary__E               
2000e463  ti_sysbios_BIOS_nullFunc__I                                     
2000ff25  ti_sysbios_BIOS_registerRTSLock__I                              
2000ff49  ti_sysbios_BIOS_removeRTSLock__I                                
2001009d  ti_sysbios_BIOS_rtsLock__I                                      
200102f9  ti_sysbios_BIOS_rtsUnlock__I                                    
20010561  ti_sysbios_BIOS_setThreadType__E                                
2000fb05  ti_sysbios_BIOS_startFunc__I                                    
20010571  ti_sysbios_BIOS_start__E                                        
20010ee4  ti_sysbios_family_arm_m3_Hwi_E_alreadyDefined__C                
2000f6c9  ti_sysbios_family_arm_m3_Hwi_Instance_finalize__E               
2000da19  ti_sysbios_family_arm_m3_Hwi_Instance_init__E                   
2001166a  ti_sysbios_family_arm_m3_Hwi_Module_State_0_excActive__A        
200116c8  ti_sysbios_family_arm_m3_Hwi_Module_State_0_excContext__A       
200116cc  ti_sysbios_family_arm_m3_Hwi_Module_State_0_excStack__A         
20010ce2  ti_sysbios_family_arm_m3_Hwi_Module__id__C                      
20011674  ti_sysbios_family_arm_m3_Hwi_Module__root__V                    
20010311  ti_sysbios_family_arm_m3_Hwi_Module__startupDone__F             
20010311  ti_sysbios_family_arm_m3_Hwi_Module__startupDone__S             
200114f4  ti_sysbios_family_arm_m3_Hwi_Module__state__V                   
2000ee01  ti_sysbios_family_arm_m3_Hwi_Module_startup__E                  
20010ee8  ti_sysbios_family_arm_m3_Hwi_NUM_INTERRUPTS__C                  
20010ce4  ti_sysbios_family_arm_m3_Hwi_Object__DESC__C                    
20010bd8  ti_sysbios_family_arm_m3_Hwi_Object__PARAMS__C                  
20010eec  ti_sysbios_family_arm_m3_Hwi_Object__count__C                   
2001046d  ti_sysbios_family_arm_m3_Hwi_Object__get__S                     
20011614  ti_sysbios_family_arm_m3_Hwi_Object__table__V                   
200106a9  ti_sysbios_family_arm_m3_Hwi_Params__init__S                    
20010ef0  ti_sysbios_family_arm_m3_Hwi_ccr__C                             
2000eca9  ti_sysbios_family_arm_m3_Hwi_create                             
200106b9  ti_sysbios_family_arm_m3_Hwi_disableFxn__E                      
2000f1e9  ti_sysbios_family_arm_m3_Hwi_disableInterrupt__E                
2000e841  ti_sysbios_family_arm_m3_Hwi_dispatchC__I                       
200116e0  ti_sysbios_family_arm_m3_Hwi_dispatchTable                      
2000d1a9  ti_sysbios_family_arm_m3_Hwi_dispatch__I                        
20010799  ti_sysbios_family_arm_m3_Hwi_doSwiRestore__I                    
200107a9  ti_sysbios_family_arm_m3_Hwi_doTaskRestore__I                   
2000f231  ti_sysbios_family_arm_m3_Hwi_enableInterrupt__E                 
2000fe0d  ti_sysbios_family_arm_m3_Hwi_excHandlerAsm__I                   
20010ef4  ti_sysbios_family_arm_m3_Hwi_excHandlerFunc__C                  
200101a1  ti_sysbios_family_arm_m3_Hwi_excHandler__I                      
2000f469  ti_sysbios_family_arm_m3_Hwi_getStackInfo__E                    
2000df39  ti_sysbios_family_arm_m3_Hwi_initNVIC__E                        
2000f279  ti_sysbios_family_arm_m3_Hwi_initStacks__E                      
2000d25d  ti_sysbios_family_arm_m3_Hwi_interruptsAreDisabledButShouldNotBe
20010ef8  ti_sysbios_family_arm_m3_Hwi_nullIsrFunc__C                     
e000e000  ti_sysbios_family_arm_m3_Hwi_nvic                               
20010295  ti_sysbios_family_arm_m3_Hwi_pendSV__I                          
2000e1d9  ti_sysbios_family_arm_m3_Hwi_postInit__I                        
20010efc  ti_sysbios_family_arm_m3_Hwi_priGroup__C                        
20000000  ti_sysbios_family_arm_m3_Hwi_ramVectors                         
20004000  ti_sysbios_family_arm_m3_Hwi_resetVectors                       
200107b1  ti_sysbios_family_arm_m3_Hwi_restoreFxn__E                      
200102ad  ti_sysbios_family_arm_m3_Hwi_return                             
200107a1  ti_sysbios_family_arm_m3_Hwi_startup__E                         
20010f00  ti_sysbios_family_arm_m3_Hwi_swiDisable__C                      
20010f04  ti_sysbios_family_arm_m3_Hwi_swiRestore__C                      
20010481  ti_sysbios_family_arm_m3_Hwi_switchFromBootStack__E             
2000d0b5  ti_sysbios_family_arm_m3_TaskSupport_Module__startupDone__S     
200106c9  ti_sysbios_family_arm_m3_TaskSupport_getStackAlignment__E       
20010581  ti_sysbios_family_arm_m3_TaskSupport_glue                       
20010f08  ti_sysbios_family_arm_m3_TaskSupport_stackAlignment__C          
2000dfc1  ti_sysbios_family_arm_m3_TaskSupport_start__E                   
20010495  ti_sysbios_family_arm_m3_TaskSupport_swap__E                    
20010f0c  ti_sysbios_family_arm_m3_Timer_E_cannotSupport__C               
20010ee2  ti_sysbios_family_arm_m3_Timer_Module__id__C                    
20010329  ti_sysbios_family_arm_m3_Timer_Module__startupDone__F           
20010329  ti_sysbios_family_arm_m3_Timer_Module__startupDone__S           
20011654  ti_sysbios_family_arm_m3_Timer_Module__state__V                 
200101c1  ti_sysbios_family_arm_m3_Timer_Module_startup__E                
20011528  ti_sysbios_family_arm_m3_Timer_Object__table__V                 
200107e1  ti_sysbios_family_arm_m3_Timer_getMaxTicks__E                   
2000f2c1  ti_sysbios_family_arm_m3_Timer_initDevice__I                    
2000f9d1  ti_sysbios_family_arm_m3_Timer_periodicStub__I                  
2000ff71  ti_sysbios_family_arm_m3_Timer_postInit__I                      
2000f709  ti_sysbios_family_arm_m3_Timer_setPeriodMicroSecs__E            
2000ed01  ti_sysbios_family_arm_m3_Timer_setPeriod__E                     
2000ea29  ti_sysbios_family_arm_m3_Timer_start__E                         
20010f10  ti_sysbios_family_arm_m3_Timer_startupNeeded__C                 
2000ff99  ti_sysbios_family_arm_m3_Timer_startup__E                       
200101e1  ti_sysbios_family_arm_m3_Timer_stop__E                          
20010161  ti_sysbios_family_xxx_Hwi_switchAndRunFunc                      
20010341  ti_sysbios_gates_GateHwi_Handle__label__S                       
20010809  ti_sysbios_gates_GateHwi_Instance_init__E                       
20010c30  ti_sysbios_gates_GateHwi_Module__FXNS__C                        
2001167c  ti_sysbios_gates_GateHwi_Module__root__V                        
20010d04  ti_sysbios_gates_GateHwi_Object__DESC__C                        
20010de4  ti_sysbios_gates_GateHwi_Object__PARAMS__C                      
2000fb35  ti_sysbios_gates_GateHwi_Object__create__S                      
200100bd  ti_sysbios_gates_GateHwi_Object__delete__S                      
200116d0  ti_sysbios_gates_GateHwi_Object__table__V                       
200106d9  ti_sysbios_gates_GateHwi_enter__E                               
200107b9  ti_sysbios_gates_GateHwi_leave__E                               
200107e9  ti_sysbios_gates_GateHwi_query__E                               
20010359  ti_sysbios_gates_GateMutex_Handle__label__S                     
20010f14  ti_sysbios_gates_GateMutex_Instance_State_sem__O                
20010591  ti_sysbios_gates_GateMutex_Instance_finalize__E                 
20010201  ti_sysbios_gates_GateMutex_Instance_init__E                     
20010c54  ti_sysbios_gates_GateMutex_Module__FXNS__C                      
20011684  ti_sysbios_gates_GateMutex_Module__root__V                      
20010d24  ti_sysbios_gates_GateMutex_Object__DESC__C                      
20010dfc  ti_sysbios_gates_GateMutex_Object__PARAMS__C                    
2000fb65  ti_sysbios_gates_GateMutex_Object__create__S                    
2000ffbd  ti_sysbios_gates_GateMutex_Object__delete__S                    
2001140c  ti_sysbios_gates_GateMutex_Object__table__V                     
2000fb99  ti_sysbios_gates_GateMutex_enter__E                             
20010371  ti_sysbios_gates_GateMutex_leave__E                             
200107f1  ti_sysbios_gates_GateMutex_query__E                             
20010311  ti_sysbios_hal_Hwi_HwiProxy_Module__startupDone__S              
200106a9  ti_sysbios_hal_Hwi_HwiProxy_Params__init__S                     
2000f1e9  ti_sysbios_hal_Hwi_HwiProxy_disableInterrupt__E                 
200106b9  ti_sysbios_hal_Hwi_HwiProxy_disable__E                          
2000f231  ti_sysbios_hal_Hwi_HwiProxy_enableInterrupt__E                  
2000f469  ti_sysbios_hal_Hwi_HwiProxy_getStackInfo__E                     
200107b1  ti_sysbios_hal_Hwi_HwiProxy_restore__E                          
200107a1  ti_sysbios_hal_Hwi_HwiProxy_startup__E                          
20010481  ti_sysbios_hal_Hwi_HwiProxy_switchFromBootStack__E              
20010519  ti_sysbios_hal_Hwi_Module_startup__E                            
2000f1e9  ti_sysbios_hal_Hwi_disableInterrupt__E                          
2000f231  ti_sysbios_hal_Hwi_enableInterrupt__E                           
2000f469  ti_sysbios_hal_Hwi_getStackInfo__E                              
2000fa71  ti_sysbios_hal_Hwi_initStack                                    
200107a1  ti_sysbios_hal_Hwi_startup__E                                   
20010481  ti_sysbios_hal_Hwi_switchFromBootStack__E                       
20010f18  ti_sysbios_heaps_HeapMem_E_memory__C                            
20010389  ti_sysbios_heaps_HeapMem_Handle__label__S                       
2000f609  ti_sysbios_heaps_HeapMem_Instance_init__E                       
20010359  ti_sysbios_heaps_HeapMem_Module_GateProxy_Handle__label__S      
[...]
200102e1  __aeabi_lmul                                                    
200102f9  ti_sysbios_BIOS_rtsUnlock__I                                    
20010311  ti_sysbios_family_arm_m3_Hwi_Module__startupDone__F             
20010311  ti_sysbios_family_arm_m3_Hwi_Module__startupDone__S             
20010311  ti_sysbios_hal_Hwi_HwiProxy_Module__startupDone__S              
20010329  ti_sysbios_family_arm_m3_Timer_Module__startupDone__F           
20010329  ti_sysbios_family_arm_m3_Timer_Module__startupDone__S           
20010329  ti_sysbios_knl_Clock_TimerProxy_Module__startupDone__S          
20010341  ti_sysbios_gates_GateHwi_Handle__label__S                       
20010341  xdc_runtime_Main_Module_GateProxy_Handle__label__S              
20010341  xdc_runtime_System_Module_GateProxy_Handle__label__S            
20010359  ti_sysbios_BIOS_RtsGateProxy_Handle__label__S                   
20010359  ti_sysbios_gates_GateMutex_Handle__label__S                     
20010359  ti_sysbios_heaps_HeapMem_Module_GateProxy_Handle__label__S      
20010371  ti_sysbios_gates_GateMutex_leave__E                             
20010389  ti_sysbios_heaps_HeapMem_Handle__label__S                       
20010389  xdc_runtime_Memory_HeapProxy_Handle__label__S                   
200103a1  ti_sysbios_knl_Task_sleepTimeout__I                             
200103b9  ti_sysbios_rts_ti_ReentSupport_getTlsAddr__I                    
200103d1  xdc_runtime_Error_init__E                                       
200103e9  xdc_runtime_System_exit__E                                      
20010401  PRCMHIBRegRead                                                  
20010417  PRCMHIBRegWrite                                                 
2001042d  ti_sysbios_BIOS_exitFunc__I                                     
20010445  Power_getDependencyCount                                        
20010459  pthread_attr_setschedparam                                      
2001046d  ti_sysbios_family_arm_m3_Hwi_Object__get__S                     
20010481  ti_sysbios_family_arm_m3_Hwi_switchFromBootStack__E             
20010481  ti_sysbios_hal_Hwi_HwiProxy_switchFromBootStack__E              
20010481  ti_sysbios_hal_Hwi_switchFromBootStack__E                       
20010495  ti_sysbios_family_arm_m3_TaskSupport_swap__E                    
20010495  ti_sysbios_knl_Task_SupportProxy_swap__E                        
200104a1  ti_sysbios_knl_Task_swapReturn                                  
200104a9  ti_sysbios_heaps_HeapMem_Object__get__S                         
200104c1  ti_sysbios_knl_Clock_tickReconfig__E                            
200104d5  ti_sysbios_knl_Swi_Object__get__S                               
200104e9  SemaphoreP_pend                                                 
20010519  ti_sysbios_hal_Hwi_Module_startup__E                            
2001052b  xdc_runtime_Startup_exec__I                                     
2001053d  HwiP_Params_init                                                
2001054d  mainThread                                                      
20010561  ti_sysbios_BIOS_setThreadType__E                                
20010571  ti_sysbios_BIOS_start__E                                        
20010581  ti_sysbios_family_arm_m3_TaskSupport_glue                       
20010591  ti_sysbios_gates_GateMutex_Instance_finalize__E                 
200105a1  ti_sysbios_knl_Mailbox_Object__get__S                           
200105b1  ti_sysbios_knl_Semaphore_Instance_finalize__E                   
200105c1  ti_sysbios_knl_Swi_disable__E                                   
200105d1  ti_sysbios_knl_Task_Object__get__S                              
200105e1  ti_sysbios_knl_Task_disable__E                                  
200105f1  xdc_runtime_Memory_free__E                                      
20010601  xdc_runtime_SysCallback_abort__E                                
20010601  xdc_runtime_System_SupportProxy_abort__E                        
20010611  xdc_runtime_SysCallback_exit__E                                 
20010611  xdc_runtime_System_SupportProxy_exit__E                         
20010621  __TI_decompress_none                                            
20010631  pthread_attr_setdetachstate                                     
20010641  ti_sysbios_knl_Idle_loop__E                                     
20010651  ti_sysbios_knl_Queue_empty__E                                   
2001065f  CC3220S_LAUNCHXL_initGeneral                                    
2001066d  Power_getConstraintMask                                         
20010679  SemaphoreP_delete                                               
20010685  _register_lock                                                  
20010691  _register_unlock                                                
2001069d  __TI_zero_init                                                  
200106a9  ti_sysbios_family_arm_m3_Hwi_Params__init__S                    
200106a9  ti_sysbios_hal_Hwi_HwiProxy_Params__init__S                     
200106b9  ti_sysbios_family_arm_m3_Hwi_disableFxn__E                      
200106b9  ti_sysbios_hal_Hwi_HwiProxy_disable__E                          
200106c9  ti_sysbios_family_arm_m3_TaskSupport_getStackAlignment__E       
200106c9  ti_sysbios_knl_Task_SupportProxy_getStackAlignment__E           
200106d9  ti_sysbios_gates_GateHwi_enter__E                               
200106e9  ClockP_getSystemTicks                                           
200106e9  ti_sysbios_knl_Clock_getTicks__E                                
200106f9  ti_sysbios_knl_Clock_setTicks__E                                
20010709  ti_sysbios_knl_Clock_tickStart__E                               
20010719  ti_sysbios_knl_Clock_tickStop__E                                
20010725  ti_sysbios_knl_Queue_Object__get__S                             
20010731  ti_sysbios_knl_Semaphore_Params__init__S                        
2001073d  ti_sysbios_knl_Task_Params__init__S                             
20010749  ti_sysbios_knl_Task_self__E                                     
20010759  ti_sysbios_rts_ti_ReentSupport_taskRegHook__I                   
20010769  xdc_runtime_Startup_rtsDone__E                                  
20010775  xdc_runtime_Memory_HeapProxy_alloc__E                           
2001077f  xdc_runtime_Memory_HeapProxy_free__E                            
20010789  Board_init                                                      
20010791  pthread_attr_setstacksize                                       
20010799  ti_sysbios_family_arm_m3_Hwi_doSwiRestore__I                    
200107a1  ti_sysbios_family_arm_m3_Hwi_startup__E                         
200107a1  ti_sysbios_hal_Hwi_HwiProxy_startup__E                          
200107a1  ti_sysbios_hal_Hwi_startup__E                                   
200107a9  ti_sysbios_family_arm_m3_Hwi_doTaskRestore__I                   
200107b1  HwiP_restore                                                    
200107b1  ti_sysbios_family_arm_m3_Hwi_restoreFxn__E                      
200107b1  ti_sysbios_hal_Hwi_HwiProxy_restore__E                          
200107b9  ti_sysbios_gates_GateHwi_leave__E                               
200107c1  ti_sysbios_heaps_HeapMem_isBlocking__E                          
200107c9  ti_sysbios_knl_Queue_Instance_init__E                           
200107d1  ti_sysbios_knl_Swi_startup__E                                   
200107d9  xdc_runtime_System_Module_startup__E                            
200107e1  ti_sysbios_family_arm_m3_Timer_getMaxTicks__E                   
200107e9  ti_sysbios_gates_GateHwi_query__E                               
200107e9  xdc_runtime_Main_Module_GateProxy_query__E                      
200107e9  xdc_runtime_System_Module_GateProxy_query__E                    
200107f1  ti_sysbios_BIOS_RtsGateProxy_query__E                           
200107f1  ti_sysbios_gates_GateMutex_query__E                             
200107f1  ti_sysbios_heaps_HeapMem_Module_GateProxy_query__E              
200107f9  ti_sysbios_knl_Task_startup__E                                  
20010801  ti_sysbios_BIOS_linkedWithIncorrectBootLibrary__E               
20010809  ti_sysbios_gates_GateHwi_Instance_init__E                       
20010811  ti_sysbios_knl_Clock_logTick__E                                 
20010819  xdc_runtime_SysCallback_defaultAbort                            
20010821  xdc_runtime_SysCallback_defaultExit                             
20010829  xdc_runtime_System_abortSpin__E                                 
20010831  xdc_runtime_System_exitSpin__E                                  
20010b54  ti_sysbios_knl_Task_Object__PARAMS__C                           
20010b98  PowerCC32XX_config                                              
20010bd8  ti_sysbios_family_arm_m3_Hwi_Object__PARAMS__C                  
20010c08  ti_sysbios_heaps_HeapMem_Module__FXNS__C                        
20010c30  ti_sysbios_gates_GateHwi_Module__FXNS__C                        
20010c54  ti_sysbios_gates_GateMutex_Module__FXNS__C                      
20010c78  ti_sysbios_heaps_HeapMem_Object__PARAMS__C                      
20010c9c  ti_sysbios_knl_Semaphore_Object__PARAMS__C                      
20010ce1  ti_sysbios_knl_Clock_tickMode__C                                
20010ce2  ti_sysbios_family_arm_m3_Hwi_Module__id__C                      
20010ce4  ti_sysbios_family_arm_m3_Hwi_Object__DESC__C                    
20010d04  ti_sysbios_gates_GateHwi_Object__DESC__C                        
20010d24  ti_sysbios_gates_GateMutex_Object__DESC__C                      
20010d44  ti_sysbios_heaps_HeapMem_Object__DESC__C                        
20010d64  ti_sysbios_knl_Queue_Object__DESC__C                            
20010d84  ti_sysbios_knl_Semaphore_Object__DESC__C                        
20010da4  ti_sysbios_knl_Task_Object__DESC__C                             
20010dc4  xdc_runtime_Startup_sfxnTab__A                                  
20010de4  ti_sysbios_gates_GateHwi_Object__PARAMS__C                      
20010dfc  ti_sysbios_gates_GateMutex_Object__PARAMS__C                    
20010e14  ti_sysbios_knl_Queue_Object__PARAMS__C                          
20010e2c  ti_sysbios_knl_Task_hooks__A                                    
20010e44  GPIOCC32XX_config                                               
20010e80  xdc_runtime_Startup_sfxnRts__A                                  
20010e90  xdc_runtime_Startup_firstFxns__A                                
20010e9c  outPinTypes                                                     
20010ea4  ti_sysbios_knl_Idle_funcList__A                                 
20010eac  ti_sysbios_knl_Idle_funcList__C                                 
20010eb4  ti_sysbios_knl_Task_hooks__C                                    
20010ebc  xdc_runtime_Startup_firstFxns__C                                
20010ec4  xdc_runtime_Startup_lastFxns__C                                 
20010ed2  inPinTypes                                                      
20010ed8  outPinStrengths                                                 
20010ee2  ti_sysbios_family_arm_m3_Timer_Module__id__C                    
20010ee4  ti_sysbios_family_arm_m3_Hwi_E_alreadyDefined__C                
20010ee8  ti_sysbios_family_arm_m3_Hwi_NUM_INTERRUPTS__C                  
20010eec  ti_sysbios_family_arm_m3_Hwi_Object__count__C                   
20010ef0  ti_sysbios_family_arm_m3_Hwi_ccr__C                             
20010ef4  ti_sysbios_family_arm_m3_Hwi_excHandlerFunc__C                  
20010ef8  ti_sysbios_family_arm_m3_Hwi_nullIsrFunc__C                     
20010efc  ti_sysbios_family_arm_m3_Hwi_priGroup__C                        
20010f00  ti_sysbios_family_arm_m3_Hwi_swiDisable__C                      
20010f04  ti_sysbios_family_arm_m3_Hwi_swiRestore__C                      
20010f08  ti_sysbios_family_arm_m3_TaskSupport_stackAlignment__C          
20010f0c  ti_sysbios_family_arm_m3_Timer_E_cannotSupport__C               
20010f10  ti_sysbios_family_arm_m3_Timer_startupNeeded__C                 
20010f14  ti_sysbios_gates_GateMutex_Instance_State_sem__O                
20010f18  ti_sysbios_heaps_HeapMem_E_memory__C                            
20010f1c  ti_sysbios_heaps_HeapMem_Module__gateObj__C                     
20010f20  ti_sysbios_heaps_HeapMem_Object__count__C                       
20010f24  ti_sysbios_heaps_HeapMem_primaryHeapBaseAddr__C                 
20010f28  ti_sysbios_heaps_HeapMem_primaryHeapEndAddr__C                  
20010f2c  ti_sysbios_heaps_HeapMem_reqAlign__C                            
20010f30  ti_sysbios_knl_Clock_Module_State_clockQ__O                     
20010f34  ti_sysbios_knl_Clock_tickPeriod__C                              
20010f38  ti_sysbios_knl_Mailbox_Instance_State_freeQue__O                
20010f3c  ti_sysbios_knl_Mailbox_Object__count__C                         
20010f40  ti_sysbios_knl_Mailbox_maxTypeAlign__C                          
20010f44  ti_sysbios_knl_Semaphore_Instance_State_pendQ__O                
20010f48  ti_sysbios_knl_Swi_Object__count__C                             
20010f4c  ti_sysbios_knl_Task_Module_State_inactiveQ__O                   
20010f50  ti_sysbios_knl_Task_Object__count__C                            
20010f54  ti_sysbios_knl_Task_Object__heap__C                             
20010f58  ti_sysbios_knl_Task_allBlockedFunc__C                           
20010f5c  ti_sysbios_knl_Task_defaultStackHeap__C                         
20010f60  ti_sysbios_knl_Task_defaultStackSize__C                         
20010f64  ti_sysbios_knl_Task_numConstructedTasks__C                      
20010f68  xdc_runtime_Error_E_memory__C                                   
20010f6c  xdc_runtime_Error_policyFxn__C                                  
20010f70  xdc_runtime_IGateProvider_Interface__BASE__C                    
20010f74  xdc_runtime_IHeap_Interface__BASE__C                            
20010f78  xdc_runtime_IModule_Interface__BASE__C                          
20010f7c  xdc_runtime_Memory_defaultHeapInstance__C                       
20010f80  xdc_runtime_Startup_execImpl__C                                 
20010f84  xdc_runtime_Startup_maxPasses__C                                
20010f88  xdc_runtime_Startup_sfxnRts__C                                  
20010f8c  xdc_runtime_Startup_sfxnTab__C                                  
20010f90  xdc_runtime_SysCallback_abortFxn__C                             
20010f94  xdc_runtime_SysCallback_exitFxn__C                              
20010f98  xdc_runtime_System_Module__gateObj__C                           
20010f9c  xdc_runtime_System_abortFxn__C                                  
20010fa0  xdc_runtime_System_exitFxn__C                                   
20010fa4  xdc_runtime_System_maxAtexitHandlers__C                         
20010fa8  xdc_runtime_Text_charTab__C                                     
20010fac  xdc_runtime_Text_nameEmpty__C                                   
20010fb0  xdc_runtime_Text_nameStatic__C                                  
20010fb4  xdc_runtime_Text_nameUnknown__C                                 
20010fb8  ti_sysbios_heaps_HeapMem_Module__id__C                          
20010fba  xdc_runtime_Memory_Module__id__C                                
20010fbc  xdc_runtime_Text_charCnt__C                                     
20010fbe  xdc_runtime_Text_isLoaded__C                                    
20010fc0  ti_sysbios_knl_Clock_tickSource__C                              
20010fc1  xdc_runtime_Error_policy__C                                     
20010fc2  xdc_runtime_Text_charTab__A                                     
20010fc4  PowerCC32XX_module                                              
20011130  parkInfo                                                        
200112b0  ti_sysbios_knl_Swi_Module_State_0_readyQ__A                     
20011330  ti_sysbios_knl_Task_Module_State_0_readyQ__A                    
200113b0  ti_sysbios_knl_Task_Object__table__V                            
2001140c  ti_sysbios_gates_GateMutex_Object__table__V                     
20011460  gpioPinConfigs                                                  
200114ac  ti_sysbios_knl_Task_Module__state__V                            
200114f4  ti_sysbios_family_arm_m3_Hwi_Module__state__V                   
20011528  ti_sysbios_family_arm_m3_Timer_Object__table__V                 
20011558  ti_sysbios_knl_Swi_Object__table__V                             
20011588  ti_sysbios_knl_Clock_Module__state__V                           
200115b4  ti_sysbios_BIOS_Module__state__V                                
200115d8  xdc_runtime_Error_IgnoreBlock                                   
200115f8  ti_sysbios_knl_Swi_Module__state__V                             
20011614  ti_sysbios_family_arm_m3_Hwi_Object__table__V                   
2001162c  ti_sysbios_heaps_HeapMem_Object__table__V                       
20011644  gpioCallbackFunctions                                           
20011654  ti_sysbios_family_arm_m3_Timer_Module__state__V                 
2001166a  ti_sysbios_family_arm_m3_Hwi_Module_State_0_excActive__A        
2001166c  _lock                                                           
20011670  _unlock                                                         
20011674  ti_sysbios_family_arm_m3_Hwi_Module__root__V                    
2001167c  ti_sysbios_gates_GateHwi_Module__root__V                        
20011684  ti_sysbios_gates_GateMutex_Module__root__V                      
2001168c  ti_sysbios_heaps_HeapMem_Module__root__V                        
20011694  ti_sysbios_knl_Queue_Module__root__V                            
2001169c  ti_sysbios_knl_Semaphore_Module__root__V                        
200116a4  ti_sysbios_knl_Task_Module__root__V                             
200116ac  xdc_runtime_Startup_Module__state__V                            
200116b4  xdc_runtime_System_Module_State_0_atexitHandlers__A             
200116bc  xdc_runtime_System_Module__state__V                             
200116c4  main_func_sp                                                    
200116c8  ti_sysbios_family_arm_m3_Hwi_Module_State_0_excContext__A       
200116cc  ti_sysbios_family_arm_m3_Hwi_Module_State_0_excStack__A         
200116d0  ti_sysbios_gates_GateHwi_Object__table__V                       
200116d4  ti_sysbios_knl_Task_Module_State_0_idleTask__A                  
200116d8  ti_sysbios_rts_ti_ReentSupport_Module__state__V                 
200116dc  xdc_runtime_Memory_Module__state__V                             
200116e0  ti_sysbios_family_arm_m3_Hwi_dispatchTable                      
200119f0  ti_sysbios_knl_Task_Instance_State_0_stack__A                   
20011bf0  PowerCC32XX_contextSave                                         
20011d50  ti_sysbios_knl_Task_Instance_State_0_hookEnv__A                 
20011d58  __TI_static_base__                                              
20011fbc  __TI_Handler_Table_Base                                         
20011fc8  __TI_Handler_Table_Limit                                        
20011fd0  __TI_CINIT_Base                                                 
20011fe0  __TI_CINIT_Limit                                                
e000e000  ti_sysbios_family_arm_m3_Hwi_nvic                               
ffffffff  __TI_pprof_out_hndl                                             
ffffffff  __TI_prof_data_size                                             
ffffffff  __TI_prof_data_start                                            
ffffffff  __binit__                                                       
ffffffff  __c_args__                                                      
ffffffff  binit                                                           
UNDEFED   SHT$$INIT_ARRAY$$Base                                           
UNDEFED   SHT$$INIT_ARRAY$$Limit                                          

[488 symbols]
