******************************************************************************
                  TI ARM Linker PC v18.12.3                    
******************************************************************************
>> Linked Mon Sep  9 12:05:47 2019

OUTPUT FILE NAME:   <empty_CC3220S_LAUNCHXL_tirtos_ccs.out>
ENTRY POINT SYMBOL: "_c_int00"  address: 2000f2d1


MEMORY CONFIGURATION

         name            origin    length      used     unused   attr    fill
----------------------  --------  ---------  --------  --------  ----  --------
  SRAM0                 20000000   00004000  0000070c  000038f4  RW X
  SRAM                  20004000   0003c000  0000dd0d  0002e2f3  RW X


SEGMENT ALLOCATION MAP

run origin  load origin   length   init length attrs members
----------  ----------- ---------- ----------- ----- -------
20003c00    20003c00    00000400   00000000    rw-
  20003c00    20003c00    00000400   00000000    rw- .stack
20004000    20004000    00008040   0000003c    r--
  20004000    20004000    0000003c   0000003c    r-- .resetVecs
  20004040    20004040    00008000   00000000    r-- .priheap
2000c040    2000c040    0000464a   0000464a    r-x
  2000c040    2000c040    0000464a   0000464a    r-x .text
2001068c    2001068c    0000071c   00000000    rw-
  2001068c    2001068c    0000071c   00000000    rw- .data
20010da8    20010da8    00000674   00000000    rw-
  20010da8    20010da8    00000674   00000000    rw- .bss
2001141c    2001141c    0000066f   0000066f    r--
  2001141c    2001141c    0000066f   0000066f    r-- .const
20011a90    20011a90    00000288   00000288    r--
  20011a90    20011a90    00000288   00000288    r-- .cinit


SECTION ALLOCATION MAP

 output                                  attributes/
section   page    origin      length       input sections
--------  ----  ----------  ----------   ----------------
.vecs      0    20000000    0000030c     NOLOAD SECTION
                  20000000    0000030c     release_pem4.oem4 (.vecs)

.stack     0    20003c00    00000400     UNINITIALIZED
                  20003c00    00000400     --HOLE--

.text      0    2000c040    0000464a     
                  2000c040    0000042c     driverlib.a : prcm.obj (.text:PRCMCC3200MCUInit)
                  2000c46c    000001d8     drivers_cc32xx.aem4 : GPIOCC32XX.oem4 (.text:GPIO_setConfig)
                  2000c644    0000014c     dpl_cc32xx.aem4 : PowerCC32XX_tirtos.oem4 (.text:PowerCC32XX_sleepPolicy)
                  2000c790    00000148     drivers_cc32xx.aem4 : PowerCC32XX.oem4 (.text:parkPins)
                  2000c8d8    00000130     sysbios.aem4 : BIOS.obj (.text:ti_sysbios_knl_Semaphore_pend__E)
                  2000ca08    0000011c     drivers_cc32xx.aem4 : PowerCC32XX.oem4 (.text:Power_sleep)
                  2000cb24    00000004     dpl_cc32xx.aem4 : HwiP_tirtos.oem4 (.text:HwiP_disable)
                  2000cb28    0000011c     sysbios.aem4 : BIOS.obj (.text:xdc_runtime_Startup_startMods__I)
                  2000cc44    00000004     dpl_cc32xx.aem4 : SemaphoreP_tirtos.oem4 (.text:SemaphoreP_post)
                  2000cc48    00000110     sysbios.aem4 : BIOS.obj (.text:ti_sysbios_knl_Task_postInit__I)
                  2000cd58    00000104                  : BIOS.obj (.text:ti_sysbios_knl_Task_Instance_finalize__E)
                  2000ce5c    00000004     release_pem4.oem4 (.text:ti_sysbios_BIOS_RtsGateProxy_enter__E)
                  2000ce60    000000fc     sysbios.aem4 : BIOS.obj (.text:ti_sysbios_knl_Task_Instance_init__E)
                  2000cf5c    00000004     release_pem4.oem4 (.text:ti_sysbios_BIOS_RtsGateProxy_leave__E)
                  2000cf60    000000f0     sysbios.aem4 : BIOS.obj (.text:pthread_create)
                  2000d050    000000d0                  : m3_Hwi_asm.obj (.text:ti_sysbios_family_arm_m3_Hwi_dispatch__I)
                  2000d120    000000d0                  : BIOS.obj (.text:ti_sysbios_heaps_HeapMem_alloc__E)
                  2000d1f0    000000c4     drivers_cc32xx.aem4 : GPIOCC32XX.oem4 (.text:GPIO_init)
                  2000d2b4    00000004     release_pem4.oem4 (.text:ti_sysbios_family_arm_m3_TaskSupport_Module__startupDone__S)
                  2000d2b8    000000c4     sysbios.aem4 : BIOS.obj (.text:ti_sysbios_knl_Task_sleep__E)
                  2000d37c    000000c0     drivers_cc32xx.aem4 : PowerCC32XX.oem4 (.text:restoreParkedPins)
                  2000d43c    00000004     release_pem4.oem4 (.text:ti_sysbios_heaps_HeapMem_Module_GateProxy_enter__E)
                  2000d440    000000bc     sysbios.aem4 : BIOS.obj (.text:xdc_runtime_Core_createObject__I)
                  2000d4fc    000000a8     drivers_cc32xx.aem4 : PowerCC32XX.oem4 (.text:PowerCC32XX_configureWakeup)
                  2000d5a4    00000004     release_pem4.oem4 (.text:ti_sysbios_heaps_HeapMem_Module_GateProxy_leave__E)
                  2000d5a8    000000a4     sysbios.aem4 : BIOS.obj (.text:ti_sysbios_knl_Task_setPri__E)
                  2000d64c    000000a0     auto_init.aem4 : auto_init.oem4 (.text)
                  2000d6ec    00000004     release_pem4.oem4 (.text:ti_sysbios_knl_Clock_TimerProxy_getMaxTicks__E)
                  2000d6f0    0000009c     sysbios.aem4 : BIOS.obj (.text:_pthread_removeThreadKeys)
                  2000d78c    0000009c     rtsv7M4_T_le_eabi.lib : memcpy_t2.asm.obj (.text)
                  2000d828    00000098     drivers_cc32xx.aem4 : GPIOCC32XX.oem4 (.text:powerNotifyFxn)
                  2000d8c0    00000098     sysbios.aem4 : BIOS.obj (.text:ti_sysbios_family_arm_m3_Hwi_Instance_init__E)
                  2000d958    00000096     rtsv7M4_T_le_eabi.lib : ull_div_t2.asm.obj (.text)
                  2000d9ee    00000096     empty.obj (.text:send_command_4bit)
                  2000da84    00000096     empty.obj (.text:write_4bit)
                  2000db1a    00000006     driverlib.a : utils.obj (.text:UtilsDelay)
                  2000db20    00000094     sysbios.aem4 : BIOS.obj (.text:ti_sysbios_knl_Task_exit__E)
                  2000dbb4    00000090     drivers_cc32xx.aem4 : PowerCC32XX.oem4 (.text:restoreNVICRegs)
                  2000dc44    00000004     release_pem4.oem4 (.text:ti_sysbios_knl_Clock_TimerProxy_setPeriodMicroSecs__E)
                  2000dc48    00000090     sysbios.aem4 : BIOS.obj (.text:ti_sysbios_knl_Task_Module_startup__E)
                  2000dcd8    0000008c                  : BIOS.obj (.text:xdc_runtime_Memory_alloc__E)
                  2000dd64    00000088     driverlib.a : pin.obj (.text:PinConfigSet)
                  2000ddec    00000004     release_pem4.oem4 (.text:ti_sysbios_knl_Clock_TimerProxy_start__E)
                  2000ddf0    00000088     sysbios.aem4 : BIOS.obj (.text:ti_sysbios_family_arm_m3_Hwi_initNVIC__E)
                  2000de78    00000088                  : BIOS.obj (.text:ti_sysbios_family_arm_m3_TaskSupport_start__E)
                  2000df00    00000086                  : BIOS.obj (.text:xdc_runtime_Core_constructObject__I)
                  2000df86    00000002     rtsv7M4_T_le_eabi.lib : _lock.c.obj (.text:_nop)
                  2000df88    00000084     drivers_cc32xx.aem4 : PowerCC32XX.oem4 (.text:Power_init)
                  2000e00c    00000084                         : PowerCC32XX.oem4 (.text:saveNVICRegs)
                  2000e090    00000084     sysbios.aem4 : BIOS.obj (.text:ti_sysbios_family_arm_m3_Hwi_postInit__I)
                  2000e114    00000004     release_pem4.oem4 (.text:ti_sysbios_knl_Clock_TimerProxy_stop__E)
                  2000e118    00000084     sysbios.aem4 : BIOS.obj (.text:ti_sysbios_heaps_HeapMem_free__E)
                  2000e19c    00000080     drivers_cc32xx.aem4 : PowerCC32XX.oem4 (.text:Power_setDependency)
                  2000e21c    00000004     release_pem4.oem4 (.text:ti_sysbios_knl_Semaphore_delete)
                  2000e220    00000080     sysbios.aem4 : BIOS.obj (.text:ti_sysbios_knl_Clock_workFunc__E)
                  2000e2a0    0000007a     rtsv7M4_T_le_eabi.lib : memset_t2.asm.obj (.text)
                  2000e31a    00000002                           : div0.asm.obj (.text)
                  2000e31c    00000078     drivers_cc32xx.aem4 : GPIOCC32XX.oem4 (.text:GPIO_hwiIntFxn)
                  2000e394    00000004     release_pem4.oem4 (.text:ti_sysbios_knl_Task_delete)
                  2000e398    00000074     sysbios.aem4 : BIOS.obj (.text:xdc_runtime_Core_deleteObject__I)
                  2000e40c    00000004     release_pem4.oem4 (.text:xdc_runtime_System_Module_GateProxy_enter__E)
                  2000e410    00000070     sysbios.aem4 : BIOS.obj (.text:ti_sysbios_heaps_HeapMem_initPrimary__I)
                  2000e480    0000006c     empty.obj (.text:LCD_init_4bit)
                  2000e4ec    00000004     release_pem4.oem4 (.text:xdc_runtime_System_Module_GateProxy_leave__E)
                  2000e4f0    0000006c     sysbios.aem4 : BIOS.obj (.text:ti_sysbios_knl_Swi_restoreHwi__E)
                  2000e55c    00000068     rtsv7M4_T_le_eabi.lib : copy_decompress_lzss.c.obj (.text:decompress:lzss:__TI_decompress_lzss)
                  2000e5c4    00000002     release_pem4.oem4 (.text:ti_sysbios_BIOS_nullFunc__I)
                  2000e5c6    00000002     release_pem4.oem4 (.text:xdc_runtime_Startup_reset__I)
                  2000e5c8    00000068     sysbios.aem4 : BIOS.obj (.text:pthread_exit)
                  2000e630    00000064     drivers_cc32xx.aem4 : PowerCC32XX.oem4 (.text:PowerCC32XX_setParkState)
                  2000e694    00000064     main_tirtos.obj (.text:main)
                  2000e6f8    00000064     sysbios.aem4 : BIOS.obj (.text:ti_sysbios_family_arm_m3_Hwi_dispatchC__I)
                  2000e75c    00000060     driverlib.a : prcm.obj (.text:PRCMSysResetCauseGet)
                  2000e7bc    00000004     --HOLE-- [fill = 0]
                  2000e7c0    00000060     sysbios.aem4 : BIOS.obj (.text:ti_sysbios_knl_Semaphore_post__E)
                  2000e820    00000060                  : BIOS.obj (.text:ti_sysbios_knl_Swi_run__I)
                  2000e880    0000005c     drivers_cc32xx.aem4 : GPIOCC32XX.oem4 (.text:GPIO_setCallback)
                  2000e8dc    00000004     --HOLE-- [fill = 0]
                  2000e8e0    0000005c     sysbios.aem4 : BIOS.obj (.text:ti_sysbios_family_arm_m3_Timer_start__E)
                  2000e93c    00000004     --HOLE-- [fill = 0]
                  2000e940    0000005c                  : BIOS.obj (.text:ti_sysbios_knl_Swi_schedule__I)
                  2000e99c    00000004     --HOLE-- [fill = 0]
                  2000e9a0    0000005c                  : BIOS.obj (.text:ti_sysbios_knl_Task_startCore__E)
                  2000e9fc    00000004     --HOLE-- [fill = 0]
                  2000ea00    0000005c                  : BIOS.obj (.text:xdc_runtime_Startup_exec__E)
                  2000ea5c    00000058     drivers_cc32xx.aem4 : GPIOCC32XX.oem4 (.text:GPIO_write)
                  2000eab4    00000058     driverlib.a : prcm.obj (.text:PRCMPeripheralReset)
                  2000eb0c    00000054     release_pem4.oem4 (.text:ti_sysbios_family_arm_m3_Hwi_create)
                  2000eb60    00000054     sysbios.aem4 : BIOS.obj (.text:ti_sysbios_family_arm_m3_Timer_setPeriod__E)
                  2000ebb4    00000004     --HOLE-- [fill = 0]
                  2000ebb8    00000054                  : BIOS.obj (.text:xdc_runtime_Core_assignLabel__I)
                  2000ec0c    00000052     drivers_cc32xx.aem4 : PowerCC32XX_asm.oem4 (.text:PowerCC32XX_resumeLPDS)
                  2000ec5e    00000002     --HOLE-- [fill = 0]
                  2000ec60    00000050     sysbios.aem4 : BIOS.obj (.text:ti_sysbios_family_arm_m3_Hwi_Module_startup__E)
                  2000ecb0    00000050     release_pem4.oem4 (.text:ti_sysbios_knl_Task_create)
                  2000ed00    0000004e     empty.obj (.text:LCD)
                  2000ed4e    00000002     --HOLE-- [fill = 0]
                  2000ed50    0000004c     drivers_cc32xx.aem4 : GPIOCC32XX.oem4 (.text:GPIO_enableInt)
                  2000ed9c    0000004c                         : PowerCC32XX.oem4 (.text:PowerCC32XX_parkPin)
                  2000ede8    0000004c     rtsv7M4_T_le_eabi.lib : cpy_tbl.c.obj (.text:copy_in)
                  2000ee34    0000004c     drivers_cc32xx.aem4 : PowerCC32XX.oem4 (.text:restorePeriphClocks)
                  2000ee80    0000004c     sysbios.aem4 : BIOS.obj (.text:ti_sysbios_heaps_HeapMem_getStats__E)
                  2000eecc    00000004     --HOLE-- [fill = 0]
                  2000eed0    0000004c                  : BIOS.obj (.text:ti_sysbios_knl_Swi_runLoop__I)
                  2000ef1c    00000004     --HOLE-- [fill = 0]
                  2000ef20    0000004c                  : BIOS.obj (.text:ti_sysbios_knl_Task_allBlockedFunction__I)
                  2000ef6c    00000004     --HOLE-- [fill = 0]
                  2000ef70    0000004c                  : BIOS.obj (.text:ti_sysbios_knl_Task_schedule__I)
                  2000efbc    00000048     driverlib.a : flash.obj (.text:FlashDisable)
                  2000f004    00000048                 : prcm.obj (.text:PRCMLPDSEnter)
                  2000f04c    00000048                 : prcm.obj (.text:PRCMPeripheralClkEnable)
                  2000f094    00000004     --HOLE-- [fill = 0]
                  2000f098    00000048     sysbios.aem4 : BIOS.obj (.text:ti_sysbios_family_arm_m3_Hwi_disableInterrupt__E)
                  2000f0e0    00000048                  : BIOS.obj (.text:ti_sysbios_family_arm_m3_Hwi_enableInterrupt__E)
                  2000f128    00000048                  : m3_Hwi_asm_switch.obj (.text:ti_sysbios_family_arm_m3_Hwi_initStacks__E)
                  2000f170    00000048                  : BIOS.obj (.text:ti_sysbios_family_arm_m3_Timer_initDevice__I)
                  2000f1b8    00000048                  : BIOS.obj (.text:ti_sysbios_knl_Mailbox_Module_startup__E)
                  2000f200    00000048                  : BIOS.obj (.text:xdc_runtime_Core_assignParams__I)
                  2000f248    00000044     driverlib.a : prcm.obj (.text:PRCMLPDSRestoreInfoSet)
                  2000f28c    00000044     drivers_cc32xx.aem4 : PowerCC32XX_asm.oem4 (.text:PowerCC32XX_enterLPDS)
                  2000f2d0    00000044     boot.aem4 : boot.oem4 (.text)
                  2000f314    00000004     --HOLE-- [fill = 0]
                  2000f318    00000044     sysbios.aem4 : BIOS.obj (.text:ti_sysbios_family_arm_m3_Hwi_getStackInfo__E)
                  2000f35c    00000004     --HOLE-- [fill = 0]
                  2000f360    00000044                  : BIOS.obj (.text:ti_sysbios_knl_Mailbox_postInit__I)
                  2000f3a4    00000004     --HOLE-- [fill = 0]
                  2000f3a8    00000044                  : BIOS.obj (.text:ti_sysbios_knl_Swi_post__E)
                  2000f3ec    00000004     --HOLE-- [fill = 0]
                  2000f3f0    00000044                  : BIOS.obj (.text:xdc_runtime_System_atexit__E)
                  2000f434    00000040     dpl_cc32xx.aem4 : HwiP_tirtos.oem4 (.text:HwiP_create)
                  2000f474    00000040     driverlib.a : pin.obj (.text:PinModeSet)
                  2000f4b4    00000004     --HOLE-- [fill = 0]
                  2000f4b8    00000040     sysbios.aem4 : BIOS.obj (.text:ti_sysbios_heaps_HeapMem_Instance_init__E)
                  2000f4f8    0000003c     drivers_cc32xx.aem4 : PowerCC32XX.oem4 (.text:Power_setConstraint)
                  2000f534    00000004     --HOLE-- [fill = 0]
                  2000f538    0000003c     sysbios.aem4 : BIOS.obj (.text:sleep)
                  2000f574    00000004     --HOLE-- [fill = 0]
                  2000f578    0000003c                  : BIOS.obj (.text:ti_sysbios_family_arm_m3_Hwi_Instance_finalize__E)
                  2000f5b4    00000004     --HOLE-- [fill = 0]
                  2000f5b8    0000003c                  : BIOS.obj (.text:ti_sysbios_family_arm_m3_Timer_setPeriodMicroSecs__E)
                  2000f5f4    00000004     --HOLE-- [fill = 0]
                  2000f5f8    0000003c                  : BIOS.obj (.text:ti_sysbios_knl_Clock_walkQueuePeriodic__E)
                  2000f634    00000004     --HOLE-- [fill = 0]
                  2000f638    0000003c                  : BIOS.obj (.text:ti_sysbios_knl_Swi_restore__E)
                  2000f674    00000004     --HOLE-- [fill = 0]
                  2000f678    0000003c                  : BIOS.obj (.text:usleep)
                  2000f6b4    00000004     --HOLE-- [fill = 0]
                  2000f6b8    0000003c                  : BIOS.obj (.text:xdc_runtime_System_processAtExit__E)
                  2000f6f4    0000003a     dpl_cc32xx.aem4 : PowerCC32XX_tirtos.oem4 (.text:getCountsRTC)
                  2000f72e    00000002     --HOLE-- [fill = 0]
                  2000f730    00000038     driverlib.a : prcm.obj (.text:PRCMLPDSEnterKeepDebugIf)
                  2000f768    00000038     drivers_cc32xx.aem4 : PowerCC32XX.oem4 (.text:notify)
                  2000f7a0    00000038     sysbios.aem4 : BIOS.obj (.text:ti_sysbios_knl_Task_processVitalTaskFlag__I)
                  2000f7d8    00000034     empty.obj (.text:PinConfig_4bit)
                  2000f80c    00000034     driverlib.a : pin.obj (.text:PinModeGet)
                  2000f840    00000034     sysbios.aem4 : BIOS.obj (.text:_pthread_delete$41)
                  2000f874    00000004     --HOLE-- [fill = 0]
                  2000f878    00000034                  : BIOS.obj (.text:ti_sysbios_family_arm_m3_Timer_periodicStub__I)
                  2000f8ac    00000034     release_pem4.oem4 (.text:ti_sysbios_knl_Semaphore_create)
                  2000f8e0    00000034     empty.obj (.text:write_char)
                  2000f914    00000004     --HOLE-- [fill = 0]
                  2000f918    00000032     sysbios.aem4 : BIOS.obj (.text:ti_sysbios_hal_Hwi_initStack)
                  2000f94a    00000030     drivers_cc32xx.aem4 : PowerCC32XX.oem4 (.text:PowerCC32XX_restoreParkedPin)
                  2000f97a    00000002     --HOLE-- [fill = 0]
                  2000f97c    00000030     release_pem4.oem4 (.text:ti_sysbios_BIOS_atExitFunc__I)
                  2000f9ac    00000030     release_pem4.oem4 (.text:ti_sysbios_BIOS_startFunc__I)
                  2000f9dc    00000030     release_pem4.oem4 (.text:ti_sysbios_gates_GateHwi_Object__create__S)
                  2000fa0c    00000030     release_pem4.oem4 (.text:ti_sysbios_gates_GateMutex_Object__create__S)
                  2000fa3c    00000004     --HOLE-- [fill = 0]
                  2000fa40    00000030     sysbios.aem4 : BIOS.obj (.text:ti_sysbios_gates_GateMutex_enter__E)
                  2000fa70    00000030     release_pem4.oem4 (.text:ti_sysbios_heaps_HeapMem_Object__create__S)
                  2000faa0    00000030     release_pem4.oem4 (.text:ti_sysbios_knl_Semaphore_construct)
                  2000fad0    00000030     sysbios.aem4 : BIOS.obj (.text:ti_sysbios_knl_Semaphore_pendTimeout__I)
                  2000fb00    00000030                  : BIOS.obj (.text:ti_sysbios_knl_Task_restore__E)
                  2000fb30    00000030                  : BIOS.obj (.text:ti_sysbios_knl_Task_unblockI__E)
                  2000fb60    0000002c     dpl_cc32xx.aem4 : SemaphoreP_tirtos.oem4 (.text:SemaphoreP_createBinary)
                  2000fb8c    00000004     --HOLE-- [fill = 0]
                  2000fb90    0000002c     sysbios.aem4 : BIOS.obj (.text:_pthread_cleanupFxn)
                  2000fbbc    0000002c     release_pem4.oem4 (.text:ti_sysbios_knl_Clock_doTick__I)
                  2000fbe8    0000002c     release_pem4.oem4 (.text:ti_sysbios_knl_Queue_construct)
                  2000fc14    00000028     driverlib.a : prcm.obj (.text:PRCMPeripheralClkDisable)
                  2000fc3c    00000028     dpl_cc32xx.aem4 : PowerCC32XX_tirtos.oem4 (.text:PowerCC32XX_initPolicy)
                  2000fc64    00000028     drivers_cc32xx.aem4 : PowerCC32XX.oem4 (.text:Power_registerNotify)
                  2000fc8c    00000028     sysbios.aem4 : m3_Hwi_asm.obj (.text:ti_sysbios_family_arm_m3_Hwi_excHandlerAsm__I)
                  2000fcb4    00000004     --HOLE-- [fill = 0]
                  2000fcb8    00000028                  : BIOS.obj (.text:ti_sysbios_knl_Clock_addI__E)
                  2000fce0    00000028                  : BIOS.obj (.text:ti_sysbios_knl_Swi_Module_startup__E)
                  2000fd08    00000026     drivers_cc32xx.aem4 : List.oem4 (.text:List_put)
                  2000fd2e    00000026     empty.obj (.text:enable)
                  2000fd54    00000004     --HOLE-- [fill = 0]
                  2000fd58    00000024     sysbios.aem4 : BIOS.obj (.text:pthread_attr_init)
                  2000fd7c    00000024     release_pem4.oem4 (.text:ti_sysbios_BIOS_registerRTSLock__I)
                  2000fda0    00000024     release_pem4.oem4 (.text:ti_sysbios_BIOS_removeRTSLock__I)
                  2000fdc4    00000004     --HOLE-- [fill = 0]
                  2000fdc8    00000024     sysbios.aem4 : BIOS.obj (.text:ti_sysbios_family_arm_m3_Timer_postInit__I)
                  2000fdec    00000004     --HOLE-- [fill = 0]
                  2000fdf0    00000024                  : BIOS.obj (.text:ti_sysbios_family_arm_m3_Timer_startup__E)
                  2000fe14    00000024     release_pem4.oem4 (.text:ti_sysbios_gates_GateMutex_Object__delete__S)
                  2000fe38    00000024     sysbios.aem4 : BIOS.obj (.text:ti_sysbios_knl_Clock_Module_startup__E)
                  2000fe5c    00000004     --HOLE-- [fill = 0]
                  2000fe60    00000024                  : BIOS.obj (.text:ti_sysbios_knl_Semaphore_Instance_init__E)
                  2000fe84    00000024     release_pem4.oem4 (.text:ti_sysbios_knl_Semaphore_Object__delete__S)
                  2000fea8    00000024     sysbios.aem4 : BIOS.obj (.text:ti_sysbios_knl_Task_restoreHwi__E)
                  2000fecc    00000004     --HOLE-- [fill = 0]
                  2000fed0    00000024                  : BIOS.obj (.text:xdc_runtime_Error_policyMin__E)
                  2000fef4    00000020     release_pem4.oem4 (.text:ti_sysbios_BIOS_rtsLock__I)
                  2000ff14    00000020     release_pem4.oem4 (.text:ti_sysbios_gates_GateHwi_Object__delete__S)
                  2000ff34    00000020     release_pem4.oem4 (.text:ti_sysbios_heaps_HeapMem_Object__delete__S)
                  2000ff54    00000004     --HOLE-- [fill = 0]
                  2000ff58    00000020     sysbios.aem4 : BIOS.obj (.text:ti_sysbios_knl_Idle_run__E)
                  2000ff78    00000020     release_pem4.oem4 (.text:ti_sysbios_knl_Semaphore_destruct)
                  2000ff98    00000020     release_pem4.oem4 (.text:ti_sysbios_knl_Task_Object__delete__S)
                  2000ffb8    0000001e     sysbios.aem4 : m3_Hwi_asm_switch.obj (.text:ti_sysbios_family_xxx_Hwi_switchAndRunFunc)
                  2000ffd6    00000002     --HOLE-- [fill = 0]
                  2000ffd8    0000001c     driverlib.a : pin.obj (.text:PinToPadGet)
                  2000fff4    00000004     --HOLE-- [fill = 0]
                  2000fff8    0000001c     sysbios.aem4 : BIOS.obj (.text:ti_sysbios_family_arm_m3_Hwi_excHandler__I)
                  20010014    00000004     --HOLE-- [fill = 0]
                  20010018    0000001c                  : BIOS.obj (.text:ti_sysbios_family_arm_m3_Timer_Module_startup__E)
                  20010034    00000004     --HOLE-- [fill = 0]
                  20010038    0000001c                  : BIOS.obj (.text:ti_sysbios_family_arm_m3_Timer_stop__E)
                  20010054    00000004     --HOLE-- [fill = 0]
                  20010058    0000001c                  : BIOS.obj (.text:ti_sysbios_gates_GateMutex_Instance_init__E)
                  20010074    0000001c     release_pem4.oem4 (.text:ti_sysbios_knl_Queue_destruct)
                  20010090    0000001c     sysbios.aem4 : BIOS.obj (.text:ti_sysbios_knl_Queue_put__E)
                  200100ac    00000004     --HOLE-- [fill = 0]
                  200100b0    0000001c                  : BIOS.obj (.text:ti_sysbios_knl_Task_enter__I)
                  200100cc    00000004     --HOLE-- [fill = 0]
                  200100d0    0000001c                  : BIOS.obj (.text:ti_sysbios_rts_ti_ReentSupport_getReent__F)
                  200100ec    0000001a                  : m3_Hwi_asm.obj (.text:ti_sysbios_family_arm_m3_Hwi_pendSV__I)
                  20010106    00000002     --HOLE-- [fill = 0]
                  20010108    00000018     drivers_cc32xx.aem4 : PowerCC32XX.oem4 (.text:Power_idleFunc)
                  20010120    00000018     rtsv7M4_T_le_eabi.lib : args_main.c.obj (.text:_args_main)
                  20010138    00000018                           : ll_mul_t2.asm.obj (.text)
                  20010150    00000018     release_pem4.oem4 (.text:ti_sysbios_BIOS_rtsUnlock__I)
                  20010168    00000018     release_pem4.oem4 (.text:ti_sysbios_family_arm_m3_Hwi_Module__startupDone__F)
                  20010180    00000018     release_pem4.oem4 (.text:ti_sysbios_family_arm_m3_Timer_Module__startupDone__F)
                  20010198    00000018     release_pem4.oem4 (.text:ti_sysbios_gates_GateHwi_Handle__label__S)
                  200101b0    00000018     release_pem4.oem4 (.text:ti_sysbios_gates_GateMutex_Handle__label__S)
                  200101c8    00000018     sysbios.aem4 : BIOS.obj (.text:ti_sysbios_gates_GateMutex_leave__E)
                  200101e0    00000018     release_pem4.oem4 (.text:ti_sysbios_heaps_HeapMem_Handle__label__S)
                  200101f8    00000018     sysbios.aem4 : BIOS.obj (.text:ti_sysbios_knl_Task_sleepTimeout__I)
                  20010210    00000018     release_pem4.oem4 (.text:ti_sysbios_rts_ti_ReentSupport_getTlsAddr__I)
                  20010228    00000018     sysbios.aem4 : BIOS.obj (.text:xdc_runtime_Error_init__E)
                  20010240    00000018                  : BIOS.obj (.text:xdc_runtime_System_exit__E)
                  20010258    00000016     driverlib.a : prcm.obj (.text:PRCMHIBRegRead)
                  2001026e    00000016                 : prcm.obj (.text:PRCMHIBRegWrite)
                  20010284    00000016     release_pem4.oem4 (.text:ti_sysbios_BIOS_exitFunc__I)
                  2001029a    00000002     --HOLE-- [fill = 0]
                  2001029c    00000014     drivers_cc32xx.aem4 : PowerCC32XX.oem4 (.text:Power_getDependencyCount)
                  200102b0    00000014     sysbios.aem4 : BIOS.obj (.text:pthread_attr_setschedparam)
                  200102c4    00000014     release_pem4.oem4 (.text:ti_sysbios_family_arm_m3_Hwi_Object__get__S)
                  200102d8    00000014     sysbios.aem4 : BIOS.obj (.text:ti_sysbios_family_arm_m3_Hwi_switchFromBootStack__E)
                  200102ec    00000014                  : m3_TaskSupport_asm.obj (.text:ti_sysbios_family_arm_m3_TaskSupport_swap__E)
                  20010300    00000014     release_pem4.oem4 (.text:ti_sysbios_heaps_HeapMem_Object__get__S)
                  20010314    00000004     --HOLE-- [fill = 0]
                  20010318    00000014     sysbios.aem4 : BIOS.obj (.text:ti_sysbios_knl_Clock_tickReconfig__E)
                  2001032c    00000014     release_pem4.oem4 (.text:ti_sysbios_knl_Swi_Object__get__S)
                  20010340    00000012     dpl_cc32xx.aem4 : SemaphoreP_tirtos.oem4 (.text:SemaphoreP_pend)
                  20010352    00000006     --HOLE-- [fill = 0]
                  20010358    00000012     sysbios.aem4 : BIOS.obj (.text:_pthread_runStub$41)
                  2001036a    00000006     --HOLE-- [fill = 0]
                  20010370    00000012                  : BIOS.obj (.text:ti_sysbios_hal_Hwi_Module_startup__E)
                  20010382    00000012     release_pem4.oem4 (.text:xdc_runtime_Startup_exec__I)
                  20010394    00000010     dpl_cc32xx.aem4 : HwiP_tirtos.oem4 (.text:HwiP_Params_init)
                  200103a4    00000010     empty.obj (.text:lab2Thread)
                  200103b4    00000004     --HOLE-- [fill = 0]
                  200103b8    00000010     sysbios.aem4 : BIOS.obj (.text:ti_sysbios_BIOS_setThreadType__E)
                  200103c8    00000010                  : BIOS.obj (.text:ti_sysbios_BIOS_start__E)
                  200103d8    00000010                  : m3_TaskSupport_asm.obj (.text:ti_sysbios_family_arm_m3_TaskSupport_glue)
                  200103e8    00000010                  : BIOS.obj (.text:ti_sysbios_gates_GateMutex_Instance_finalize__E)
                  200103f8    00000010     release_pem4.oem4 (.text:ti_sysbios_knl_Mailbox_Object__get__S)
                  20010408    00000010     sysbios.aem4 : BIOS.obj (.text:ti_sysbios_knl_Semaphore_Instance_finalize__E)
                  20010418    00000010                  : BIOS.obj (.text:ti_sysbios_knl_Swi_disable__E)
                  20010428    00000010     release_pem4.oem4 (.text:ti_sysbios_knl_Task_Object__get__S)
                  20010438    00000010     sysbios.aem4 : BIOS.obj (.text:ti_sysbios_knl_Task_disable__E)
                  20010448    00000010                  : BIOS.obj (.text:xdc_runtime_Memory_free__E)
                  20010458    00000010                  : BIOS.obj (.text:xdc_runtime_SysCallback_abort__E)
                  20010468    00000010                  : BIOS.obj (.text:xdc_runtime_SysCallback_exit__E)
                  20010478    0000000e     rtsv7M4_T_le_eabi.lib : copy_decompress_none.c.obj (.text:decompress:none:__TI_decompress_none)
                  20010486    00000002     --HOLE-- [fill = 0]
                  20010488    0000000e     sysbios.aem4 : BIOS.obj (.text:pthread_attr_setdetachstate)
                  20010496    00000002     --HOLE-- [fill = 0]
                  20010498    0000000e                  : BIOS.obj (.text:ti_sysbios_knl_Idle_loop__E)
                  200104a6    00000002     --HOLE-- [fill = 0]
                  200104a8    0000000e                  : BIOS.obj (.text:ti_sysbios_knl_Queue_empty__E)
                  200104b6    0000000c     CC3220S_LAUNCHXL.obj (.text:CC3220S_LAUNCHXL_initGeneral)
                  200104c2    00000002     --HOLE-- [fill = 0]
                  200104c4    0000000c     drivers_cc32xx.aem4 : PowerCC32XX.oem4 (.text:Power_getConstraintMask)
                  200104d0    0000000c     dpl_cc32xx.aem4 : SemaphoreP_tirtos.oem4 (.text:SemaphoreP_delete)
                  200104dc    0000000c     rtsv7M4_T_le_eabi.lib : _lock.c.obj (.text:_register_lock)
                  200104e8    0000000c                           : _lock.c.obj (.text:_register_unlock)
                  200104f4    0000000c                           : copy_zero_init.c.obj (.text:decompress:ZI:__TI_zero_init)
                  20010500    0000000c     release_pem4.oem4 (.text:ti_sysbios_family_arm_m3_Hwi_Params__init__S)
                  2001050c    00000004     --HOLE-- [fill = 0]
                  20010510    0000000c     sysbios.aem4 : BIOS.obj (.text:ti_sysbios_family_arm_m3_Hwi_disableFxn__E)
                  2001051c    00000004     --HOLE-- [fill = 0]
                  20010520    0000000c                  : BIOS.obj (.text:ti_sysbios_family_arm_m3_TaskSupport_getStackAlignment__E)
                  2001052c    00000004     --HOLE-- [fill = 0]
                  20010530    0000000c                  : BIOS.obj (.text:ti_sysbios_gates_GateHwi_enter__E)
                  2001053c    00000004     --HOLE-- [fill = 0]
                  20010540    0000000c                  : BIOS.obj (.text:ti_sysbios_knl_Clock_getTicks__E)
                  2001054c    00000004     --HOLE-- [fill = 0]
                  20010550    0000000c                  : BIOS.obj (.text:ti_sysbios_knl_Clock_setTicks__E)
                  2001055c    00000004     --HOLE-- [fill = 0]
                  20010560    0000000c                  : BIOS.obj (.text:ti_sysbios_knl_Clock_tickStart__E)
                  2001056c    00000004     --HOLE-- [fill = 0]
                  20010570    0000000c                  : BIOS.obj (.text:ti_sysbios_knl_Clock_tickStop__E)
                  2001057c    0000000c     release_pem4.oem4 (.text:ti_sysbios_knl_Queue_Object__get__S)
                  20010588    0000000c     release_pem4.oem4 (.text:ti_sysbios_knl_Semaphore_Params__init__S)
                  20010594    0000000c     release_pem4.oem4 (.text:ti_sysbios_knl_Task_Params__init__S)
                  200105a0    0000000c     sysbios.aem4 : BIOS.obj (.text:ti_sysbios_knl_Task_self__E)
                  200105ac    00000004     --HOLE-- [fill = 0]
                  200105b0    0000000c                  : BIOS.obj (.text:ti_sysbios_rts_ti_ReentSupport_taskRegHook__I)
                  200105bc    00000004     --HOLE-- [fill = 0]
                  200105c0    0000000c                  : BIOS.obj (.text:xdc_runtime_Startup_rtsDone__E)
                  200105cc    0000000a     release_pem4.oem4 (.text:xdc_runtime_IHeap_alloc)
                  200105d6    0000000a     release_pem4.oem4 (.text:xdc_runtime_IHeap_free)
                  200105e0    00000008     CC3220S_LAUNCHXL.obj (.text:Board_init)
                  200105e8    00000008     sysbios.aem4 : BIOS.obj (.text:pthread_attr_setstacksize)
                  200105f0    00000008                  : BIOS.obj (.text:ti_sysbios_family_arm_m3_Hwi_doSwiRestore__I)
                  200105f8    00000008                  : BIOS.obj (.text:ti_sysbios_family_arm_m3_Hwi_startup__E)
                  20010600    00000006                  : BIOS.obj (.text:ti_sysbios_family_arm_m3_Hwi_doTaskRestore__I)
                  20010606    00000002     --HOLE-- [fill = 0]
                  20010608    00000006                  : BIOS.obj (.text:ti_sysbios_family_arm_m3_Hwi_restoreFxn__E)
                  2001060e    00000002     --HOLE-- [fill = 0]
                  20010610    00000006                  : BIOS.obj (.text:ti_sysbios_gates_GateHwi_leave__E)
                  20010616    00000002     --HOLE-- [fill = 0]
                  20010618    00000006                  : BIOS.obj (.text:ti_sysbios_heaps_HeapMem_isBlocking__E)
                  2001061e    00000002     --HOLE-- [fill = 0]
                  20010620    00000006                  : BIOS.obj (.text:ti_sysbios_knl_Queue_Instance_init__E)
                  20010626    00000002     --HOLE-- [fill = 0]
                  20010628    00000006                  : BIOS.obj (.text:ti_sysbios_knl_Swi_startup__E)
                  2001062e    00000002     --HOLE-- [fill = 0]
                  20010630    00000006                  : BIOS.obj (.text:xdc_runtime_System_Module_startup__E)
                  20010636    00000002     --HOLE-- [fill = 0]
                  20010638    00000004                  : BIOS.obj (.text:ti_sysbios_family_arm_m3_Timer_getMaxTicks__E)
                  2001063c    00000004     --HOLE-- [fill = 0]
                  20010640    00000004                  : BIOS.obj (.text:ti_sysbios_gates_GateHwi_query__E)
                  20010644    00000004     --HOLE-- [fill = 0]
                  20010648    00000004                  : BIOS.obj (.text:ti_sysbios_gates_GateMutex_query__E)
                  2001064c    00000004     --HOLE-- [fill = 0]
                  20010650    00000004                  : BIOS.obj (.text:ti_sysbios_knl_Task_startup__E)
                  20010654    00000004     --HOLE-- [fill = 0]
                  20010658    00000002                  : BIOS.obj (.text:ti_sysbios_BIOS_linkedWithIncorrectBootLibrary__E)
                  2001065a    00000006     --HOLE-- [fill = 0]
                  20010660    00000002                  : BIOS.obj (.text:ti_sysbios_gates_GateHwi_Instance_init__E)
                  20010662    00000006     --HOLE-- [fill = 0]
                  20010668    00000002                  : BIOS.obj (.text:ti_sysbios_knl_Clock_logTick__E)
                  2001066a    00000006     --HOLE-- [fill = 0]
                  20010670    00000002                  : BIOS.obj (.text:xdc_runtime_SysCallback_defaultAbort)
                  20010672    00000006     --HOLE-- [fill = 0]
                  20010678    00000002                  : BIOS.obj (.text:xdc_runtime_SysCallback_defaultExit)
                  2001067a    00000006     --HOLE-- [fill = 0]
                  20010680    00000002                  : BIOS.obj (.text:xdc_runtime_System_abortSpin__E)
                  20010682    00000006     --HOLE-- [fill = 0]
                  20010688    00000002                  : BIOS.obj (.text:xdc_runtime_System_exitSpin__E)

.bss       0    20010da8    00000674     UNINITIALIZED
                  20010da8    0000030c     (.common:ti_sysbios_family_arm_m3_Hwi_dispatchTable)
                  200110b4    00000004     drivers_cc32xx.aem4 : GPIOCC32XX.oem4 (.bss)
                  200110b8    00000200     release_pem4.oem4 (.bss:taskStackSection)
                  200112b8    0000012c     (.common:PowerCC32XX_contextSave)
                  200113e4    00000020     drivers_cc32xx.aem4 : GPIOCC32XX.oem4 (.bss:gpioCallbackInfo)
                  20011404    00000014                         : GPIOCC32XX.oem4 (.bss:powerNotifyObj)
                  20011418    00000004     (.common:ti_sysbios_knl_Task_Instance_State_0_hookEnv__A)

.data      0    2001068c    0000071c     UNINITIALIZED
                  2001068c    0000016c     drivers_cc32xx.aem4 : PowerCC32XX.oem4 (.data:PowerCC32XX_module)
                  200107f8    000000f8     CC3220S_LAUNCHXL.obj (.data:parkInfo)
                  200108f0    00000088     sysbios.aem4 : BIOS.obj (.data:$O1$$)
                  20010978    00000080     release_pem4.oem4 (.data:ti_sysbios_knl_Swi_Module_State_0_readyQ__A)
                  200109f8    00000080     release_pem4.oem4 (.data:ti_sysbios_knl_Task_Module_State_0_readyQ__A)
                  20010a78    0000005c     release_pem4.oem4 (.data:ti_sysbios_knl_Task_Object__table__V)
                  20010ad4    00000054     release_pem4.oem4 (.data:ti_sysbios_gates_GateMutex_Object__table__V)
                  20010b28    0000004c     CC3220S_LAUNCHXL.obj (.data:gpioPinConfigs)
                  20010b74    00000048     release_pem4.oem4 (.data:ti_sysbios_knl_Task_Module__state__V)
                  20010bbc    00000034     release_pem4.oem4 (.data:ti_sysbios_family_arm_m3_Hwi_Module__state__V)
                  20010bf0    00000030     release_pem4.oem4 (.data:ti_sysbios_family_arm_m3_Timer_Object__table__V)
                  20010c20    00000030     release_pem4.oem4 (.data:ti_sysbios_knl_Swi_Object__table__V)
                  20010c50    0000002c     release_pem4.oem4 (.data:ti_sysbios_knl_Clock_Module__state__V)
                  20010c7c    00000024     release_pem4.oem4 (.data:ti_sysbios_BIOS_Module__state__V)
                  20010ca0    00000020     release_pem4.oem4 (.data:xdc_runtime_Error_IgnoreBlock)
                  20010cc0    0000001c     release_pem4.oem4 (.data:ti_sysbios_knl_Swi_Module__state__V)
                  20010cdc    00000018     release_pem4.oem4 (.data:ti_sysbios_family_arm_m3_Hwi_Object__table__V)
                  20010cf4    00000018     release_pem4.oem4 (.data:ti_sysbios_heaps_HeapMem_Object__table__V)
                  20010d0c    00000010     CC3220S_LAUNCHXL.obj (.data:gpioCallbackFunctions)
                  20010d1c    0000000c     release_pem4.oem4 (.data:ti_sysbios_family_arm_m3_Timer_Module__state__V)
                  20010d28    00000009     drivers_cc32xx.aem4 : GPIOCC32XX.oem4 (.data)
                  20010d31    00000001     --HOLE--
                  20010d32    00000002     release_pem4.oem4 (.data:ti_sysbios_family_arm_m3_Hwi_Module_State_0_excActive__A)
                  20010d34    00000008     rtsv7M4_T_le_eabi.lib : _lock.c.obj (.data:$O1$$)
                  20010d3c    00000008     release_pem4.oem4 (.data:ti_sysbios_family_arm_m3_Hwi_Module__root__V)
                  20010d44    00000008     release_pem4.oem4 (.data:ti_sysbios_gates_GateHwi_Module__root__V)
                  20010d4c    00000008     release_pem4.oem4 (.data:ti_sysbios_gates_GateMutex_Module__root__V)
                  20010d54    00000008     release_pem4.oem4 (.data:ti_sysbios_heaps_HeapMem_Module__root__V)
                  20010d5c    00000008     release_pem4.oem4 (.data:ti_sysbios_knl_Queue_Module__root__V)
                  20010d64    00000008     release_pem4.oem4 (.data:ti_sysbios_knl_Semaphore_Module__root__V)
                  20010d6c    00000008     release_pem4.oem4 (.data:ti_sysbios_knl_Task_Module__root__V)
                  20010d74    00000008     release_pem4.oem4 (.data:xdc_runtime_Startup_Module__state__V)
                  20010d7c    00000008     release_pem4.oem4 (.data:xdc_runtime_System_Module_State_0_atexitHandlers__A)
                  20010d84    00000008     release_pem4.oem4 (.data:xdc_runtime_System_Module__state__V)
                  20010d8c    00000004     rtsv7M4_T_le_eabi.lib : stkdepth_vars.c.obj (.data)
                  20010d90    00000004     release_pem4.oem4 (.data:ti_sysbios_family_arm_m3_Hwi_Module_State_0_excContext__A)
                  20010d94    00000004     release_pem4.oem4 (.data:ti_sysbios_family_arm_m3_Hwi_Module_State_0_excStack__A)
                  20010d98    00000004     release_pem4.oem4 (.data:ti_sysbios_gates_GateHwi_Object__table__V)
                  20010d9c    00000004     release_pem4.oem4 (.data:ti_sysbios_knl_Task_Module_State_0_idleTask__A)
                  20010da0    00000004     release_pem4.oem4 (.data:ti_sysbios_rts_ti_ReentSupport_Module__state__V)
                  20010da4    00000004     release_pem4.oem4 (.data:xdc_runtime_Memory_Module__state__V)

.const     0    2001141c    0000066f     
                  2001141c    00000100     driverlib.a : pin.obj (.const:g_ulPinToPadMap)
                  2001151c    000000a8                 : prcm.obj (.const:PRCM_PeriphRegsList)
                  200115c4    00000058     release_pem4.oem4 (.const:.string)
                  2001161c    00000044     release_pem4.oem4 (.const:ti_sysbios_knl_Task_Object__PARAMS__C)
                  20011660    00000040     CC3220S_LAUNCHXL.obj (.const:PowerCC32XX_config)
                  200116a0    00000030     release_pem4.oem4 (.const:ti_sysbios_family_arm_m3_Hwi_Object__PARAMS__C)
                  200116d0    00000028     release_pem4.oem4 (.const:ti_sysbios_heaps_HeapMem_Module__FXNS__C)
                  200116f8    00000024     release_pem4.oem4 (.const:ti_sysbios_gates_GateHwi_Module__FXNS__C)
                  2001171c    00000024     release_pem4.oem4 (.const:ti_sysbios_gates_GateMutex_Module__FXNS__C)
                  20011740    00000024     release_pem4.oem4 (.const:ti_sysbios_heaps_HeapMem_Object__PARAMS__C)
                  20011764    00000024     release_pem4.oem4 (.const:ti_sysbios_knl_Semaphore_Object__PARAMS__C)
                  20011788    00000021     drivers_cc32xx.aem4 : GPIOCC32XX.oem4 (.const:.string:pinTable)
                  200117a9    00000001     release_pem4.oem4 (.const:ti_sysbios_knl_Clock_tickMode__C)
                  200117aa    00000002     release_pem4.oem4 (.const:ti_sysbios_family_arm_m3_Hwi_Module__id__C)
                  200117ac    00000020     release_pem4.oem4 (.const:ti_sysbios_family_arm_m3_Hwi_Object__DESC__C)
                  200117cc    00000020     release_pem4.oem4 (.const:ti_sysbios_gates_GateHwi_Object__DESC__C)
                  200117ec    00000020     release_pem4.oem4 (.const:ti_sysbios_gates_GateMutex_Object__DESC__C)
                  2001180c    00000020     release_pem4.oem4 (.const:ti_sysbios_heaps_HeapMem_Object__DESC__C)
                  2001182c    00000020     release_pem4.oem4 (.const:ti_sysbios_knl_Queue_Object__DESC__C)
                  2001184c    00000020     release_pem4.oem4 (.const:ti_sysbios_knl_Semaphore_Object__DESC__C)
                  2001186c    00000020     release_pem4.oem4 (.const:ti_sysbios_knl_Task_Object__DESC__C)
                  2001188c    00000020     release_pem4.oem4 (.const:xdc_runtime_Startup_sfxnTab__A)
                  200118ac    00000018     release_pem4.oem4 (.const:ti_sysbios_gates_GateHwi_Object__PARAMS__C)
                  200118c4    00000018     release_pem4.oem4 (.const:ti_sysbios_gates_GateMutex_Object__PARAMS__C)
                  200118dc    00000018     release_pem4.oem4 (.const:ti_sysbios_knl_Queue_Object__PARAMS__C)
                  200118f4    00000018     release_pem4.oem4 (.const:ti_sysbios_knl_Task_hooks__A)
                  2001190c    00000014     CC3220S_LAUNCHXL.obj (.const:GPIOCC32XX_config)
                  20011920    00000014     drivers_cc32xx.aem4 : GPIOCC32XX.oem4 (.const:gpioBaseAddresses)
                  20011934    00000014                         : GPIOCC32XX.oem4 (.const:powerResources)
                  20011948    00000010     release_pem4.oem4 (.const:xdc_runtime_Startup_sfxnRts__A)
                  20011958    0000000c     release_pem4.oem4 (.const:xdc_runtime_Startup_firstFxns__A)
                  20011964    00000008     drivers_cc32xx.aem4 : GPIOCC32XX.oem4 (.const:outPinTypes)
                  2001196c    00000008     release_pem4.oem4 (.const:ti_sysbios_knl_Idle_funcList__A)
                  20011974    00000008     release_pem4.oem4 (.const:ti_sysbios_knl_Idle_funcList__C)
                  2001197c    00000008     release_pem4.oem4 (.const:ti_sysbios_knl_Task_hooks__C)
                  20011984    00000008     release_pem4.oem4 (.const:xdc_runtime_Startup_firstFxns__C)
                  2001198c    00000008     release_pem4.oem4 (.const:xdc_runtime_Startup_lastFxns__C)
                  20011994    00000006     drivers_cc32xx.aem4 : GPIOCC32XX.oem4 (.const:.string:interruptType)
                  2001199a    00000006                         : GPIOCC32XX.oem4 (.const:inPinTypes)
                  200119a0    00000006                         : GPIOCC32XX.oem4 (.const:outPinStrengths)
                  200119a6    00000004                         : GPIOCC32XX.oem4 (.const:.string:portInterruptIds)
                  200119aa    00000002     release_pem4.oem4 (.const:ti_sysbios_family_arm_m3_Timer_Module__id__C)
                  200119ac    00000004     release_pem4.oem4 (.const:ti_sysbios_family_arm_m3_Hwi_E_alreadyDefined__C)
                  200119b0    00000004     release_pem4.oem4 (.const:ti_sysbios_family_arm_m3_Hwi_NUM_INTERRUPTS__C)
                  200119b4    00000004     release_pem4.oem4 (.const:ti_sysbios_family_arm_m3_Hwi_Object__count__C)
                  200119b8    00000004     release_pem4.oem4 (.const:ti_sysbios_family_arm_m3_Hwi_ccr__C)
                  200119bc    00000004     release_pem4.oem4 (.const:ti_sysbios_family_arm_m3_Hwi_excHandlerFunc__C)
                  200119c0    00000004     release_pem4.oem4 (.const:ti_sysbios_family_arm_m3_Hwi_nullIsrFunc__C)
                  200119c4    00000004     release_pem4.oem4 (.const:ti_sysbios_family_arm_m3_Hwi_priGroup__C)
                  200119c8    00000004     release_pem4.oem4 (.const:ti_sysbios_family_arm_m3_Hwi_swiDisable__C)
                  200119cc    00000004     release_pem4.oem4 (.const:ti_sysbios_family_arm_m3_Hwi_swiRestore__C)
                  200119d0    00000004     release_pem4.oem4 (.const:ti_sysbios_family_arm_m3_TaskSupport_stackAlignment__C)
                  200119d4    00000004     release_pem4.oem4 (.const:ti_sysbios_family_arm_m3_Timer_E_cannotSupport__C)
                  200119d8    00000004     release_pem4.oem4 (.const:ti_sysbios_family_arm_m3_Timer_startupNeeded__C)
                  200119dc    00000004     release_pem4.oem4 (.const:ti_sysbios_gates_GateMutex_Instance_State_sem__O)
                  200119e0    00000004     release_pem4.oem4 (.const:ti_sysbios_heaps_HeapMem_E_memory__C)
                  200119e4    00000004     release_pem4.oem4 (.const:ti_sysbios_heaps_HeapMem_Module__gateObj__C)
                  200119e8    00000004     release_pem4.oem4 (.const:ti_sysbios_heaps_HeapMem_Object__count__C)
                  200119ec    00000004     release_pem4.oem4 (.const:ti_sysbios_heaps_HeapMem_primaryHeapBaseAddr__C)
                  200119f0    00000004     release_pem4.oem4 (.const:ti_sysbios_heaps_HeapMem_primaryHeapEndAddr__C)
                  200119f4    00000004     release_pem4.oem4 (.const:ti_sysbios_heaps_HeapMem_reqAlign__C)
                  200119f8    00000004     release_pem4.oem4 (.const:ti_sysbios_knl_Clock_Module_State_clockQ__O)
                  200119fc    00000004     release_pem4.oem4 (.const:ti_sysbios_knl_Clock_tickPeriod__C)
                  20011a00    00000004     release_pem4.oem4 (.const:ti_sysbios_knl_Mailbox_Instance_State_freeQue__O)
                  20011a04    00000004     release_pem4.oem4 (.const:ti_sysbios_knl_Mailbox_Object__count__C)
                  20011a08    00000004     release_pem4.oem4 (.const:ti_sysbios_knl_Mailbox_maxTypeAlign__C)
                  20011a0c    00000004     release_pem4.oem4 (.const:ti_sysbios_knl_Semaphore_Instance_State_pendQ__O)
                  20011a10    00000004     release_pem4.oem4 (.const:ti_sysbios_knl_Swi_Object__count__C)
                  20011a14    00000004     release_pem4.oem4 (.const:ti_sysbios_knl_Task_Module_State_inactiveQ__O)
                  20011a18    00000004     release_pem4.oem4 (.const:ti_sysbios_knl_Task_Object__count__C)
                  20011a1c    00000004     release_pem4.oem4 (.const:ti_sysbios_knl_Task_Object__heap__C)
                  20011a20    00000004     release_pem4.oem4 (.const:ti_sysbios_knl_Task_allBlockedFunc__C)
                  20011a24    00000004     release_pem4.oem4 (.const:ti_sysbios_knl_Task_defaultStackHeap__C)
                  20011a28    00000004     release_pem4.oem4 (.const:ti_sysbios_knl_Task_defaultStackSize__C)
                  20011a2c    00000004     release_pem4.oem4 (.const:ti_sysbios_knl_Task_numConstructedTasks__C)
                  20011a30    00000004     release_pem4.oem4 (.const:xdc_runtime_Error_E_memory__C)
                  20011a34    00000004     release_pem4.oem4 (.const:xdc_runtime_Error_policyFxn__C)
                  20011a38    00000004     release_pem4.oem4 (.const:xdc_runtime_IGateProvider_Interface__BASE__C)
                  20011a3c    00000004     release_pem4.oem4 (.const:xdc_runtime_IHeap_Interface__BASE__C)
                  20011a40    00000004     release_pem4.oem4 (.const:xdc_runtime_IModule_Interface__BASE__C)
                  20011a44    00000004     release_pem4.oem4 (.const:xdc_runtime_Memory_defaultHeapInstance__C)
                  20011a48    00000004     release_pem4.oem4 (.const:xdc_runtime_Startup_execImpl__C)
                  20011a4c    00000004     release_pem4.oem4 (.const:xdc_runtime_Startup_maxPasses__C)
                  20011a50    00000004     release_pem4.oem4 (.const:xdc_runtime_Startup_sfxnRts__C)
                  20011a54    00000004     release_pem4.oem4 (.const:xdc_runtime_Startup_sfxnTab__C)
                  20011a58    00000004     release_pem4.oem4 (.const:xdc_runtime_SysCallback_abortFxn__C)
                  20011a5c    00000004     release_pem4.oem4 (.const:xdc_runtime_SysCallback_exitFxn__C)
                  20011a60    00000004     release_pem4.oem4 (.const:xdc_runtime_System_Module__gateObj__C)
                  20011a64    00000004     release_pem4.oem4 (.const:xdc_runtime_System_abortFxn__C)
                  20011a68    00000004     release_pem4.oem4 (.const:xdc_runtime_System_exitFxn__C)
                  20011a6c    00000004     release_pem4.oem4 (.const:xdc_runtime_System_maxAtexitHandlers__C)
                  20011a70    00000004     release_pem4.oem4 (.const:xdc_runtime_Text_charTab__C)
                  20011a74    00000004     release_pem4.oem4 (.const:xdc_runtime_Text_nameEmpty__C)
                  20011a78    00000004     release_pem4.oem4 (.const:xdc_runtime_Text_nameStatic__C)
                  20011a7c    00000004     release_pem4.oem4 (.const:xdc_runtime_Text_nameUnknown__C)
                  20011a80    00000002     release_pem4.oem4 (.const:ti_sysbios_heaps_HeapMem_Module__id__C)
                  20011a82    00000002     release_pem4.oem4 (.const:xdc_runtime_Memory_Module__id__C)
                  20011a84    00000002     release_pem4.oem4 (.const:xdc_runtime_Text_charCnt__C)
                  20011a86    00000002     release_pem4.oem4 (.const:xdc_runtime_Text_isLoaded__C)
                  20011a88    00000001     release_pem4.oem4 (.const:ti_sysbios_knl_Clock_tickSource__C)
                  20011a89    00000001     release_pem4.oem4 (.const:xdc_runtime_Error_policy__C)
                  20011a8a    00000001     release_pem4.oem4 (.const:xdc_runtime_Text_charTab__A)

.cinit     0    20011a90    00000288     
                  20011a90    00000260     (.cinit..data.load) [load image, compression = lzss]
                  20011cf0    0000000c     (__TI_handler_table)
                  20011cfc    00000004     --HOLE-- [fill = 0]
                  20011d00    00000008     (.cinit..bss.load) [load image, compression = zero_init]
                  20011d08    00000010     (__TI_cinit_table)

.init_array 
*          0    20004000    00000000     UNINITIALIZED

.priheap   0    20004040    00008000     UNINITIALIZED
                  20004040    00008000     --HOLE--

.bootVecs 
*          0    00000000    00000008     DSECT
                  00000000    00000008     boot.aem4 : boot.oem4 (.bootVecs)

.resetVecs 
*          0    20004000    0000003c     
                  20004000    0000003c     release_pem4.oem4 (.resetVecs)

xdc.meta   0    00000000    00000109     COPY SECTION
                  00000000    00000109     release_pem4.oem4 (xdc.meta)

xdc.noload 
*          0    00000000    00000000     COPY SECTION

MODULE SUMMARY

       Module                       code    ro data   rw data
       ------                       ----    -------   -------
    .\
       empty.obj                    644     0         0      
       CC3220S_LAUNCHXL.obj         20      84        340    
       main_tirtos.obj              100     0         0      
    +--+----------------------------+-------+---------+---------+
       Total:                       764     84        340    
                                                             
    C:\Users\csant\EmbeddedWrkspace\tirtos_builds_CC3220S_LAUNCHXL_release_ccs\Debug\configPkg\package\cfg\
       release_pem4.oem4            1348    1096      3034   
    +--+----------------------------+-------+---------+---------+
       Total:                       1348    1096      3034   
                                                             
    C:/ti/simplelink_cc32xx_sdk_3_20_00_06/kernel/tirtos/packages/ti/dpl/lib/dpl_cc32xx.aem4
       PowerCC32XX_tirtos.oem4      430     0         0      
       HwiP_tirtos.oem4             84      0         0      
       SemaphoreP_tirtos.oem4       78      0         0      
    +--+----------------------------+-------+---------+---------+
       Total:                       592     0         0      
                                                             
    C:/ti/simplelink_cc32xx_sdk_3_20_00_06/source/ti/devices/cc32xx/driverlib/ccs/Release/driverlib.a
       prcm.obj                     1604    168       0      
       pin.obj                      280     256       0      
       flash.obj                    72      0         0      
       utils.obj                    6       0         0      
    +--+----------------------------+-------+---------+---------+
       Total:                       1962    424       0      
                                                             
    C:/ti/simplelink_cc32xx_sdk_3_20_00_06/source/ti/drivers/lib/drivers_cc32xx.aem4
       PowerCC32XX.oem4             2020    0         664    
       GPIOCC32XX.oem4              1196    103       65     
       PowerCC32XX_asm.oem4         150     0         0      
       List.oem4                    38      0         0      
    +--+----------------------------+-------+---------+---------+
       Total:                       3404    103       729    
                                                             
    C:\Users\csant\EmbeddedWrkspace\tirtos_builds_CC3220S_LAUNCHXL_release_ccs\src\sysbios\sysbios.aem4
       BIOS.obj                     8274    0         136    
       m3_Hwi_asm.obj               274     0         0      
       m3_Hwi_asm_switch.obj        102     0         0      
       m3_TaskSupport_asm.obj       36      0         0      
    +--+----------------------------+-------+---------+---------+
       Total:                       8686    0         136    
                                                             
    C:\ti\ccs910\ccs\tools\compiler\ti-cgt-arm_18.12.3.LTS\lib\rtsv7M4_T_le_eabi.lib
       memcpy_t2.asm.obj            156     0         0      
       ull_div_t2.asm.obj           150     0         0      
       memset_t2.asm.obj            122     0         0      
       copy_decompress_lzss.c.obj   104     0         0      
       cpy_tbl.c.obj                76      0         0      
       _lock.c.obj                  26      0         8      
       args_main.c.obj              24      0         0      
       ll_mul_t2.asm.obj            24      0         0      
       copy_decompress_none.c.obj   14      0         0      
       copy_zero_init.c.obj         12      0         0      
       stkdepth_vars.c.obj          0       0         4      
       div0.asm.obj                 2       0         0      
    +--+----------------------------+-------+---------+---------+
       Total:                       710     0         12     
                                                             
    C:\ti\simplelink_cc32xx_sdk_3_20_00_06\kernel\tirtos\packages\ti\targets\arm\rtsarm\lib\auto_init.aem4
       auto_init.oem4               160     0         0      
    +--+----------------------------+-------+---------+---------+
       Total:                       160     0         0      
                                                             
    C:\ti\simplelink_cc32xx_sdk_3_20_00_06\kernel\tirtos\packages\ti\targets\arm\rtsarm\lib\boot.aem4
       boot.oem4                    68      0         0      
    +--+----------------------------+-------+---------+---------+
       Total:                       68      0         0      
                                                             
       Stack:                       0       0         1024   
       Linker Generated:            0       644       0      
    +--+----------------------------+-------+---------+---------+
       Grand Total:                 17694   2351      5275   


LINKER GENERATED COPY TABLES

__TI_cinit_table @ 20011d08 records: 2, size/record: 8, table size: 16
	.data: load addr=20011a90, load size=00000260 bytes, run addr=2001068c, run size=0000071c bytes, compression=lzss
	.bss: load addr=20011d00, load size=00000008 bytes, run addr=20010da8, run size=00000674 bytes, compression=zero_init


LINKER GENERATED HANDLER TABLE

__TI_handler_table @ 20011cf0 records: 3, size/record: 4, table size: 12
	index: 0, handler: __TI_zero_init
	index: 1, handler: __TI_decompress_lzss
	index: 2, handler: __TI_decompress_none


GLOBAL SYMBOLS: SORTED ALPHABETICALLY BY Name 

address   name                                                            
-------   ----                                                            
200105e1  Board_init                                                      
200104b7  CC3220S_LAUNCHXL_initGeneral                                    
20010541  ClockP_getSystemTicks                                           
2000efbd  FlashDisable                                                    
2001190c  GPIOCC32XX_config                                               
2000ed51  GPIO_enableInt                                                  
2000e31d  GPIO_hwiIntFxn                                                  
2000d1f1  GPIO_init                                                       
2000e881  GPIO_setCallback                                                
2000c46d  GPIO_setConfig                                                  
2000ea5d  GPIO_write                                                      
00008000  HEAPSIZE                                                        
20010395  HwiP_Params_init                                                
2000f435  HwiP_create                                                     
2000cb25  HwiP_disable                                                    
20010609  HwiP_restore                                                    
2000ed01  LCD                                                             
2000e481  LCD_init_4bit                                                   
2000fd09  List_put                                                        
2000c041  PRCMCC3200MCUInit                                               
20010259  PRCMHIBRegRead                                                  
2001026f  PRCMHIBRegWrite                                                 
2000f005  PRCMLPDSEnter                                                   
2000f731  PRCMLPDSEnterKeepDebugIf                                        
2000f249  PRCMLPDSRestoreInfoSet                                          
2000fc15  PRCMPeripheralClkDisable                                        
2000f04d  PRCMPeripheralClkEnable                                         
2000eab5  PRCMPeripheralReset                                             
2000e75d  PRCMSysResetCauseGet                                            
2000dd65  PinConfigSet                                                    
2000f7d9  PinConfig_4bit                                                  
2000f80d  PinModeGet                                                      
2000f475  PinModeSet                                                      
2000ffd9  PinToPadGet                                                     
20011660  PowerCC32XX_config                                              
2000d4fd  PowerCC32XX_configureWakeup                                     
200112b8  PowerCC32XX_contextSave                                         
2000f28d  PowerCC32XX_enterLPDS                                           
2000fc3d  PowerCC32XX_initPolicy                                          
2001068c  PowerCC32XX_module                                              
2000ed9d  PowerCC32XX_parkPin                                             
2000f94b  PowerCC32XX_restoreParkedPin                                    
2000ec0d  PowerCC32XX_resumeLPDS                                          
2000e631  PowerCC32XX_setParkState                                        
2000c645  PowerCC32XX_sleepPolicy                                         
200104c5  Power_getConstraintMask                                         
2001029d  Power_getDependencyCount                                        
20010109  Power_idleFunc                                                  
2000df89  Power_init                                                      
2000fc65  Power_registerNotify                                            
2000f4f9  Power_setConstraint                                             
2000e19d  Power_setDependency                                             
2000ca09  Power_sleep                                                     
UNDEFED   SHT$$INIT_ARRAY$$Base                                           
UNDEFED   SHT$$INIT_ARRAY$$Limit                                          
2000fb61  SemaphoreP_createBinary                                         
200104d1  SemaphoreP_delete                                               
20010341  SemaphoreP_pend                                                 
2000cc45  SemaphoreP_post                                                 
2000db1b  UtilsDelay                                                      
00000000  __ASM__                                                         
00000082  __ISA__                                                         
00000095  __PLAT__                                                        
20004000  __STACK_END                                                     
00000400  __STACK_SIZE                                                    
000000bc  __TARG__                                                        
20011d08  __TI_CINIT_Base                                                 
20011d18  __TI_CINIT_Limit                                                
20011cf0  __TI_Handler_Table_Base                                         
20011cfc  __TI_Handler_Table_Limit                                        
2000d64d  __TI_auto_init                                                  
2000e55d  __TI_decompress_lzss                                            
20010479  __TI_decompress_none                                            
ffffffff  __TI_pprof_out_hndl                                             
ffffffff  __TI_prof_data_size                                             
ffffffff  __TI_prof_data_start                                            
20011a90  __TI_static_base__                                              
200104f5  __TI_zero_init                                                  
000000e1  __TRDR__                                                        
2000e31b  __aeabi_idiv0                                                   
2000e31b  __aeabi_ldiv0                                                   
20010139  __aeabi_lmul                                                    
2000e2a1  __aeabi_memclr                                                  
2000e2a1  __aeabi_memclr4                                                 
2000e2a1  __aeabi_memclr8                                                 
2000d78d  __aeabi_memcpy                                                  
2000d78d  __aeabi_memcpy4                                                 
2000d78d  __aeabi_memcpy8                                                 
2000e2a3  __aeabi_memset                                                  
2000e2a3  __aeabi_memset4                                                 
2000e2a3  __aeabi_memset8                                                 
2000d959  __aeabi_uldivmod                                                
ffffffff  __binit__                                                       
ffffffff  __c_args__                                                      
2000c040  __primary_heap_end__                                            
20004040  __primary_heap_start__                                          
20003c00  __stack                                                         
20010121  _args_main                                                      
2000f2d1  _c_int00                                                        
20010d34  _lock                                                           
2000df87  _nop                                                            
2000fb91  _pthread_cleanupFxn                                             
2000d6f1  _pthread_removeThreadKeys                                       
200104dd  _register_lock                                                  
200104e9  _register_unlock                                                
20010d38  _unlock                                                         
ffffffff  binit                                                           
2000ede9  copy_in                                                         
2000fd2f  enable                                                          
20010d0c  gpioCallbackFunctions                                           
20010b28  gpioPinConfigs                                                  
2001199a  inPinTypes                                                      
200103a5  lab2Thread                                                      
2000e695  main                                                            
20010d8c  main_func_sp                                                    
2000d78d  memcpy                                                          
2000e2a9  memset                                                          
200119a0  outPinStrengths                                                 
20011964  outPinTypes                                                     
200107f8  parkInfo                                                        
2000fd59  pthread_attr_init                                               
20010489  pthread_attr_setdetachstate                                     
200102b1  pthread_attr_setschedparam                                      
200105e9  pthread_attr_setstacksize                                       
2000cf61  pthread_create                                                  
2000e5c9  pthread_exit                                                    
2000d9ef  send_command_4bit                                               
2000f539  sleep                                                           
20010c7c  ti_sysbios_BIOS_Module__state__V                                
200101b1  ti_sysbios_BIOS_RtsGateProxy_Handle__label__S                   
2000ce5d  ti_sysbios_BIOS_RtsGateProxy_enter__E                           
2000cf5d  ti_sysbios_BIOS_RtsGateProxy_leave__E                           
20010649  ti_sysbios_BIOS_RtsGateProxy_query__E                           
2000f97d  ti_sysbios_BIOS_atExitFunc__I                                   
20010285  ti_sysbios_BIOS_exitFunc__I                                     
20010659  ti_sysbios_BIOS_linkedWithIncorrectBootLibrary__E               
2000e5c5  ti_sysbios_BIOS_nullFunc__I                                     
2000fd7d  ti_sysbios_BIOS_registerRTSLock__I                              
2000fda1  ti_sysbios_BIOS_removeRTSLock__I                                
2000fef5  ti_sysbios_BIOS_rtsLock__I                                      
20010151  ti_sysbios_BIOS_rtsUnlock__I                                    
200103b9  ti_sysbios_BIOS_setThreadType__E                                
2000f9ad  ti_sysbios_BIOS_startFunc__I                                    
200103c9  ti_sysbios_BIOS_start__E                                        
200119ac  ti_sysbios_family_arm_m3_Hwi_E_alreadyDefined__C                
2000f579  ti_sysbios_family_arm_m3_Hwi_Instance_finalize__E               
2000d8c1  ti_sysbios_family_arm_m3_Hwi_Instance_init__E                   
20010d32  ti_sysbios_family_arm_m3_Hwi_Module_State_0_excActive__A        
20010d90  ti_sysbios_family_arm_m3_Hwi_Module_State_0_excContext__A       
20010d94  ti_sysbios_family_arm_m3_Hwi_Module_State_0_excStack__A         
200117aa  ti_sysbios_family_arm_m3_Hwi_Module__id__C                      
20010d3c  ti_sysbios_family_arm_m3_Hwi_Module__root__V                    
20010169  ti_sysbios_family_arm_m3_Hwi_Module__startupDone__F             
20010169  ti_sysbios_family_arm_m3_Hwi_Module__startupDone__S             
20010bbc  ti_sysbios_family_arm_m3_Hwi_Module__state__V                   
2000ec61  ti_sysbios_family_arm_m3_Hwi_Module_startup__E                  
200119b0  ti_sysbios_family_arm_m3_Hwi_NUM_INTERRUPTS__C                  
200117ac  ti_sysbios_family_arm_m3_Hwi_Object__DESC__C                    
200116a0  ti_sysbios_family_arm_m3_Hwi_Object__PARAMS__C                  
200119b4  ti_sysbios_family_arm_m3_Hwi_Object__count__C                   
200102c5  ti_sysbios_family_arm_m3_Hwi_Object__get__S                     
20010cdc  ti_sysbios_family_arm_m3_Hwi_Object__table__V                   
20010501  ti_sysbios_family_arm_m3_Hwi_Params__init__S                    
200119b8  ti_sysbios_family_arm_m3_Hwi_ccr__C                             
2000eb0d  ti_sysbios_family_arm_m3_Hwi_create                             
20010511  ti_sysbios_family_arm_m3_Hwi_disableFxn__E                      
2000f099  ti_sysbios_family_arm_m3_Hwi_disableInterrupt__E                
2000e6f9  ti_sysbios_family_arm_m3_Hwi_dispatchC__I                       
20010da8  ti_sysbios_family_arm_m3_Hwi_dispatchTable                      
2000d051  ti_sysbios_family_arm_m3_Hwi_dispatch__I                        
200105f1  ti_sysbios_family_arm_m3_Hwi_doSwiRestore__I                    
20010601  ti_sysbios_family_arm_m3_Hwi_doTaskRestore__I                   
2000f0e1  ti_sysbios_family_arm_m3_Hwi_enableInterrupt__E                 
2000fc8d  ti_sysbios_family_arm_m3_Hwi_excHandlerAsm__I                   
200119bc  ti_sysbios_family_arm_m3_Hwi_excHandlerFunc__C                  
2000fff9  ti_sysbios_family_arm_m3_Hwi_excHandler__I                      
2000f319  ti_sysbios_family_arm_m3_Hwi_getStackInfo__E                    
2000ddf1  ti_sysbios_family_arm_m3_Hwi_initNVIC__E                        
2000f129  ti_sysbios_family_arm_m3_Hwi_initStacks__E                      
2000d105  ti_sysbios_family_arm_m3_Hwi_interruptsAreDisabledButShouldNotBe
200119c0  ti_sysbios_family_arm_m3_Hwi_nullIsrFunc__C                     
e000e000  ti_sysbios_family_arm_m3_Hwi_nvic                               
200100ed  ti_sysbios_family_arm_m3_Hwi_pendSV__I                          
2000e091  ti_sysbios_family_arm_m3_Hwi_postInit__I                        
200119c4  ti_sysbios_family_arm_m3_Hwi_priGroup__C                        
20000000  ti_sysbios_family_arm_m3_Hwi_ramVectors                         
20004000  ti_sysbios_family_arm_m3_Hwi_resetVectors                       
20010609  ti_sysbios_family_arm_m3_Hwi_restoreFxn__E                      
20010105  ti_sysbios_family_arm_m3_Hwi_return                             
200105f9  ti_sysbios_family_arm_m3_Hwi_startup__E                         
200119c8  ti_sysbios_family_arm_m3_Hwi_swiDisable__C                      
200119cc  ti_sysbios_family_arm_m3_Hwi_swiRestore__C                      
200102d9  ti_sysbios_family_arm_m3_Hwi_switchFromBootStack__E             
2000d2b5  ti_sysbios_family_arm_m3_TaskSupport_Module__startupDone__S     
20010521  ti_sysbios_family_arm_m3_TaskSupport_getStackAlignment__E       
200103d9  ti_sysbios_family_arm_m3_TaskSupport_glue                       
200119d0  ti_sysbios_family_arm_m3_TaskSupport_stackAlignment__C          
2000de79  ti_sysbios_family_arm_m3_TaskSupport_start__E                   
200102ed  ti_sysbios_family_arm_m3_TaskSupport_swap__E                    
200119d4  ti_sysbios_family_arm_m3_Timer_E_cannotSupport__C               
200119aa  ti_sysbios_family_arm_m3_Timer_Module__id__C                    
20010181  ti_sysbios_family_arm_m3_Timer_Module__startupDone__F           
20010181  ti_sysbios_family_arm_m3_Timer_Module__startupDone__S           
20010d1c  ti_sysbios_family_arm_m3_Timer_Module__state__V                 
20010019  ti_sysbios_family_arm_m3_Timer_Module_startup__E                
20010bf0  ti_sysbios_family_arm_m3_Timer_Object__table__V                 
20010639  ti_sysbios_family_arm_m3_Timer_getMaxTicks__E                   
2000f171  ti_sysbios_family_arm_m3_Timer_initDevice__I                    
2000f879  ti_sysbios_family_arm_m3_Timer_periodicStub__I                  
2000fdc9  ti_sysbios_family_arm_m3_Timer_postInit__I                      
2000f5b9  ti_sysbios_family_arm_m3_Timer_setPeriodMicroSecs__E            
2000eb61  ti_sysbios_family_arm_m3_Timer_setPeriod__E                     
2000e8e1  ti_sysbios_family_arm_m3_Timer_start__E                         
200119d8  ti_sysbios_family_arm_m3_Timer_startupNeeded__C                 
2000fdf1  ti_sysbios_family_arm_m3_Timer_startup__E                       
20010039  ti_sysbios_family_arm_m3_Timer_stop__E                          
2000ffb9  ti_sysbios_family_xxx_Hwi_switchAndRunFunc                      
20010199  ti_sysbios_gates_GateHwi_Handle__label__S                       
20010661  ti_sysbios_gates_GateHwi_Instance_init__E                       
200116f8  ti_sysbios_gates_GateHwi_Module__FXNS__C                        
20010d44  ti_sysbios_gates_GateHwi_Module__root__V                        
200117cc  ti_sysbios_gates_GateHwi_Object__DESC__C                        
200118ac  ti_sysbios_gates_GateHwi_Object__PARAMS__C                      
2000f9dd  ti_sysbios_gates_GateHwi_Object__create__S                      
2000ff15  ti_sysbios_gates_GateHwi_Object__delete__S                      
20010d98  ti_sysbios_gates_GateHwi_Object__table__V                       
20010531  ti_sysbios_gates_GateHwi_enter__E                               
20010611  ti_sysbios_gates_GateHwi_leave__E                               
20010641  ti_sysbios_gates_GateHwi_query__E                               
200101b1  ti_sysbios_gates_GateMutex_Handle__label__S                     
200119dc  ti_sysbios_gates_GateMutex_Instance_State_sem__O                
200103e9  ti_sysbios_gates_GateMutex_Instance_finalize__E                 
20010059  ti_sysbios_gates_GateMutex_Instance_init__E                     
2001171c  ti_sysbios_gates_GateMutex_Module__FXNS__C                      
20010d4c  ti_sysbios_gates_GateMutex_Module__root__V                      
200117ec  ti_sysbios_gates_GateMutex_Object__DESC__C                      
200118c4  ti_sysbios_gates_GateMutex_Object__PARAMS__C                    
2000fa0d  ti_sysbios_gates_GateMutex_Object__create__S                    
2000fe15  ti_sysbios_gates_GateMutex_Object__delete__S                    
20010ad4  ti_sysbios_gates_GateMutex_Object__table__V                     
2000fa41  ti_sysbios_gates_GateMutex_enter__E                             
200101c9  ti_sysbios_gates_GateMutex_leave__E                             
20010649  ti_sysbios_gates_GateMutex_query__E                             
20010169  ti_sysbios_hal_Hwi_HwiProxy_Module__startupDone__S              
20010501  ti_sysbios_hal_Hwi_HwiProxy_Params__init__S                     
2000f099  ti_sysbios_hal_Hwi_HwiProxy_disableInterrupt__E                 
20010511  ti_sysbios_hal_Hwi_HwiProxy_disable__E                          
2000f0e1  ti_sysbios_hal_Hwi_HwiProxy_enableInterrupt__E                  
2000f319  ti_sysbios_hal_Hwi_HwiProxy_getStackInfo__E                     
20010609  ti_sysbios_hal_Hwi_HwiProxy_restore__E                          
200105f9  ti_sysbios_hal_Hwi_HwiProxy_startup__E                          
200102d9  ti_sysbios_hal_Hwi_HwiProxy_switchFromBootStack__E              
20010371  ti_sysbios_hal_Hwi_Module_startup__E                            
2000f099  ti_sysbios_hal_Hwi_disableInterrupt__E                          
2000f0e1  ti_sysbios_hal_Hwi_enableInterrupt__E                           
2000f319  ti_sysbios_hal_Hwi_getStackInfo__E                              
2000f919  ti_sysbios_hal_Hwi_initStack                                    
200105f9  ti_sysbios_hal_Hwi_startup__E                                   
200102d9  ti_sysbios_hal_Hwi_switchFromBootStack__E                       
200119e0  ti_sysbios_heaps_HeapMem_E_memory__C                            
200101e1  ti_sysbios_heaps_HeapMem_Handle__label__S                       
2000f4b9  ti_sysbios_heaps_HeapMem_Instance_init__E                       
200101b1  ti_sysbios_heaps_HeapMem_Module_GateProxy_Handle__label__S      
2000d43d  ti_sysbios_heaps_HeapMem_Module_GateProxy_enter__E              
2000d5a5  ti_sysbios_heaps_HeapMem_Module_GateProxy_leave__E              
20010649  ti_sysbios_heaps_HeapMem_Module_GateProxy_query__E              
200116d0  ti_sysbios_heaps_HeapMem_Module__FXNS__C                        
200119e4  ti_sysbios_heaps_HeapMem_Module__gateObj__C                     
20011a80  ti_sysbios_heaps_HeapMem_Module__id__C                          
20010d54  ti_sysbios_heaps_HeapMem_Module__root__V                        
2001180c  ti_sysbios_heaps_HeapMem_Object__DESC__C                        
[...]
20010139  __aeabi_lmul                                                    
20010151  ti_sysbios_BIOS_rtsUnlock__I                                    
20010169  ti_sysbios_family_arm_m3_Hwi_Module__startupDone__F             
20010169  ti_sysbios_family_arm_m3_Hwi_Module__startupDone__S             
20010169  ti_sysbios_hal_Hwi_HwiProxy_Module__startupDone__S              
20010181  ti_sysbios_family_arm_m3_Timer_Module__startupDone__F           
20010181  ti_sysbios_family_arm_m3_Timer_Module__startupDone__S           
20010181  ti_sysbios_knl_Clock_TimerProxy_Module__startupDone__S          
20010199  ti_sysbios_gates_GateHwi_Handle__label__S                       
20010199  xdc_runtime_Main_Module_GateProxy_Handle__label__S              
20010199  xdc_runtime_System_Module_GateProxy_Handle__label__S            
200101b1  ti_sysbios_BIOS_RtsGateProxy_Handle__label__S                   
200101b1  ti_sysbios_gates_GateMutex_Handle__label__S                     
200101b1  ti_sysbios_heaps_HeapMem_Module_GateProxy_Handle__label__S      
200101c9  ti_sysbios_gates_GateMutex_leave__E                             
200101e1  ti_sysbios_heaps_HeapMem_Handle__label__S                       
200101e1  xdc_runtime_Memory_HeapProxy_Handle__label__S                   
200101f9  ti_sysbios_knl_Task_sleepTimeout__I                             
20010211  ti_sysbios_rts_ti_ReentSupport_getTlsAddr__I                    
20010229  xdc_runtime_Error_init__E                                       
20010241  xdc_runtime_System_exit__E                                      
20010259  PRCMHIBRegRead                                                  
2001026f  PRCMHIBRegWrite                                                 
20010285  ti_sysbios_BIOS_exitFunc__I                                     
2001029d  Power_getDependencyCount                                        
200102b1  pthread_attr_setschedparam                                      
200102c5  ti_sysbios_family_arm_m3_Hwi_Object__get__S                     
200102d9  ti_sysbios_family_arm_m3_Hwi_switchFromBootStack__E             
200102d9  ti_sysbios_hal_Hwi_HwiProxy_switchFromBootStack__E              
200102d9  ti_sysbios_hal_Hwi_switchFromBootStack__E                       
200102ed  ti_sysbios_family_arm_m3_TaskSupport_swap__E                    
200102ed  ti_sysbios_knl_Task_SupportProxy_swap__E                        
200102f9  ti_sysbios_knl_Task_swapReturn                                  
20010301  ti_sysbios_heaps_HeapMem_Object__get__S                         
20010319  ti_sysbios_knl_Clock_tickReconfig__E                            
2001032d  ti_sysbios_knl_Swi_Object__get__S                               
20010341  SemaphoreP_pend                                                 
20010371  ti_sysbios_hal_Hwi_Module_startup__E                            
20010383  xdc_runtime_Startup_exec__I                                     
20010395  HwiP_Params_init                                                
200103a5  lab2Thread                                                      
200103b9  ti_sysbios_BIOS_setThreadType__E                                
200103c9  ti_sysbios_BIOS_start__E                                        
200103d9  ti_sysbios_family_arm_m3_TaskSupport_glue                       
200103e9  ti_sysbios_gates_GateMutex_Instance_finalize__E                 
200103f9  ti_sysbios_knl_Mailbox_Object__get__S                           
20010409  ti_sysbios_knl_Semaphore_Instance_finalize__E                   
20010419  ti_sysbios_knl_Swi_disable__E                                   
20010429  ti_sysbios_knl_Task_Object__get__S                              
20010439  ti_sysbios_knl_Task_disable__E                                  
20010449  xdc_runtime_Memory_free__E                                      
20010459  xdc_runtime_SysCallback_abort__E                                
20010459  xdc_runtime_System_SupportProxy_abort__E                        
20010469  xdc_runtime_SysCallback_exit__E                                 
20010469  xdc_runtime_System_SupportProxy_exit__E                         
20010479  __TI_decompress_none                                            
20010489  pthread_attr_setdetachstate                                     
20010499  ti_sysbios_knl_Idle_loop__E                                     
200104a9  ti_sysbios_knl_Queue_empty__E                                   
200104b7  CC3220S_LAUNCHXL_initGeneral                                    
200104c5  Power_getConstraintMask                                         
200104d1  SemaphoreP_delete                                               
200104dd  _register_lock                                                  
200104e9  _register_unlock                                                
200104f5  __TI_zero_init                                                  
20010501  ti_sysbios_family_arm_m3_Hwi_Params__init__S                    
20010501  ti_sysbios_hal_Hwi_HwiProxy_Params__init__S                     
20010511  ti_sysbios_family_arm_m3_Hwi_disableFxn__E                      
20010511  ti_sysbios_hal_Hwi_HwiProxy_disable__E                          
20010521  ti_sysbios_family_arm_m3_TaskSupport_getStackAlignment__E       
20010521  ti_sysbios_knl_Task_SupportProxy_getStackAlignment__E           
20010531  ti_sysbios_gates_GateHwi_enter__E                               
20010541  ClockP_getSystemTicks                                           
20010541  ti_sysbios_knl_Clock_getTicks__E                                
20010551  ti_sysbios_knl_Clock_setTicks__E                                
20010561  ti_sysbios_knl_Clock_tickStart__E                               
20010571  ti_sysbios_knl_Clock_tickStop__E                                
2001057d  ti_sysbios_knl_Queue_Object__get__S                             
20010589  ti_sysbios_knl_Semaphore_Params__init__S                        
20010595  ti_sysbios_knl_Task_Params__init__S                             
200105a1  ti_sysbios_knl_Task_self__E                                     
200105b1  ti_sysbios_rts_ti_ReentSupport_taskRegHook__I                   
200105c1  xdc_runtime_Startup_rtsDone__E                                  
200105cd  xdc_runtime_Memory_HeapProxy_alloc__E                           
200105d7  xdc_runtime_Memory_HeapProxy_free__E                            
200105e1  Board_init                                                      
200105e9  pthread_attr_setstacksize                                       
200105f1  ti_sysbios_family_arm_m3_Hwi_doSwiRestore__I                    
200105f9  ti_sysbios_family_arm_m3_Hwi_startup__E                         
200105f9  ti_sysbios_hal_Hwi_HwiProxy_startup__E                          
200105f9  ti_sysbios_hal_Hwi_startup__E                                   
20010601  ti_sysbios_family_arm_m3_Hwi_doTaskRestore__I                   
20010609  HwiP_restore                                                    
20010609  ti_sysbios_family_arm_m3_Hwi_restoreFxn__E                      
20010609  ti_sysbios_hal_Hwi_HwiProxy_restore__E                          
20010611  ti_sysbios_gates_GateHwi_leave__E                               
20010619  ti_sysbios_heaps_HeapMem_isBlocking__E                          
20010621  ti_sysbios_knl_Queue_Instance_init__E                           
20010629  ti_sysbios_knl_Swi_startup__E                                   
20010631  xdc_runtime_System_Module_startup__E                            
20010639  ti_sysbios_family_arm_m3_Timer_getMaxTicks__E                   
20010641  ti_sysbios_gates_GateHwi_query__E                               
20010641  xdc_runtime_Main_Module_GateProxy_query__E                      
20010641  xdc_runtime_System_Module_GateProxy_query__E                    
20010649  ti_sysbios_BIOS_RtsGateProxy_query__E                           
20010649  ti_sysbios_gates_GateMutex_query__E                             
20010649  ti_sysbios_heaps_HeapMem_Module_GateProxy_query__E              
20010651  ti_sysbios_knl_Task_startup__E                                  
20010659  ti_sysbios_BIOS_linkedWithIncorrectBootLibrary__E               
20010661  ti_sysbios_gates_GateHwi_Instance_init__E                       
20010669  ti_sysbios_knl_Clock_logTick__E                                 
20010671  xdc_runtime_SysCallback_defaultAbort                            
20010679  xdc_runtime_SysCallback_defaultExit                             
20010681  xdc_runtime_System_abortSpin__E                                 
20010689  xdc_runtime_System_exitSpin__E                                  
2001068c  PowerCC32XX_module                                              
200107f8  parkInfo                                                        
20010978  ti_sysbios_knl_Swi_Module_State_0_readyQ__A                     
200109f8  ti_sysbios_knl_Task_Module_State_0_readyQ__A                    
20010a78  ti_sysbios_knl_Task_Object__table__V                            
20010ad4  ti_sysbios_gates_GateMutex_Object__table__V                     
20010b28  gpioPinConfigs                                                  
20010b74  ti_sysbios_knl_Task_Module__state__V                            
20010bbc  ti_sysbios_family_arm_m3_Hwi_Module__state__V                   
20010bf0  ti_sysbios_family_arm_m3_Timer_Object__table__V                 
20010c20  ti_sysbios_knl_Swi_Object__table__V                             
20010c50  ti_sysbios_knl_Clock_Module__state__V                           
20010c7c  ti_sysbios_BIOS_Module__state__V                                
20010ca0  xdc_runtime_Error_IgnoreBlock                                   
20010cc0  ti_sysbios_knl_Swi_Module__state__V                             
20010cdc  ti_sysbios_family_arm_m3_Hwi_Object__table__V                   
20010cf4  ti_sysbios_heaps_HeapMem_Object__table__V                       
20010d0c  gpioCallbackFunctions                                           
20010d1c  ti_sysbios_family_arm_m3_Timer_Module__state__V                 
20010d32  ti_sysbios_family_arm_m3_Hwi_Module_State_0_excActive__A        
20010d34  _lock                                                           
20010d38  _unlock                                                         
20010d3c  ti_sysbios_family_arm_m3_Hwi_Module__root__V                    
20010d44  ti_sysbios_gates_GateHwi_Module__root__V                        
20010d4c  ti_sysbios_gates_GateMutex_Module__root__V                      
20010d54  ti_sysbios_heaps_HeapMem_Module__root__V                        
20010d5c  ti_sysbios_knl_Queue_Module__root__V                            
20010d64  ti_sysbios_knl_Semaphore_Module__root__V                        
20010d6c  ti_sysbios_knl_Task_Module__root__V                             
20010d74  xdc_runtime_Startup_Module__state__V                            
20010d7c  xdc_runtime_System_Module_State_0_atexitHandlers__A             
20010d84  xdc_runtime_System_Module__state__V                             
20010d8c  main_func_sp                                                    
20010d90  ti_sysbios_family_arm_m3_Hwi_Module_State_0_excContext__A       
20010d94  ti_sysbios_family_arm_m3_Hwi_Module_State_0_excStack__A         
20010d98  ti_sysbios_gates_GateHwi_Object__table__V                       
20010d9c  ti_sysbios_knl_Task_Module_State_0_idleTask__A                  
20010da0  ti_sysbios_rts_ti_ReentSupport_Module__state__V                 
20010da4  xdc_runtime_Memory_Module__state__V                             
20010da8  ti_sysbios_family_arm_m3_Hwi_dispatchTable                      
200110b8  ti_sysbios_knl_Task_Instance_State_0_stack__A                   
200112b8  PowerCC32XX_contextSave                                         
20011418  ti_sysbios_knl_Task_Instance_State_0_hookEnv__A                 
2001161c  ti_sysbios_knl_Task_Object__PARAMS__C                           
20011660  PowerCC32XX_config                                              
200116a0  ti_sysbios_family_arm_m3_Hwi_Object__PARAMS__C                  
200116d0  ti_sysbios_heaps_HeapMem_Module__FXNS__C                        
200116f8  ti_sysbios_gates_GateHwi_Module__FXNS__C                        
2001171c  ti_sysbios_gates_GateMutex_Module__FXNS__C                      
20011740  ti_sysbios_heaps_HeapMem_Object__PARAMS__C                      
20011764  ti_sysbios_knl_Semaphore_Object__PARAMS__C                      
200117a9  ti_sysbios_knl_Clock_tickMode__C                                
200117aa  ti_sysbios_family_arm_m3_Hwi_Module__id__C                      
200117ac  ti_sysbios_family_arm_m3_Hwi_Object__DESC__C                    
200117cc  ti_sysbios_gates_GateHwi_Object__DESC__C                        
200117ec  ti_sysbios_gates_GateMutex_Object__DESC__C                      
2001180c  ti_sysbios_heaps_HeapMem_Object__DESC__C                        
2001182c  ti_sysbios_knl_Queue_Object__DESC__C                            
2001184c  ti_sysbios_knl_Semaphore_Object__DESC__C                        
2001186c  ti_sysbios_knl_Task_Object__DESC__C                             
2001188c  xdc_runtime_Startup_sfxnTab__A                                  
200118ac  ti_sysbios_gates_GateHwi_Object__PARAMS__C                      
200118c4  ti_sysbios_gates_GateMutex_Object__PARAMS__C                    
200118dc  ti_sysbios_knl_Queue_Object__PARAMS__C                          
200118f4  ti_sysbios_knl_Task_hooks__A                                    
2001190c  GPIOCC32XX_config                                               
20011948  xdc_runtime_Startup_sfxnRts__A                                  
20011958  xdc_runtime_Startup_firstFxns__A                                
20011964  outPinTypes                                                     
2001196c  ti_sysbios_knl_Idle_funcList__A                                 
20011974  ti_sysbios_knl_Idle_funcList__C                                 
2001197c  ti_sysbios_knl_Task_hooks__C                                    
20011984  xdc_runtime_Startup_firstFxns__C                                
2001198c  xdc_runtime_Startup_lastFxns__C                                 
2001199a  inPinTypes                                                      
200119a0  outPinStrengths                                                 
200119aa  ti_sysbios_family_arm_m3_Timer_Module__id__C                    
200119ac  ti_sysbios_family_arm_m3_Hwi_E_alreadyDefined__C                
200119b0  ti_sysbios_family_arm_m3_Hwi_NUM_INTERRUPTS__C                  
200119b4  ti_sysbios_family_arm_m3_Hwi_Object__count__C                   
200119b8  ti_sysbios_family_arm_m3_Hwi_ccr__C                             
200119bc  ti_sysbios_family_arm_m3_Hwi_excHandlerFunc__C                  
200119c0  ti_sysbios_family_arm_m3_Hwi_nullIsrFunc__C                     
200119c4  ti_sysbios_family_arm_m3_Hwi_priGroup__C                        
200119c8  ti_sysbios_family_arm_m3_Hwi_swiDisable__C                      
200119cc  ti_sysbios_family_arm_m3_Hwi_swiRestore__C                      
200119d0  ti_sysbios_family_arm_m3_TaskSupport_stackAlignment__C          
200119d4  ti_sysbios_family_arm_m3_Timer_E_cannotSupport__C               
200119d8  ti_sysbios_family_arm_m3_Timer_startupNeeded__C                 
200119dc  ti_sysbios_gates_GateMutex_Instance_State_sem__O                
200119e0  ti_sysbios_heaps_HeapMem_E_memory__C                            
200119e4  ti_sysbios_heaps_HeapMem_Module__gateObj__C                     
200119e8  ti_sysbios_heaps_HeapMem_Object__count__C                       
200119ec  ti_sysbios_heaps_HeapMem_primaryHeapBaseAddr__C                 
200119f0  ti_sysbios_heaps_HeapMem_primaryHeapEndAddr__C                  
200119f4  ti_sysbios_heaps_HeapMem_reqAlign__C                            
200119f8  ti_sysbios_knl_Clock_Module_State_clockQ__O                     
200119fc  ti_sysbios_knl_Clock_tickPeriod__C                              
20011a00  ti_sysbios_knl_Mailbox_Instance_State_freeQue__O                
20011a04  ti_sysbios_knl_Mailbox_Object__count__C                         
20011a08  ti_sysbios_knl_Mailbox_maxTypeAlign__C                          
20011a0c  ti_sysbios_knl_Semaphore_Instance_State_pendQ__O                
20011a10  ti_sysbios_knl_Swi_Object__count__C                             
20011a14  ti_sysbios_knl_Task_Module_State_inactiveQ__O                   
20011a18  ti_sysbios_knl_Task_Object__count__C                            
20011a1c  ti_sysbios_knl_Task_Object__heap__C                             
20011a20  ti_sysbios_knl_Task_allBlockedFunc__C                           
20011a24  ti_sysbios_knl_Task_defaultStackHeap__C                         
20011a28  ti_sysbios_knl_Task_defaultStackSize__C                         
20011a2c  ti_sysbios_knl_Task_numConstructedTasks__C                      
20011a30  xdc_runtime_Error_E_memory__C                                   
20011a34  xdc_runtime_Error_policyFxn__C                                  
20011a38  xdc_runtime_IGateProvider_Interface__BASE__C                    
20011a3c  xdc_runtime_IHeap_Interface__BASE__C                            
20011a40  xdc_runtime_IModule_Interface__BASE__C                          
20011a44  xdc_runtime_Memory_defaultHeapInstance__C                       
20011a48  xdc_runtime_Startup_execImpl__C                                 
20011a4c  xdc_runtime_Startup_maxPasses__C                                
20011a50  xdc_runtime_Startup_sfxnRts__C                                  
20011a54  xdc_runtime_Startup_sfxnTab__C                                  
20011a58  xdc_runtime_SysCallback_abortFxn__C                             
20011a5c  xdc_runtime_SysCallback_exitFxn__C                              
20011a60  xdc_runtime_System_Module__gateObj__C                           
20011a64  xdc_runtime_System_abortFxn__C                                  
20011a68  xdc_runtime_System_exitFxn__C                                   
20011a6c  xdc_runtime_System_maxAtexitHandlers__C                         
20011a70  xdc_runtime_Text_charTab__C                                     
20011a74  xdc_runtime_Text_nameEmpty__C                                   
20011a78  xdc_runtime_Text_nameStatic__C                                  
20011a7c  xdc_runtime_Text_nameUnknown__C                                 
20011a80  ti_sysbios_heaps_HeapMem_Module__id__C                          
20011a82  xdc_runtime_Memory_Module__id__C                                
20011a84  xdc_runtime_Text_charCnt__C                                     
20011a86  xdc_runtime_Text_isLoaded__C                                    
20011a88  ti_sysbios_knl_Clock_tickSource__C                              
20011a89  xdc_runtime_Error_policy__C                                     
20011a8a  xdc_runtime_Text_charTab__A                                     
20011a90  __TI_static_base__                                              
20011cf0  __TI_Handler_Table_Base                                         
20011cfc  __TI_Handler_Table_Limit                                        
20011d08  __TI_CINIT_Base                                                 
20011d18  __TI_CINIT_Limit                                                
e000e000  ti_sysbios_family_arm_m3_Hwi_nvic                               
ffffffff  __TI_pprof_out_hndl                                             
ffffffff  __TI_prof_data_size                                             
ffffffff  __TI_prof_data_start                                            
ffffffff  __binit__                                                       
ffffffff  __c_args__                                                      
ffffffff  binit                                                           
UNDEFED   SHT$$INIT_ARRAY$$Base                                           
UNDEFED   SHT$$INIT_ARRAY$$Limit                                          

[485 symbols]
