******************************************************************************
                  TI ARM Linker PC v18.12.3                    
******************************************************************************
>> Linked Thu Sep  5 09:04:04 2019

OUTPUT FILE NAME:   <Lab_Micro2.out>
ENTRY POINT SYMBOL: "_c_int00"  address: 2000f081


MEMORY CONFIGURATION

         name            origin    length      used     unused   attr    fill
----------------------  --------  ---------  --------  --------  ----  --------
  SRAM0                 20000000   00004000  0000070c  000038f4  RW X
  SRAM                  20004000   0003c000  0000d951  0002e6af  RW X


SEGMENT ALLOCATION MAP

run origin  load origin   length   init length attrs members
----------  ----------- ---------- ----------- ----- -------
20003c00    20003c00    00000400   00000000    rw-
  20003c00    20003c00    00000400   00000000    rw- .stack
20004000    20004000    00008040   0000003c    r--
  20004000    20004000    0000003c   0000003c    r-- .resetVecs
  20004040    20004040    00008000   00000000    r-- .priheap
2000c040    2000c040    000042ca   000042ca    r-x
  2000c040    2000c040    000042ca   000042ca    r-x .text
2001030c    2001030c    000006f8   00000000    rw-
  2001030c    2001030c    000006f8   00000000    rw- .data
20010a08    20010a08    00000674   00000000    rw-
  20010a08    20010a08    00000674   00000000    rw- .bss
2001107c    2001107c    0000066f   0000066f    r--
  2001107c    2001107c    0000066f   0000066f    r-- .const
200116f0    200116f0    00000270   00000270    r--
  200116f0    200116f0    00000270   00000270    r-- .cinit


SECTION ALLOCATION MAP

 output                                  attributes/
section   page    origin      length       input sections
--------  ----  ----------  ----------   ----------------
.vecs      0    20000000    0000030c     NOLOAD SECTION
                  20000000    0000030c     release_pem4.oem4 (.vecs)

.stack     0    20003c00    00000400     UNINITIALIZED
                  20003c00    00000400     --HOLE--

.text      0    2000c040    000042ca     
                  2000c040    0000042c     driverlib.a : prcm.obj (.text:PRCMCC3200MCUInit)
                  2000c46c    000001d8     drivers_cc32xx.aem4 : GPIOCC32XX.oem4 (.text:GPIO_setConfig)
                  2000c644    0000014c     dpl_cc32xx.aem4 : PowerCC32XX_tirtos.oem4 (.text:PowerCC32XX_sleepPolicy)
                  2000c790    00000148     drivers_cc32xx.aem4 : PowerCC32XX.oem4 (.text:parkPins)
                  2000c8d8    00000130     sysbios.aem4 : BIOS.obj (.text:ti_sysbios_knl_Semaphore_pend__E)
                  2000ca08    0000011c     drivers_cc32xx.aem4 : PowerCC32XX.oem4 (.text:Power_sleep)
                  2000cb24    00000004     dpl_cc32xx.aem4 : HwiP_tirtos.oem4 (.text:HwiP_disable)
                  2000cb28    0000011c     sysbios.aem4 : BIOS.obj (.text:xdc_runtime_Startup_startMods__I)
                  2000cc44    00000004     dpl_cc32xx.aem4 : SemaphoreP_tirtos.oem4 (.text:SemaphoreP_post)
                  2000cc48    00000110     sysbios.aem4 : BIOS.obj (.text:ti_sysbios_knl_Task_postInit__I)
                  2000cd58    00000104                  : BIOS.obj (.text:ti_sysbios_knl_Task_Instance_finalize__E)
                  2000ce5c    00000004     release_pem4.oem4 (.text:ti_sysbios_BIOS_RtsGateProxy_enter__E)
                  2000ce60    000000fc     sysbios.aem4 : BIOS.obj (.text:ti_sysbios_knl_Task_Instance_init__E)
                  2000cf5c    00000004     release_pem4.oem4 (.text:ti_sysbios_BIOS_RtsGateProxy_leave__E)
                  2000cf60    000000f0     sysbios.aem4 : BIOS.obj (.text:pthread_create)
                  2000d050    000000d0                  : m3_Hwi_asm.obj (.text:ti_sysbios_family_arm_m3_Hwi_dispatch__I)
                  2000d120    000000d0                  : BIOS.obj (.text:ti_sysbios_heaps_HeapMem_alloc__E)
                  2000d1f0    000000c4     drivers_cc32xx.aem4 : GPIOCC32XX.oem4 (.text:GPIO_init)
                  2000d2b4    000000c0                         : PowerCC32XX.oem4 (.text:restoreParkedPins)
                  2000d374    00000004     release_pem4.oem4 (.text:ti_sysbios_family_arm_m3_TaskSupport_Module__startupDone__S)
                  2000d378    000000bc     sysbios.aem4 : BIOS.obj (.text:xdc_runtime_Core_createObject__I)
                  2000d434    000000a8     drivers_cc32xx.aem4 : PowerCC32XX.oem4 (.text:PowerCC32XX_configureWakeup)
                  2000d4dc    00000004     release_pem4.oem4 (.text:ti_sysbios_heaps_HeapMem_Module_GateProxy_enter__E)
                  2000d4e0    000000a4     sysbios.aem4 : BIOS.obj (.text:ti_sysbios_knl_Task_setPri__E)
                  2000d584    000000a0     auto_init.aem4 : auto_init.oem4 (.text)
                  2000d624    00000004     release_pem4.oem4 (.text:ti_sysbios_heaps_HeapMem_Module_GateProxy_leave__E)
                  2000d628    0000009c     sysbios.aem4 : BIOS.obj (.text:_pthread_removeThreadKeys)
                  2000d6c4    0000009c     rtsv7M4_T_le_eabi.lib : memcpy_t2.asm.obj (.text)
                  2000d760    00000098     drivers_cc32xx.aem4 : GPIOCC32XX.oem4 (.text:powerNotifyFxn)
                  2000d7f8    00000098     sysbios.aem4 : BIOS.obj (.text:ti_sysbios_family_arm_m3_Hwi_Instance_init__E)
                  2000d890    00000096     rtsv7M4_T_le_eabi.lib : ull_div_t2.asm.obj (.text)
                  2000d926    00000002                           : _lock.c.obj (.text:_nop)
                  2000d928    00000094     sysbios.aem4 : BIOS.obj (.text:ti_sysbios_knl_Task_exit__E)
                  2000d9bc    00000090     drivers_cc32xx.aem4 : PowerCC32XX.oem4 (.text:restoreNVICRegs)
                  2000da4c    00000004     release_pem4.oem4 (.text:ti_sysbios_knl_Clock_TimerProxy_getMaxTicks__E)
                  2000da50    00000090     sysbios.aem4 : BIOS.obj (.text:ti_sysbios_knl_Task_Module_startup__E)
                  2000dae0    0000008c                  : BIOS.obj (.text:xdc_runtime_Memory_alloc__E)
                  2000db6c    00000088     driverlib.a : pin.obj (.text:PinConfigSet)
                  2000dbf4    00000004     release_pem4.oem4 (.text:ti_sysbios_knl_Clock_TimerProxy_setPeriodMicroSecs__E)
                  2000dbf8    00000088     sysbios.aem4 : BIOS.obj (.text:ti_sysbios_family_arm_m3_Hwi_initNVIC__E)
                  2000dc80    00000088                  : BIOS.obj (.text:ti_sysbios_family_arm_m3_TaskSupport_start__E)
                  2000dd08    00000086                  : BIOS.obj (.text:xdc_runtime_Core_constructObject__I)
                  2000dd8e    00000002     rtsv7M4_T_le_eabi.lib : div0.asm.obj (.text)
                  2000dd90    00000084     drivers_cc32xx.aem4 : PowerCC32XX.oem4 (.text:Power_init)
                  2000de14    00000084                         : PowerCC32XX.oem4 (.text:saveNVICRegs)
                  2000de98    00000084     sysbios.aem4 : BIOS.obj (.text:ti_sysbios_family_arm_m3_Hwi_postInit__I)
                  2000df1c    00000004     release_pem4.oem4 (.text:ti_sysbios_knl_Clock_TimerProxy_start__E)
                  2000df20    00000084     sysbios.aem4 : BIOS.obj (.text:ti_sysbios_heaps_HeapMem_free__E)
                  2000dfa4    00000080     drivers_cc32xx.aem4 : PowerCC32XX.oem4 (.text:Power_setDependency)
                  2000e024    00000004     release_pem4.oem4 (.text:ti_sysbios_knl_Clock_TimerProxy_stop__E)
                  2000e028    00000080     sysbios.aem4 : BIOS.obj (.text:ti_sysbios_knl_Clock_workFunc__E)
                  2000e0a8    0000007a     rtsv7M4_T_le_eabi.lib : memset_t2.asm.obj (.text)
                  2000e122    00000002     release_pem4.oem4 (.text:ti_sysbios_BIOS_nullFunc__I)
                  2000e124    00000078     drivers_cc32xx.aem4 : GPIOCC32XX.oem4 (.text:GPIO_hwiIntFxn)
                  2000e19c    00000004     release_pem4.oem4 (.text:ti_sysbios_knl_Semaphore_delete)
                  2000e1a0    00000074     sysbios.aem4 : BIOS.obj (.text:xdc_runtime_Core_deleteObject__I)
                  2000e214    00000004     release_pem4.oem4 (.text:ti_sysbios_knl_Task_delete)
                  2000e218    00000070     sysbios.aem4 : BIOS.obj (.text:ti_sysbios_heaps_HeapMem_initPrimary__I)
                  2000e288    0000006c                  : BIOS.obj (.text:ti_sysbios_knl_Swi_restoreHwi__E)
                  2000e2f4    00000068     rtsv7M4_T_le_eabi.lib : copy_decompress_lzss.c.obj (.text:decompress:lzss:__TI_decompress_lzss)
                  2000e35c    00000004     release_pem4.oem4 (.text:xdc_runtime_System_Module_GateProxy_enter__E)
                  2000e360    00000068     sysbios.aem4 : BIOS.obj (.text:pthread_exit)
                  2000e3c8    00000064     drivers_cc32xx.aem4 : GPIOCC32XX.oem4 (.text:GPIO_toggle)
                  2000e42c    00000064                         : PowerCC32XX.oem4 (.text:PowerCC32XX_setParkState)
                  2000e490    00000064     main_tirtos.obj (.text:main)
                  2000e4f4    00000004     release_pem4.oem4 (.text:xdc_runtime_System_Module_GateProxy_leave__E)
                  2000e4f8    00000064     sysbios.aem4 : BIOS.obj (.text:ti_sysbios_family_arm_m3_Hwi_dispatchC__I)
                  2000e55c    00000060     driverlib.a : prcm.obj (.text:PRCMSysResetCauseGet)
                  2000e5bc    00000002     release_pem4.oem4 (.text:xdc_runtime_Startup_reset__I)
                  2000e5be    00000002     --HOLE-- [fill = 0]
                  2000e5c0    00000060     sysbios.aem4 : BIOS.obj (.text:ti_sysbios_knl_Semaphore_post__E)
                  2000e620    00000060                  : BIOS.obj (.text:ti_sysbios_knl_Swi_run__I)
                  2000e680    0000005c     drivers_cc32xx.aem4 : GPIOCC32XX.oem4 (.text:GPIO_setCallback)
                  2000e6dc    00000004     --HOLE-- [fill = 0]
                  2000e6e0    0000005c     sysbios.aem4 : BIOS.obj (.text:ti_sysbios_family_arm_m3_Timer_start__E)
                  2000e73c    00000004     --HOLE-- [fill = 0]
                  2000e740    0000005c                  : BIOS.obj (.text:ti_sysbios_knl_Swi_schedule__I)
                  2000e79c    00000004     --HOLE-- [fill = 0]
                  2000e7a0    0000005c                  : BIOS.obj (.text:ti_sysbios_knl_Task_startCore__E)
                  2000e7fc    00000004     --HOLE-- [fill = 0]
                  2000e800    0000005c                  : BIOS.obj (.text:xdc_runtime_Startup_exec__E)
                  2000e85c    00000058     drivers_cc32xx.aem4 : GPIOCC32XX.oem4 (.text:GPIO_write)
                  2000e8b4    00000058     driverlib.a : prcm.obj (.text:PRCMPeripheralReset)
                  2000e90c    00000054     release_pem4.oem4 (.text:ti_sysbios_family_arm_m3_Hwi_create)
                  2000e960    00000054     sysbios.aem4 : BIOS.obj (.text:ti_sysbios_family_arm_m3_Timer_setPeriod__E)
                  2000e9b4    00000004     --HOLE-- [fill = 0]
                  2000e9b8    00000054                  : BIOS.obj (.text:xdc_runtime_Core_assignLabel__I)
                  2000ea0c    00000052     drivers_cc32xx.aem4 : PowerCC32XX_asm.oem4 (.text:PowerCC32XX_resumeLPDS)
                  2000ea5e    00000002     --HOLE-- [fill = 0]
                  2000ea60    00000050     sysbios.aem4 : BIOS.obj (.text:ti_sysbios_family_arm_m3_Hwi_Module_startup__E)
                  2000eab0    00000050     release_pem4.oem4 (.text:ti_sysbios_knl_Task_create)
                  2000eb00    0000004c     drivers_cc32xx.aem4 : GPIOCC32XX.oem4 (.text:GPIO_enableInt)
                  2000eb4c    0000004c                         : PowerCC32XX.oem4 (.text:PowerCC32XX_parkPin)
                  2000eb98    0000004c     rtsv7M4_T_le_eabi.lib : cpy_tbl.c.obj (.text:copy_in)
                  2000ebe4    0000004c     drivers_cc32xx.aem4 : PowerCC32XX.oem4 (.text:restorePeriphClocks)
                  2000ec30    0000004c     sysbios.aem4 : BIOS.obj (.text:ti_sysbios_heaps_HeapMem_getStats__E)
                  2000ec7c    00000004     --HOLE-- [fill = 0]
                  2000ec80    0000004c                  : BIOS.obj (.text:ti_sysbios_knl_Swi_runLoop__I)
                  2000eccc    00000004     --HOLE-- [fill = 0]
                  2000ecd0    0000004c                  : BIOS.obj (.text:ti_sysbios_knl_Task_allBlockedFunction__I)
                  2000ed1c    00000004     --HOLE-- [fill = 0]
                  2000ed20    0000004c                  : BIOS.obj (.text:ti_sysbios_knl_Task_schedule__I)
                  2000ed6c    00000048     driverlib.a : flash.obj (.text:FlashDisable)
                  2000edb4    00000048                 : prcm.obj (.text:PRCMLPDSEnter)
                  2000edfc    00000048                 : prcm.obj (.text:PRCMPeripheralClkEnable)
                  2000ee44    00000004     --HOLE-- [fill = 0]
                  2000ee48    00000048     sysbios.aem4 : BIOS.obj (.text:ti_sysbios_family_arm_m3_Hwi_disableInterrupt__E)
                  2000ee90    00000048                  : BIOS.obj (.text:ti_sysbios_family_arm_m3_Hwi_enableInterrupt__E)
                  2000eed8    00000048                  : m3_Hwi_asm_switch.obj (.text:ti_sysbios_family_arm_m3_Hwi_initStacks__E)
                  2000ef20    00000048                  : BIOS.obj (.text:ti_sysbios_family_arm_m3_Timer_initDevice__I)
                  2000ef68    00000048                  : BIOS.obj (.text:ti_sysbios_knl_Mailbox_Module_startup__E)
                  2000efb0    00000048                  : BIOS.obj (.text:xdc_runtime_Core_assignParams__I)
                  2000eff8    00000044     driverlib.a : prcm.obj (.text:PRCMLPDSRestoreInfoSet)
                  2000f03c    00000044     drivers_cc32xx.aem4 : PowerCC32XX_asm.oem4 (.text:PowerCC32XX_enterLPDS)
                  2000f080    00000044     boot.aem4 : boot.oem4 (.text)
                  2000f0c4    00000004     --HOLE-- [fill = 0]
                  2000f0c8    00000044     sysbios.aem4 : BIOS.obj (.text:ti_sysbios_family_arm_m3_Hwi_getStackInfo__E)
                  2000f10c    00000004     --HOLE-- [fill = 0]
                  2000f110    00000044                  : BIOS.obj (.text:ti_sysbios_knl_Mailbox_postInit__I)
                  2000f154    00000004     --HOLE-- [fill = 0]
                  2000f158    00000044                  : BIOS.obj (.text:ti_sysbios_knl_Swi_post__E)
                  2000f19c    00000004     --HOLE-- [fill = 0]
                  2000f1a0    00000044                  : BIOS.obj (.text:xdc_runtime_System_atexit__E)
                  2000f1e4    00000040     dpl_cc32xx.aem4 : HwiP_tirtos.oem4 (.text:HwiP_create)
                  2000f224    00000040     driverlib.a : pin.obj (.text:PinModeSet)
                  2000f264    00000004     --HOLE-- [fill = 0]
                  2000f268    00000040     sysbios.aem4 : BIOS.obj (.text:ti_sysbios_heaps_HeapMem_Instance_init__E)
                  2000f2a8    0000003c     drivers_cc32xx.aem4 : PowerCC32XX.oem4 (.text:Power_setConstraint)
                  2000f2e4    00000004     --HOLE-- [fill = 0]
                  2000f2e8    0000003c     sysbios.aem4 : BIOS.obj (.text:ti_sysbios_family_arm_m3_Hwi_Instance_finalize__E)
                  2000f324    00000004     --HOLE-- [fill = 0]
                  2000f328    0000003c                  : BIOS.obj (.text:ti_sysbios_family_arm_m3_Timer_setPeriodMicroSecs__E)
                  2000f364    00000004     --HOLE-- [fill = 0]
                  2000f368    0000003c                  : BIOS.obj (.text:ti_sysbios_knl_Clock_walkQueuePeriodic__E)
                  2000f3a4    00000004     --HOLE-- [fill = 0]
                  2000f3a8    0000003c                  : BIOS.obj (.text:ti_sysbios_knl_Swi_restore__E)
                  2000f3e4    00000004     --HOLE-- [fill = 0]
                  2000f3e8    0000003c                  : BIOS.obj (.text:xdc_runtime_System_processAtExit__E)
                  2000f424    0000003a     dpl_cc32xx.aem4 : PowerCC32XX_tirtos.oem4 (.text:getCountsRTC)
                  2000f45e    00000002     --HOLE-- [fill = 0]
                  2000f460    00000038     driverlib.a : prcm.obj (.text:PRCMLPDSEnterKeepDebugIf)
                  2000f498    00000038     drivers_cc32xx.aem4 : PowerCC32XX.oem4 (.text:notify)
                  2000f4d0    00000038     sysbios.aem4 : BIOS.obj (.text:ti_sysbios_knl_Task_processVitalTaskFlag__I)
                  2000f508    00000034     driverlib.a : pin.obj (.text:PinModeGet)
                  2000f53c    00000004     --HOLE-- [fill = 0]
                  2000f540    00000034     sysbios.aem4 : BIOS.obj (.text:_pthread_delete$41)
                  2000f574    00000004     --HOLE-- [fill = 0]
                  2000f578    00000034                  : BIOS.obj (.text:ti_sysbios_family_arm_m3_Timer_periodicStub__I)
                  2000f5ac    00000034     release_pem4.oem4 (.text:ti_sysbios_knl_Semaphore_create)
                  2000f5e0    00000032     sysbios.aem4 : BIOS.obj (.text:ti_sysbios_hal_Hwi_initStack)
                  2000f612    00000030     drivers_cc32xx.aem4 : PowerCC32XX.oem4 (.text:PowerCC32XX_restoreParkedPin)
                  2000f642    00000002     --HOLE-- [fill = 0]
                  2000f644    00000030     release_pem4.oem4 (.text:ti_sysbios_BIOS_atExitFunc__I)
                  2000f674    00000030     release_pem4.oem4 (.text:ti_sysbios_BIOS_startFunc__I)
                  2000f6a4    00000030     release_pem4.oem4 (.text:ti_sysbios_gates_GateHwi_Object__create__S)
                  2000f6d4    00000030     release_pem4.oem4 (.text:ti_sysbios_gates_GateMutex_Object__create__S)
                  2000f704    00000004     --HOLE-- [fill = 0]
                  2000f708    00000030     sysbios.aem4 : BIOS.obj (.text:ti_sysbios_gates_GateMutex_enter__E)
                  2000f738    00000030     release_pem4.oem4 (.text:ti_sysbios_heaps_HeapMem_Object__create__S)
                  2000f768    00000030     release_pem4.oem4 (.text:ti_sysbios_knl_Semaphore_construct)
                  2000f798    00000030     sysbios.aem4 : BIOS.obj (.text:ti_sysbios_knl_Semaphore_pendTimeout__I)
                  2000f7c8    00000030                  : BIOS.obj (.text:ti_sysbios_knl_Task_restore__E)
                  2000f7f8    00000030                  : BIOS.obj (.text:ti_sysbios_knl_Task_unblockI__E)
                  2000f828    0000002c     dpl_cc32xx.aem4 : SemaphoreP_tirtos.oem4 (.text:SemaphoreP_createBinary)
                  2000f854    00000004     --HOLE-- [fill = 0]
                  2000f858    0000002c     sysbios.aem4 : BIOS.obj (.text:_pthread_cleanupFxn)
                  2000f884    0000002c     release_pem4.oem4 (.text:ti_sysbios_knl_Clock_doTick__I)
                  2000f8b0    0000002c     release_pem4.oem4 (.text:ti_sysbios_knl_Queue_construct)
                  2000f8dc    00000028     driverlib.a : prcm.obj (.text:PRCMPeripheralClkDisable)
                  2000f904    00000028     dpl_cc32xx.aem4 : PowerCC32XX_tirtos.oem4 (.text:PowerCC32XX_initPolicy)
                  2000f92c    00000028     drivers_cc32xx.aem4 : PowerCC32XX.oem4 (.text:Power_registerNotify)
                  2000f954    00000028     empty.obj (.text:mainThread)
                  2000f97c    00000028     sysbios.aem4 : m3_Hwi_asm.obj (.text:ti_sysbios_family_arm_m3_Hwi_excHandlerAsm__I)
                  2000f9a4    00000004     --HOLE-- [fill = 0]
                  2000f9a8    00000028                  : BIOS.obj (.text:ti_sysbios_knl_Clock_addI__E)
                  2000f9d0    00000028                  : BIOS.obj (.text:ti_sysbios_knl_Swi_Module_startup__E)
                  2000f9f8    00000026     drivers_cc32xx.aem4 : List.oem4 (.text:List_put)
                  2000fa1e    00000024     empty.obj (.text:delay)
                  2000fa42    00000006     driverlib.a : utils.obj (.text:UtilsDelay)
                  2000fa48    00000024     sysbios.aem4 : BIOS.obj (.text:pthread_attr_init)
                  2000fa6c    00000024     release_pem4.oem4 (.text:ti_sysbios_BIOS_registerRTSLock__I)
                  2000fa90    00000024     release_pem4.oem4 (.text:ti_sysbios_BIOS_removeRTSLock__I)
                  2000fab4    00000004     --HOLE-- [fill = 0]
                  2000fab8    00000024     sysbios.aem4 : BIOS.obj (.text:ti_sysbios_family_arm_m3_Timer_postInit__I)
                  2000fadc    00000004     --HOLE-- [fill = 0]
                  2000fae0    00000024                  : BIOS.obj (.text:ti_sysbios_family_arm_m3_Timer_startup__E)
                  2000fb04    00000024     release_pem4.oem4 (.text:ti_sysbios_gates_GateMutex_Object__delete__S)
                  2000fb28    00000024     sysbios.aem4 : BIOS.obj (.text:ti_sysbios_knl_Clock_Module_startup__E)
                  2000fb4c    00000004     --HOLE-- [fill = 0]
                  2000fb50    00000024                  : BIOS.obj (.text:ti_sysbios_knl_Semaphore_Instance_init__E)
                  2000fb74    00000024     release_pem4.oem4 (.text:ti_sysbios_knl_Semaphore_Object__delete__S)
                  2000fb98    00000024     sysbios.aem4 : BIOS.obj (.text:ti_sysbios_knl_Task_restoreHwi__E)
                  2000fbbc    00000004     --HOLE-- [fill = 0]
                  2000fbc0    00000024                  : BIOS.obj (.text:xdc_runtime_Error_policyMin__E)
                  2000fbe4    00000020     release_pem4.oem4 (.text:ti_sysbios_BIOS_rtsLock__I)
                  2000fc04    00000020     release_pem4.oem4 (.text:ti_sysbios_gates_GateHwi_Object__delete__S)
                  2000fc24    00000020     release_pem4.oem4 (.text:ti_sysbios_heaps_HeapMem_Object__delete__S)
                  2000fc44    00000004     --HOLE-- [fill = 0]
                  2000fc48    00000020     sysbios.aem4 : BIOS.obj (.text:ti_sysbios_knl_Idle_run__E)
                  2000fc68    00000020     release_pem4.oem4 (.text:ti_sysbios_knl_Semaphore_destruct)
                  2000fc88    00000020     release_pem4.oem4 (.text:ti_sysbios_knl_Task_Object__delete__S)
                  2000fca8    0000001e     sysbios.aem4 : m3_Hwi_asm_switch.obj (.text:ti_sysbios_family_xxx_Hwi_switchAndRunFunc)
                  2000fcc6    00000002     --HOLE-- [fill = 0]
                  2000fcc8    0000001c     driverlib.a : pin.obj (.text:PinToPadGet)
                  2000fce4    00000004     --HOLE-- [fill = 0]
                  2000fce8    0000001c     sysbios.aem4 : BIOS.obj (.text:ti_sysbios_family_arm_m3_Hwi_excHandler__I)
                  2000fd04    00000004     --HOLE-- [fill = 0]
                  2000fd08    0000001c                  : BIOS.obj (.text:ti_sysbios_family_arm_m3_Timer_Module_startup__E)
                  2000fd24    00000004     --HOLE-- [fill = 0]
                  2000fd28    0000001c                  : BIOS.obj (.text:ti_sysbios_family_arm_m3_Timer_stop__E)
                  2000fd44    00000004     --HOLE-- [fill = 0]
                  2000fd48    0000001c                  : BIOS.obj (.text:ti_sysbios_gates_GateMutex_Instance_init__E)
                  2000fd64    0000001c     release_pem4.oem4 (.text:ti_sysbios_knl_Queue_destruct)
                  2000fd80    0000001c     sysbios.aem4 : BIOS.obj (.text:ti_sysbios_knl_Queue_put__E)
                  2000fd9c    00000004     --HOLE-- [fill = 0]
                  2000fda0    0000001c                  : BIOS.obj (.text:ti_sysbios_knl_Task_enter__I)
                  2000fdbc    0000001a                  : m3_Hwi_asm.obj (.text:ti_sysbios_family_arm_m3_Hwi_pendSV__I)
                  2000fdd6    00000002     --HOLE-- [fill = 0]
                  2000fdd8    00000018     drivers_cc32xx.aem4 : PowerCC32XX.oem4 (.text:Power_idleFunc)
                  2000fdf0    00000018     rtsv7M4_T_le_eabi.lib : args_main.c.obj (.text:_args_main)
                  2000fe08    00000018                           : ll_mul_t2.asm.obj (.text)
                  2000fe20    00000018     release_pem4.oem4 (.text:ti_sysbios_BIOS_rtsUnlock__I)
                  2000fe38    00000018     release_pem4.oem4 (.text:ti_sysbios_family_arm_m3_Hwi_Module__startupDone__F)
                  2000fe50    00000018     release_pem4.oem4 (.text:ti_sysbios_family_arm_m3_Timer_Module__startupDone__F)
                  2000fe68    00000018     release_pem4.oem4 (.text:ti_sysbios_gates_GateHwi_Handle__label__S)
                  2000fe80    00000018     release_pem4.oem4 (.text:ti_sysbios_gates_GateMutex_Handle__label__S)
                  2000fe98    00000018     sysbios.aem4 : BIOS.obj (.text:ti_sysbios_gates_GateMutex_leave__E)
                  2000feb0    00000018     release_pem4.oem4 (.text:ti_sysbios_heaps_HeapMem_Handle__label__S)
                  2000fec8    00000018     sysbios.aem4 : BIOS.obj (.text:xdc_runtime_Error_init__E)
                  2000fee0    00000018                  : BIOS.obj (.text:xdc_runtime_System_exit__E)
                  2000fef8    00000016     driverlib.a : prcm.obj (.text:PRCMHIBRegRead)
                  2000ff0e    00000016                 : prcm.obj (.text:PRCMHIBRegWrite)
                  2000ff24    00000016     release_pem4.oem4 (.text:ti_sysbios_BIOS_exitFunc__I)
                  2000ff3a    00000002     --HOLE-- [fill = 0]
                  2000ff3c    00000014     drivers_cc32xx.aem4 : PowerCC32XX.oem4 (.text:Power_getDependencyCount)
                  2000ff50    00000014     sysbios.aem4 : BIOS.obj (.text:pthread_attr_setschedparam)
                  2000ff64    00000014     release_pem4.oem4 (.text:ti_sysbios_family_arm_m3_Hwi_Object__get__S)
                  2000ff78    00000014     sysbios.aem4 : BIOS.obj (.text:ti_sysbios_family_arm_m3_Hwi_switchFromBootStack__E)
                  2000ff8c    00000014                  : m3_TaskSupport_asm.obj (.text:ti_sysbios_family_arm_m3_TaskSupport_swap__E)
                  2000ffa0    00000014     release_pem4.oem4 (.text:ti_sysbios_heaps_HeapMem_Object__get__S)
                  2000ffb4    00000004     --HOLE-- [fill = 0]
                  2000ffb8    00000014     sysbios.aem4 : BIOS.obj (.text:ti_sysbios_knl_Clock_tickReconfig__E)
                  2000ffcc    00000014     release_pem4.oem4 (.text:ti_sysbios_knl_Swi_Object__get__S)
                  2000ffe0    00000012     dpl_cc32xx.aem4 : SemaphoreP_tirtos.oem4 (.text:SemaphoreP_pend)
                  2000fff2    00000006     --HOLE-- [fill = 0]
                  2000fff8    00000012     sysbios.aem4 : BIOS.obj (.text:_pthread_runStub$41)
                  2001000a    00000006     --HOLE-- [fill = 0]
                  20010010    00000012                  : BIOS.obj (.text:ti_sysbios_hal_Hwi_Module_startup__E)
                  20010022    00000012     release_pem4.oem4 (.text:xdc_runtime_Startup_exec__I)
                  20010034    00000010     dpl_cc32xx.aem4 : HwiP_tirtos.oem4 (.text:HwiP_Params_init)
                  20010044    00000004     --HOLE-- [fill = 0]
                  20010048    00000010     sysbios.aem4 : BIOS.obj (.text:ti_sysbios_BIOS_setThreadType__E)
                  20010058    00000010                  : BIOS.obj (.text:ti_sysbios_BIOS_start__E)
                  20010068    00000010                  : m3_TaskSupport_asm.obj (.text:ti_sysbios_family_arm_m3_TaskSupport_glue)
                  20010078    00000010                  : BIOS.obj (.text:ti_sysbios_gates_GateMutex_Instance_finalize__E)
                  20010088    00000010     release_pem4.oem4 (.text:ti_sysbios_knl_Mailbox_Object__get__S)
                  20010098    00000010     sysbios.aem4 : BIOS.obj (.text:ti_sysbios_knl_Semaphore_Instance_finalize__E)
                  200100a8    00000010                  : BIOS.obj (.text:ti_sysbios_knl_Swi_disable__E)
                  200100b8    00000010     release_pem4.oem4 (.text:ti_sysbios_knl_Task_Object__get__S)
                  200100c8    00000010     sysbios.aem4 : BIOS.obj (.text:ti_sysbios_knl_Task_disable__E)
                  200100d8    00000010                  : BIOS.obj (.text:xdc_runtime_Memory_free__E)
                  200100e8    00000010                  : BIOS.obj (.text:xdc_runtime_SysCallback_abort__E)
                  200100f8    00000010                  : BIOS.obj (.text:xdc_runtime_SysCallback_exit__E)
                  20010108    0000000e     rtsv7M4_T_le_eabi.lib : copy_decompress_none.c.obj (.text:decompress:none:__TI_decompress_none)
                  20010116    00000002     --HOLE-- [fill = 0]
                  20010118    0000000e     sysbios.aem4 : BIOS.obj (.text:pthread_attr_setdetachstate)
                  20010126    00000002     --HOLE-- [fill = 0]
                  20010128    0000000e                  : BIOS.obj (.text:ti_sysbios_knl_Idle_loop__E)
                  20010136    00000002     --HOLE-- [fill = 0]
                  20010138    0000000e                  : BIOS.obj (.text:ti_sysbios_knl_Queue_empty__E)
                  20010146    0000000c     CC3220S_LAUNCHXL.obj (.text:CC3220S_LAUNCHXL_initGeneral)
                  20010152    00000002     --HOLE-- [fill = 0]
                  20010154    0000000c     drivers_cc32xx.aem4 : PowerCC32XX.oem4 (.text:Power_getConstraintMask)
                  20010160    0000000c     dpl_cc32xx.aem4 : SemaphoreP_tirtos.oem4 (.text:SemaphoreP_delete)
                  2001016c    0000000c     rtsv7M4_T_le_eabi.lib : _lock.c.obj (.text:_register_lock)
                  20010178    0000000c                           : _lock.c.obj (.text:_register_unlock)
                  20010184    0000000c                           : copy_zero_init.c.obj (.text:decompress:ZI:__TI_zero_init)
                  20010190    0000000c     release_pem4.oem4 (.text:ti_sysbios_family_arm_m3_Hwi_Params__init__S)
                  2001019c    00000004     --HOLE-- [fill = 0]
                  200101a0    0000000c     sysbios.aem4 : BIOS.obj (.text:ti_sysbios_family_arm_m3_Hwi_disableFxn__E)
                  200101ac    00000004     --HOLE-- [fill = 0]
                  200101b0    0000000c                  : BIOS.obj (.text:ti_sysbios_family_arm_m3_TaskSupport_getStackAlignment__E)
                  200101bc    00000004     --HOLE-- [fill = 0]
                  200101c0    0000000c                  : BIOS.obj (.text:ti_sysbios_gates_GateHwi_enter__E)
                  200101cc    00000004     --HOLE-- [fill = 0]
                  200101d0    0000000c                  : BIOS.obj (.text:ti_sysbios_knl_Clock_getTicks__E)
                  200101dc    00000004     --HOLE-- [fill = 0]
                  200101e0    0000000c                  : BIOS.obj (.text:ti_sysbios_knl_Clock_setTicks__E)
                  200101ec    00000004     --HOLE-- [fill = 0]
                  200101f0    0000000c                  : BIOS.obj (.text:ti_sysbios_knl_Clock_tickStart__E)
                  200101fc    00000004     --HOLE-- [fill = 0]
                  20010200    0000000c                  : BIOS.obj (.text:ti_sysbios_knl_Clock_tickStop__E)
                  2001020c    0000000c     release_pem4.oem4 (.text:ti_sysbios_knl_Queue_Object__get__S)
                  20010218    0000000c     release_pem4.oem4 (.text:ti_sysbios_knl_Semaphore_Params__init__S)
                  20010224    0000000c     release_pem4.oem4 (.text:ti_sysbios_knl_Task_Params__init__S)
                  20010230    0000000c     sysbios.aem4 : BIOS.obj (.text:ti_sysbios_rts_ti_ReentSupport_taskRegHook__I)
                  2001023c    00000004     --HOLE-- [fill = 0]
                  20010240    0000000c                  : BIOS.obj (.text:xdc_runtime_Startup_rtsDone__E)
                  2001024c    0000000a     release_pem4.oem4 (.text:xdc_runtime_IHeap_alloc)
                  20010256    0000000a     release_pem4.oem4 (.text:xdc_runtime_IHeap_free)
                  20010260    00000008     CC3220S_LAUNCHXL.obj (.text:Board_init)
                  20010268    00000008     sysbios.aem4 : BIOS.obj (.text:pthread_attr_setstacksize)
                  20010270    00000008                  : BIOS.obj (.text:ti_sysbios_family_arm_m3_Hwi_doSwiRestore__I)
                  20010278    00000008                  : BIOS.obj (.text:ti_sysbios_family_arm_m3_Hwi_startup__E)
                  20010280    00000006                  : BIOS.obj (.text:ti_sysbios_family_arm_m3_Hwi_doTaskRestore__I)
                  20010286    00000002     --HOLE-- [fill = 0]
                  20010288    00000006                  : BIOS.obj (.text:ti_sysbios_family_arm_m3_Hwi_restoreFxn__E)
                  2001028e    00000002     --HOLE-- [fill = 0]
                  20010290    00000006                  : BIOS.obj (.text:ti_sysbios_gates_GateHwi_leave__E)
                  20010296    00000002     --HOLE-- [fill = 0]
                  20010298    00000006                  : BIOS.obj (.text:ti_sysbios_heaps_HeapMem_isBlocking__E)
                  2001029e    00000002     --HOLE-- [fill = 0]
                  200102a0    00000006                  : BIOS.obj (.text:ti_sysbios_knl_Queue_Instance_init__E)
                  200102a6    00000002     --HOLE-- [fill = 0]
                  200102a8    00000006                  : BIOS.obj (.text:ti_sysbios_knl_Swi_startup__E)
                  200102ae    00000002     --HOLE-- [fill = 0]
                  200102b0    00000006                  : BIOS.obj (.text:xdc_runtime_System_Module_startup__E)
                  200102b6    00000002     --HOLE-- [fill = 0]
                  200102b8    00000004                  : BIOS.obj (.text:ti_sysbios_family_arm_m3_Timer_getMaxTicks__E)
                  200102bc    00000004     --HOLE-- [fill = 0]
                  200102c0    00000004                  : BIOS.obj (.text:ti_sysbios_gates_GateHwi_query__E)
                  200102c4    00000004     --HOLE-- [fill = 0]
                  200102c8    00000004                  : BIOS.obj (.text:ti_sysbios_gates_GateMutex_query__E)
                  200102cc    00000004     --HOLE-- [fill = 0]
                  200102d0    00000004                  : BIOS.obj (.text:ti_sysbios_knl_Task_startup__E)
                  200102d4    00000004     --HOLE-- [fill = 0]
                  200102d8    00000002                  : BIOS.obj (.text:ti_sysbios_BIOS_linkedWithIncorrectBootLibrary__E)
                  200102da    00000006     --HOLE-- [fill = 0]
                  200102e0    00000002                  : BIOS.obj (.text:ti_sysbios_gates_GateHwi_Instance_init__E)
                  200102e2    00000006     --HOLE-- [fill = 0]
                  200102e8    00000002                  : BIOS.obj (.text:ti_sysbios_knl_Clock_logTick__E)
                  200102ea    00000006     --HOLE-- [fill = 0]
                  200102f0    00000002                  : BIOS.obj (.text:xdc_runtime_SysCallback_defaultAbort)
                  200102f2    00000006     --HOLE-- [fill = 0]
                  200102f8    00000002                  : BIOS.obj (.text:xdc_runtime_SysCallback_defaultExit)
                  200102fa    00000006     --HOLE-- [fill = 0]
                  20010300    00000002                  : BIOS.obj (.text:xdc_runtime_System_abortSpin__E)
                  20010302    00000006     --HOLE-- [fill = 0]
                  20010308    00000002                  : BIOS.obj (.text:xdc_runtime_System_exitSpin__E)

.bss       0    20010a08    00000674     UNINITIALIZED
                  20010a08    0000030c     (.common:ti_sysbios_family_arm_m3_Hwi_dispatchTable)
                  20010d14    00000004     drivers_cc32xx.aem4 : GPIOCC32XX.oem4 (.bss)
                  20010d18    00000200     release_pem4.oem4 (.bss:taskStackSection)
                  20010f18    0000012c     (.common:PowerCC32XX_contextSave)
                  20011044    00000020     drivers_cc32xx.aem4 : GPIOCC32XX.oem4 (.bss:gpioCallbackInfo)
                  20011064    00000014                         : GPIOCC32XX.oem4 (.bss:powerNotifyObj)
                  20011078    00000004     (.common:ti_sysbios_knl_Task_Instance_State_0_hookEnv__A)

.data      0    2001030c    000006f8     UNINITIALIZED
                  2001030c    0000016c     drivers_cc32xx.aem4 : PowerCC32XX.oem4 (.data:PowerCC32XX_module)
                  20010478    000000f8     CC3220S_LAUNCHXL.obj (.data:parkInfo)
                  20010570    00000088     sysbios.aem4 : BIOS.obj (.data:$O1$$)
                  200105f8    00000080     release_pem4.oem4 (.data:ti_sysbios_knl_Swi_Module_State_0_readyQ__A)
                  20010678    00000080     release_pem4.oem4 (.data:ti_sysbios_knl_Task_Module_State_0_readyQ__A)
                  200106f8    0000005c     release_pem4.oem4 (.data:ti_sysbios_knl_Task_Object__table__V)
                  20010754    00000054     release_pem4.oem4 (.data:ti_sysbios_gates_GateMutex_Object__table__V)
                  200107a8    00000048     release_pem4.oem4 (.data:ti_sysbios_knl_Task_Module__state__V)
                  200107f0    00000034     release_pem4.oem4 (.data:ti_sysbios_family_arm_m3_Hwi_Module__state__V)
                  20010824    00000030     release_pem4.oem4 (.data:ti_sysbios_family_arm_m3_Timer_Object__table__V)
                  20010854    00000030     release_pem4.oem4 (.data:ti_sysbios_knl_Swi_Object__table__V)
                  20010884    0000002c     release_pem4.oem4 (.data:ti_sysbios_knl_Clock_Module__state__V)
                  200108b0    00000028     CC3220S_LAUNCHXL.obj (.data:gpioPinConfigs)
                  200108d8    00000024     release_pem4.oem4 (.data:ti_sysbios_BIOS_Module__state__V)
                  200108fc    00000020     release_pem4.oem4 (.data:xdc_runtime_Error_IgnoreBlock)
                  2001091c    0000001c     release_pem4.oem4 (.data:ti_sysbios_knl_Swi_Module__state__V)
                  20010938    00000018     release_pem4.oem4 (.data:ti_sysbios_family_arm_m3_Hwi_Object__table__V)
                  20010950    00000018     release_pem4.oem4 (.data:ti_sysbios_heaps_HeapMem_Object__table__V)
                  20010968    00000010     CC3220S_LAUNCHXL.obj (.data:gpioCallbackFunctions)
                  20010978    0000000c     release_pem4.oem4 (.data:ti_sysbios_family_arm_m3_Timer_Module__state__V)
                  20010984    00000009     drivers_cc32xx.aem4 : GPIOCC32XX.oem4 (.data)
                  2001098d    00000001     --HOLE--
                  2001098e    00000002     release_pem4.oem4 (.data:ti_sysbios_family_arm_m3_Hwi_Module_State_0_excActive__A)
                  20010990    00000008     rtsv7M4_T_le_eabi.lib : _lock.c.obj (.data:$O1$$)
                  20010998    00000008     release_pem4.oem4 (.data:ti_sysbios_family_arm_m3_Hwi_Module__root__V)
                  200109a0    00000008     release_pem4.oem4 (.data:ti_sysbios_gates_GateHwi_Module__root__V)
                  200109a8    00000008     release_pem4.oem4 (.data:ti_sysbios_gates_GateMutex_Module__root__V)
                  200109b0    00000008     release_pem4.oem4 (.data:ti_sysbios_heaps_HeapMem_Module__root__V)
                  200109b8    00000008     release_pem4.oem4 (.data:ti_sysbios_knl_Queue_Module__root__V)
                  200109c0    00000008     release_pem4.oem4 (.data:ti_sysbios_knl_Semaphore_Module__root__V)
                  200109c8    00000008     release_pem4.oem4 (.data:ti_sysbios_knl_Task_Module__root__V)
                  200109d0    00000008     release_pem4.oem4 (.data:xdc_runtime_Startup_Module__state__V)
                  200109d8    00000008     release_pem4.oem4 (.data:xdc_runtime_System_Module_State_0_atexitHandlers__A)
                  200109e0    00000008     release_pem4.oem4 (.data:xdc_runtime_System_Module__state__V)
                  200109e8    00000004     rtsv7M4_T_le_eabi.lib : stkdepth_vars.c.obj (.data)
                  200109ec    00000004     release_pem4.oem4 (.data:ti_sysbios_family_arm_m3_Hwi_Module_State_0_excContext__A)
                  200109f0    00000004     release_pem4.oem4 (.data:ti_sysbios_family_arm_m3_Hwi_Module_State_0_excStack__A)
                  200109f4    00000004     release_pem4.oem4 (.data:ti_sysbios_gates_GateHwi_Object__table__V)
                  200109f8    00000004     release_pem4.oem4 (.data:ti_sysbios_knl_Task_Module_State_0_idleTask__A)
                  200109fc    00000004     release_pem4.oem4 (.data:ti_sysbios_rts_ti_ReentSupport_Module__state__V)
                  20010a00    00000004     release_pem4.oem4 (.data:xdc_runtime_Memory_Module__state__V)

.const     0    2001107c    0000066f     
                  2001107c    00000100     driverlib.a : pin.obj (.const:g_ulPinToPadMap)
                  2001117c    000000a8                 : prcm.obj (.const:PRCM_PeriphRegsList)
                  20011224    00000058     release_pem4.oem4 (.const:.string)
                  2001127c    00000044     release_pem4.oem4 (.const:ti_sysbios_knl_Task_Object__PARAMS__C)
                  200112c0    00000040     CC3220S_LAUNCHXL.obj (.const:PowerCC32XX_config)
                  20011300    00000030     release_pem4.oem4 (.const:ti_sysbios_family_arm_m3_Hwi_Object__PARAMS__C)
                  20011330    00000028     release_pem4.oem4 (.const:ti_sysbios_heaps_HeapMem_Module__FXNS__C)
                  20011358    00000024     release_pem4.oem4 (.const:ti_sysbios_gates_GateHwi_Module__FXNS__C)
                  2001137c    00000024     release_pem4.oem4 (.const:ti_sysbios_gates_GateMutex_Module__FXNS__C)
                  200113a0    00000024     release_pem4.oem4 (.const:ti_sysbios_heaps_HeapMem_Object__PARAMS__C)
                  200113c4    00000024     release_pem4.oem4 (.const:ti_sysbios_knl_Semaphore_Object__PARAMS__C)
                  200113e8    00000021     drivers_cc32xx.aem4 : GPIOCC32XX.oem4 (.const:.string:pinTable)
                  20011409    00000001     release_pem4.oem4 (.const:ti_sysbios_knl_Clock_tickMode__C)
                  2001140a    00000002     release_pem4.oem4 (.const:ti_sysbios_family_arm_m3_Hwi_Module__id__C)
                  2001140c    00000020     release_pem4.oem4 (.const:ti_sysbios_family_arm_m3_Hwi_Object__DESC__C)
                  2001142c    00000020     release_pem4.oem4 (.const:ti_sysbios_gates_GateHwi_Object__DESC__C)
                  2001144c    00000020     release_pem4.oem4 (.const:ti_sysbios_gates_GateMutex_Object__DESC__C)
                  2001146c    00000020     release_pem4.oem4 (.const:ti_sysbios_heaps_HeapMem_Object__DESC__C)
                  2001148c    00000020     release_pem4.oem4 (.const:ti_sysbios_knl_Queue_Object__DESC__C)
                  200114ac    00000020     release_pem4.oem4 (.const:ti_sysbios_knl_Semaphore_Object__DESC__C)
                  200114cc    00000020     release_pem4.oem4 (.const:ti_sysbios_knl_Task_Object__DESC__C)
                  200114ec    00000020     release_pem4.oem4 (.const:xdc_runtime_Startup_sfxnTab__A)
                  2001150c    00000018     release_pem4.oem4 (.const:ti_sysbios_gates_GateHwi_Object__PARAMS__C)
                  20011524    00000018     release_pem4.oem4 (.const:ti_sysbios_gates_GateMutex_Object__PARAMS__C)
                  2001153c    00000018     release_pem4.oem4 (.const:ti_sysbios_knl_Queue_Object__PARAMS__C)
                  20011554    00000018     release_pem4.oem4 (.const:ti_sysbios_knl_Task_hooks__A)
                  2001156c    00000014     CC3220S_LAUNCHXL.obj (.const:GPIOCC32XX_config)
                  20011580    00000014     drivers_cc32xx.aem4 : GPIOCC32XX.oem4 (.const:gpioBaseAddresses)
                  20011594    00000014                         : GPIOCC32XX.oem4 (.const:powerResources)
                  200115a8    00000010     release_pem4.oem4 (.const:xdc_runtime_Startup_sfxnRts__A)
                  200115b8    0000000c     release_pem4.oem4 (.const:xdc_runtime_Startup_firstFxns__A)
                  200115c4    00000008     drivers_cc32xx.aem4 : GPIOCC32XX.oem4 (.const:outPinTypes)
                  200115cc    00000008     release_pem4.oem4 (.const:ti_sysbios_knl_Idle_funcList__A)
                  200115d4    00000008     release_pem4.oem4 (.const:ti_sysbios_knl_Idle_funcList__C)
                  200115dc    00000008     release_pem4.oem4 (.const:ti_sysbios_knl_Task_hooks__C)
                  200115e4    00000008     release_pem4.oem4 (.const:xdc_runtime_Startup_firstFxns__C)
                  200115ec    00000008     release_pem4.oem4 (.const:xdc_runtime_Startup_lastFxns__C)
                  200115f4    00000006     drivers_cc32xx.aem4 : GPIOCC32XX.oem4 (.const:.string:interruptType)
                  200115fa    00000006                         : GPIOCC32XX.oem4 (.const:inPinTypes)
                  20011600    00000006                         : GPIOCC32XX.oem4 (.const:outPinStrengths)
                  20011606    00000004                         : GPIOCC32XX.oem4 (.const:.string:portInterruptIds)
                  2001160a    00000002     release_pem4.oem4 (.const:ti_sysbios_family_arm_m3_Timer_Module__id__C)
                  2001160c    00000004     release_pem4.oem4 (.const:ti_sysbios_family_arm_m3_Hwi_E_alreadyDefined__C)
                  20011610    00000004     release_pem4.oem4 (.const:ti_sysbios_family_arm_m3_Hwi_NUM_INTERRUPTS__C)
                  20011614    00000004     release_pem4.oem4 (.const:ti_sysbios_family_arm_m3_Hwi_Object__count__C)
                  20011618    00000004     release_pem4.oem4 (.const:ti_sysbios_family_arm_m3_Hwi_ccr__C)
                  2001161c    00000004     release_pem4.oem4 (.const:ti_sysbios_family_arm_m3_Hwi_excHandlerFunc__C)
                  20011620    00000004     release_pem4.oem4 (.const:ti_sysbios_family_arm_m3_Hwi_nullIsrFunc__C)
                  20011624    00000004     release_pem4.oem4 (.const:ti_sysbios_family_arm_m3_Hwi_priGroup__C)
                  20011628    00000004     release_pem4.oem4 (.const:ti_sysbios_family_arm_m3_Hwi_swiDisable__C)
                  2001162c    00000004     release_pem4.oem4 (.const:ti_sysbios_family_arm_m3_Hwi_swiRestore__C)
                  20011630    00000004     release_pem4.oem4 (.const:ti_sysbios_family_arm_m3_TaskSupport_stackAlignment__C)
                  20011634    00000004     release_pem4.oem4 (.const:ti_sysbios_family_arm_m3_Timer_E_cannotSupport__C)
                  20011638    00000004     release_pem4.oem4 (.const:ti_sysbios_family_arm_m3_Timer_startupNeeded__C)
                  2001163c    00000004     release_pem4.oem4 (.const:ti_sysbios_gates_GateMutex_Instance_State_sem__O)
                  20011640    00000004     release_pem4.oem4 (.const:ti_sysbios_heaps_HeapMem_E_memory__C)
                  20011644    00000004     release_pem4.oem4 (.const:ti_sysbios_heaps_HeapMem_Module__gateObj__C)
                  20011648    00000004     release_pem4.oem4 (.const:ti_sysbios_heaps_HeapMem_Object__count__C)
                  2001164c    00000004     release_pem4.oem4 (.const:ti_sysbios_heaps_HeapMem_primaryHeapBaseAddr__C)
                  20011650    00000004     release_pem4.oem4 (.const:ti_sysbios_heaps_HeapMem_primaryHeapEndAddr__C)
                  20011654    00000004     release_pem4.oem4 (.const:ti_sysbios_heaps_HeapMem_reqAlign__C)
                  20011658    00000004     release_pem4.oem4 (.const:ti_sysbios_knl_Clock_Module_State_clockQ__O)
                  2001165c    00000004     release_pem4.oem4 (.const:ti_sysbios_knl_Clock_tickPeriod__C)
                  20011660    00000004     release_pem4.oem4 (.const:ti_sysbios_knl_Mailbox_Instance_State_freeQue__O)
                  20011664    00000004     release_pem4.oem4 (.const:ti_sysbios_knl_Mailbox_Object__count__C)
                  20011668    00000004     release_pem4.oem4 (.const:ti_sysbios_knl_Mailbox_maxTypeAlign__C)
                  2001166c    00000004     release_pem4.oem4 (.const:ti_sysbios_knl_Semaphore_Instance_State_pendQ__O)
                  20011670    00000004     release_pem4.oem4 (.const:ti_sysbios_knl_Swi_Object__count__C)
                  20011674    00000004     release_pem4.oem4 (.const:ti_sysbios_knl_Task_Module_State_inactiveQ__O)
                  20011678    00000004     release_pem4.oem4 (.const:ti_sysbios_knl_Task_Object__count__C)
                  2001167c    00000004     release_pem4.oem4 (.const:ti_sysbios_knl_Task_Object__heap__C)
                  20011680    00000004     release_pem4.oem4 (.const:ti_sysbios_knl_Task_allBlockedFunc__C)
                  20011684    00000004     release_pem4.oem4 (.const:ti_sysbios_knl_Task_defaultStackHeap__C)
                  20011688    00000004     release_pem4.oem4 (.const:ti_sysbios_knl_Task_defaultStackSize__C)
                  2001168c    00000004     release_pem4.oem4 (.const:ti_sysbios_knl_Task_numConstructedTasks__C)
                  20011690    00000004     release_pem4.oem4 (.const:xdc_runtime_Error_E_memory__C)
                  20011694    00000004     release_pem4.oem4 (.const:xdc_runtime_Error_policyFxn__C)
                  20011698    00000004     release_pem4.oem4 (.const:xdc_runtime_IGateProvider_Interface__BASE__C)
                  2001169c    00000004     release_pem4.oem4 (.const:xdc_runtime_IHeap_Interface__BASE__C)
                  200116a0    00000004     release_pem4.oem4 (.const:xdc_runtime_IModule_Interface__BASE__C)
                  200116a4    00000004     release_pem4.oem4 (.const:xdc_runtime_Memory_defaultHeapInstance__C)
                  200116a8    00000004     release_pem4.oem4 (.const:xdc_runtime_Startup_execImpl__C)
                  200116ac    00000004     release_pem4.oem4 (.const:xdc_runtime_Startup_maxPasses__C)
                  200116b0    00000004     release_pem4.oem4 (.const:xdc_runtime_Startup_sfxnRts__C)
                  200116b4    00000004     release_pem4.oem4 (.const:xdc_runtime_Startup_sfxnTab__C)
                  200116b8    00000004     release_pem4.oem4 (.const:xdc_runtime_SysCallback_abortFxn__C)
                  200116bc    00000004     release_pem4.oem4 (.const:xdc_runtime_SysCallback_exitFxn__C)
                  200116c0    00000004     release_pem4.oem4 (.const:xdc_runtime_System_Module__gateObj__C)
                  200116c4    00000004     release_pem4.oem4 (.const:xdc_runtime_System_abortFxn__C)
                  200116c8    00000004     release_pem4.oem4 (.const:xdc_runtime_System_exitFxn__C)
                  200116cc    00000004     release_pem4.oem4 (.const:xdc_runtime_System_maxAtexitHandlers__C)
                  200116d0    00000004     release_pem4.oem4 (.const:xdc_runtime_Text_charTab__C)
                  200116d4    00000004     release_pem4.oem4 (.const:xdc_runtime_Text_nameEmpty__C)
                  200116d8    00000004     release_pem4.oem4 (.const:xdc_runtime_Text_nameStatic__C)
                  200116dc    00000004     release_pem4.oem4 (.const:xdc_runtime_Text_nameUnknown__C)
                  200116e0    00000002     release_pem4.oem4 (.const:ti_sysbios_heaps_HeapMem_Module__id__C)
                  200116e2    00000002     release_pem4.oem4 (.const:xdc_runtime_Memory_Module__id__C)
                  200116e4    00000002     release_pem4.oem4 (.const:xdc_runtime_Text_charCnt__C)
                  200116e6    00000002     release_pem4.oem4 (.const:xdc_runtime_Text_isLoaded__C)
                  200116e8    00000001     release_pem4.oem4 (.const:ti_sysbios_knl_Clock_tickSource__C)
                  200116e9    00000001     release_pem4.oem4 (.const:xdc_runtime_Error_policy__C)
                  200116ea    00000001     release_pem4.oem4 (.const:xdc_runtime_Text_charTab__A)

.cinit     0    200116f0    00000270     
                  200116f0    00000247     (.cinit..data.load) [load image, compression = lzss]
                  20011937    00000001     --HOLE-- [fill = 0]
                  20011938    0000000c     (__TI_handler_table)
                  20011944    00000004     --HOLE-- [fill = 0]
                  20011948    00000008     (.cinit..bss.load) [load image, compression = zero_init]
                  20011950    00000010     (__TI_cinit_table)

.init_array 
*          0    20004000    00000000     UNINITIALIZED

.priheap   0    20004040    00008000     UNINITIALIZED
                  20004040    00008000     --HOLE--

.bootVecs 
*          0    00000000    00000008     DSECT
                  00000000    00000008     boot.aem4 : boot.oem4 (.bootVecs)

.resetVecs 
*          0    20004000    0000003c     
                  20004000    0000003c     release_pem4.oem4 (.resetVecs)

xdc.meta   0    00000000    00000109     COPY SECTION
                  00000000    00000109     release_pem4.oem4 (xdc.meta)

xdc.noload 
*          0    00000000    00000000     COPY SECTION

MODULE SUMMARY

       Module                       code    ro data   rw data
       ------                       ----    -------   -------
    .\
       CC3220S_LAUNCHXL.obj         20      84        304    
       main_tirtos.obj              100     0         0      
       empty.obj                    76      0         0      
    +--+----------------------------+-------+---------+---------+
       Total:                       196     84        304    
                                                             
    C:\Users\csant\EmbeddedWrkspace\tirtos_builds_CC3220S_LAUNCHXL_release_ccs\Debug\configPkg\package\cfg\
       release_pem4.oem4            1324    1096      3034   
    +--+----------------------------+-------+---------+---------+
       Total:                       1324    1096      3034   
                                                             
    C:/ti/simplelink_cc32xx_sdk_3_20_00_06/kernel/tirtos/packages/ti/dpl/lib/dpl_cc32xx.aem4
       PowerCC32XX_tirtos.oem4      430     0         0      
       HwiP_tirtos.oem4             84      0         0      
       SemaphoreP_tirtos.oem4       78      0         0      
    +--+----------------------------+-------+---------+---------+
       Total:                       592     0         0      
                                                             
    C:/ti/simplelink_cc32xx_sdk_3_20_00_06/source/ti/devices/cc32xx/driverlib/ccs/Release/driverlib.a
       prcm.obj                     1604    168       0      
       pin.obj                      280     256       0      
       flash.obj                    72      0         0      
       utils.obj                    6       0         0      
    +--+----------------------------+-------+---------+---------+
       Total:                       1962    424       0      
                                                             
    C:/ti/simplelink_cc32xx_sdk_3_20_00_06/source/ti/drivers/lib/drivers_cc32xx.aem4
       PowerCC32XX.oem4             2020    0         664    
       GPIOCC32XX.oem4              1296    103       65     
       PowerCC32XX_asm.oem4         150     0         0      
       List.oem4                    38      0         0      
    +--+----------------------------+-------+---------+---------+
       Total:                       3504    103       729    
                                                             
    C:\Users\csant\EmbeddedWrkspace\tirtos_builds_CC3220S_LAUNCHXL_release_ccs\src\sysbios\sysbios.aem4
       BIOS.obj                     7894    0         136    
       m3_Hwi_asm.obj               274     0         0      
       m3_Hwi_asm_switch.obj        102     0         0      
       m3_TaskSupport_asm.obj       36      0         0      
    +--+----------------------------+-------+---------+---------+
       Total:                       8306    0         136    
                                                             
    C:\ti\ccs910\ccs\tools\compiler\ti-cgt-arm_18.12.3.LTS\lib\rtsv7M4_T_le_eabi.lib
       memcpy_t2.asm.obj            156     0         0      
       ull_div_t2.asm.obj           150     0         0      
       memset_t2.asm.obj            122     0         0      
       copy_decompress_lzss.c.obj   104     0         0      
       cpy_tbl.c.obj                76      0         0      
       _lock.c.obj                  26      0         8      
       args_main.c.obj              24      0         0      
       ll_mul_t2.asm.obj            24      0         0      
       copy_decompress_none.c.obj   14      0         0      
       copy_zero_init.c.obj         12      0         0      
       stkdepth_vars.c.obj          0       0         4      
       div0.asm.obj                 2       0         0      
    +--+----------------------------+-------+---------+---------+
       Total:                       710     0         12     
                                                             
    C:\ti\simplelink_cc32xx_sdk_3_20_00_06\kernel\tirtos\packages\ti\targets\arm\rtsarm\lib\auto_init.aem4
       auto_init.oem4               160     0         0      
    +--+----------------------------+-------+---------+---------+
       Total:                       160     0         0      
                                                             
    C:\ti\simplelink_cc32xx_sdk_3_20_00_06\kernel\tirtos\packages\ti\targets\arm\rtsarm\lib\boot.aem4
       boot.oem4                    68      0         0      
    +--+----------------------------+-------+---------+---------+
       Total:                       68      0         0      
                                                             
       Stack:                       0       0         1024   
       Linker Generated:            0       619       0      
    +--+----------------------------+-------+---------+---------+
       Grand Total:                 16822   2326      5239   


LINKER GENERATED COPY TABLES

__TI_cinit_table @ 20011950 records: 2, size/record: 8, table size: 16
	.data: load addr=200116f0, load size=00000247 bytes, run addr=2001030c, run size=000006f8 bytes, compression=lzss
	.bss: load addr=20011948, load size=00000008 bytes, run addr=20010a08, run size=00000674 bytes, compression=zero_init


LINKER GENERATED HANDLER TABLE

__TI_handler_table @ 20011938 records: 3, size/record: 4, table size: 12
	index: 0, handler: __TI_zero_init
	index: 1, handler: __TI_decompress_lzss
	index: 2, handler: __TI_decompress_none


GLOBAL SYMBOLS: SORTED ALPHABETICALLY BY Name 

address   name                                                            
-------   ----                                                            
20010261  Board_init                                                      
20010147  CC3220S_LAUNCHXL_initGeneral                                    
200101d1  ClockP_getSystemTicks                                           
2000ed6d  FlashDisable                                                    
2001156c  GPIOCC32XX_config                                               
2000eb01  GPIO_enableInt                                                  
2000e125  GPIO_hwiIntFxn                                                  
2000d1f1  GPIO_init                                                       
2000e681  GPIO_setCallback                                                
2000c46d  GPIO_setConfig                                                  
2000e3c9  GPIO_toggle                                                     
2000e85d  GPIO_write                                                      
00008000  HEAPSIZE                                                        
20010035  HwiP_Params_init                                                
2000f1e5  HwiP_create                                                     
2000cb25  HwiP_disable                                                    
20010289  HwiP_restore                                                    
2000f9f9  List_put                                                        
2000c041  PRCMCC3200MCUInit                                               
2000fef9  PRCMHIBRegRead                                                  
2000ff0f  PRCMHIBRegWrite                                                 
2000edb5  PRCMLPDSEnter                                                   
2000f461  PRCMLPDSEnterKeepDebugIf                                        
2000eff9  PRCMLPDSRestoreInfoSet                                          
2000f8dd  PRCMPeripheralClkDisable                                        
2000edfd  PRCMPeripheralClkEnable                                         
2000e8b5  PRCMPeripheralReset                                             
2000e55d  PRCMSysResetCauseGet                                            
2000db6d  PinConfigSet                                                    
2000f509  PinModeGet                                                      
2000f225  PinModeSet                                                      
2000fcc9  PinToPadGet                                                     
200112c0  PowerCC32XX_config                                              
2000d435  PowerCC32XX_configureWakeup                                     
20010f18  PowerCC32XX_contextSave                                         
2000f03d  PowerCC32XX_enterLPDS                                           
2000f905  PowerCC32XX_initPolicy                                          
2001030c  PowerCC32XX_module                                              
2000eb4d  PowerCC32XX_parkPin                                             
2000f613  PowerCC32XX_restoreParkedPin                                    
2000ea0d  PowerCC32XX_resumeLPDS                                          
2000e42d  PowerCC32XX_setParkState                                        
2000c645  PowerCC32XX_sleepPolicy                                         
20010155  Power_getConstraintMask                                         
2000ff3d  Power_getDependencyCount                                        
2000fdd9  Power_idleFunc                                                  
2000dd91  Power_init                                                      
2000f92d  Power_registerNotify                                            
2000f2a9  Power_setConstraint                                             
2000dfa5  Power_setDependency                                             
2000ca09  Power_sleep                                                     
UNDEFED   SHT$$INIT_ARRAY$$Base                                           
UNDEFED   SHT$$INIT_ARRAY$$Limit                                          
2000f829  SemaphoreP_createBinary                                         
20010161  SemaphoreP_delete                                               
2000ffe1  SemaphoreP_pend                                                 
2000cc45  SemaphoreP_post                                                 
2000fa43  UtilsDelay                                                      
00000000  __ASM__                                                         
00000082  __ISA__                                                         
00000095  __PLAT__                                                        
20004000  __STACK_END                                                     
00000400  __STACK_SIZE                                                    
000000bc  __TARG__                                                        
20011950  __TI_CINIT_Base                                                 
20011960  __TI_CINIT_Limit                                                
20011938  __TI_Handler_Table_Base                                         
20011944  __TI_Handler_Table_Limit                                        
2000d585  __TI_auto_init                                                  
2000e2f5  __TI_decompress_lzss                                            
20010109  __TI_decompress_none                                            
ffffffff  __TI_pprof_out_hndl                                             
ffffffff  __TI_prof_data_size                                             
ffffffff  __TI_prof_data_start                                            
200116f0  __TI_static_base__                                              
20010185  __TI_zero_init                                                  
000000e1  __TRDR__                                                        
2000dd8f  __aeabi_idiv0                                                   
2000dd8f  __aeabi_ldiv0                                                   
2000fe09  __aeabi_lmul                                                    
2000e0a9  __aeabi_memclr                                                  
2000e0a9  __aeabi_memclr4                                                 
2000e0a9  __aeabi_memclr8                                                 
2000d6c5  __aeabi_memcpy                                                  
2000d6c5  __aeabi_memcpy4                                                 
2000d6c5  __aeabi_memcpy8                                                 
2000e0ab  __aeabi_memset                                                  
2000e0ab  __aeabi_memset4                                                 
2000e0ab  __aeabi_memset8                                                 
2000d891  __aeabi_uldivmod                                                
ffffffff  __binit__                                                       
ffffffff  __c_args__                                                      
2000c040  __primary_heap_end__                                            
20004040  __primary_heap_start__                                          
20003c00  __stack                                                         
2000fdf1  _args_main                                                      
2000f081  _c_int00                                                        
20010990  _lock                                                           
2000d927  _nop                                                            
2000f859  _pthread_cleanupFxn                                             
2000d629  _pthread_removeThreadKeys                                       
2001016d  _register_lock                                                  
20010179  _register_unlock                                                
20010994  _unlock                                                         
ffffffff  binit                                                           
2000eb99  copy_in                                                         
2000fa1f  delay                                                           
20010968  gpioCallbackFunctions                                           
200108b0  gpioPinConfigs                                                  
200115fa  inPinTypes                                                      
2000e491  main                                                            
2000f955  mainThread                                                      
200109e8  main_func_sp                                                    
2000d6c5  memcpy                                                          
2000e0b1  memset                                                          
20011600  outPinStrengths                                                 
200115c4  outPinTypes                                                     
20010478  parkInfo                                                        
2000fa49  pthread_attr_init                                               
20010119  pthread_attr_setdetachstate                                     
2000ff51  pthread_attr_setschedparam                                      
20010269  pthread_attr_setstacksize                                       
2000cf61  pthread_create                                                  
2000e361  pthread_exit                                                    
200108d8  ti_sysbios_BIOS_Module__state__V                                
2000fe81  ti_sysbios_BIOS_RtsGateProxy_Handle__label__S                   
2000ce5d  ti_sysbios_BIOS_RtsGateProxy_enter__E                           
2000cf5d  ti_sysbios_BIOS_RtsGateProxy_leave__E                           
200102c9  ti_sysbios_BIOS_RtsGateProxy_query__E                           
2000f645  ti_sysbios_BIOS_atExitFunc__I                                   
2000ff25  ti_sysbios_BIOS_exitFunc__I                                     
200102d9  ti_sysbios_BIOS_linkedWithIncorrectBootLibrary__E               
2000e123  ti_sysbios_BIOS_nullFunc__I                                     
2000fa6d  ti_sysbios_BIOS_registerRTSLock__I                              
2000fa91  ti_sysbios_BIOS_removeRTSLock__I                                
2000fbe5  ti_sysbios_BIOS_rtsLock__I                                      
2000fe21  ti_sysbios_BIOS_rtsUnlock__I                                    
20010049  ti_sysbios_BIOS_setThreadType__E                                
2000f675  ti_sysbios_BIOS_startFunc__I                                    
20010059  ti_sysbios_BIOS_start__E                                        
2001160c  ti_sysbios_family_arm_m3_Hwi_E_alreadyDefined__C                
2000f2e9  ti_sysbios_family_arm_m3_Hwi_Instance_finalize__E               
2000d7f9  ti_sysbios_family_arm_m3_Hwi_Instance_init__E                   
2001098e  ti_sysbios_family_arm_m3_Hwi_Module_State_0_excActive__A        
200109ec  ti_sysbios_family_arm_m3_Hwi_Module_State_0_excContext__A       
200109f0  ti_sysbios_family_arm_m3_Hwi_Module_State_0_excStack__A         
2001140a  ti_sysbios_family_arm_m3_Hwi_Module__id__C                      
20010998  ti_sysbios_family_arm_m3_Hwi_Module__root__V                    
2000fe39  ti_sysbios_family_arm_m3_Hwi_Module__startupDone__F             
2000fe39  ti_sysbios_family_arm_m3_Hwi_Module__startupDone__S             
200107f0  ti_sysbios_family_arm_m3_Hwi_Module__state__V                   
2000ea61  ti_sysbios_family_arm_m3_Hwi_Module_startup__E                  
20011610  ti_sysbios_family_arm_m3_Hwi_NUM_INTERRUPTS__C                  
2001140c  ti_sysbios_family_arm_m3_Hwi_Object__DESC__C                    
20011300  ti_sysbios_family_arm_m3_Hwi_Object__PARAMS__C                  
20011614  ti_sysbios_family_arm_m3_Hwi_Object__count__C                   
2000ff65  ti_sysbios_family_arm_m3_Hwi_Object__get__S                     
20010938  ti_sysbios_family_arm_m3_Hwi_Object__table__V                   
20010191  ti_sysbios_family_arm_m3_Hwi_Params__init__S                    
20011618  ti_sysbios_family_arm_m3_Hwi_ccr__C                             
2000e90d  ti_sysbios_family_arm_m3_Hwi_create                             
200101a1  ti_sysbios_family_arm_m3_Hwi_disableFxn__E                      
2000ee49  ti_sysbios_family_arm_m3_Hwi_disableInterrupt__E                
2000e4f9  ti_sysbios_family_arm_m3_Hwi_dispatchC__I                       
20010a08  ti_sysbios_family_arm_m3_Hwi_dispatchTable                      
2000d051  ti_sysbios_family_arm_m3_Hwi_dispatch__I                        
20010271  ti_sysbios_family_arm_m3_Hwi_doSwiRestore__I                    
20010281  ti_sysbios_family_arm_m3_Hwi_doTaskRestore__I                   
2000ee91  ti_sysbios_family_arm_m3_Hwi_enableInterrupt__E                 
2000f97d  ti_sysbios_family_arm_m3_Hwi_excHandlerAsm__I                   
2001161c  ti_sysbios_family_arm_m3_Hwi_excHandlerFunc__C                  
2000fce9  ti_sysbios_family_arm_m3_Hwi_excHandler__I                      
2000f0c9  ti_sysbios_family_arm_m3_Hwi_getStackInfo__E                    
2000dbf9  ti_sysbios_family_arm_m3_Hwi_initNVIC__E                        
2000eed9  ti_sysbios_family_arm_m3_Hwi_initStacks__E                      
2000d105  ti_sysbios_family_arm_m3_Hwi_interruptsAreDisabledButShouldNotBe
20011620  ti_sysbios_family_arm_m3_Hwi_nullIsrFunc__C                     
e000e000  ti_sysbios_family_arm_m3_Hwi_nvic                               
2000fdbd  ti_sysbios_family_arm_m3_Hwi_pendSV__I                          
2000de99  ti_sysbios_family_arm_m3_Hwi_postInit__I                        
20011624  ti_sysbios_family_arm_m3_Hwi_priGroup__C                        
20000000  ti_sysbios_family_arm_m3_Hwi_ramVectors                         
20004000  ti_sysbios_family_arm_m3_Hwi_resetVectors                       
20010289  ti_sysbios_family_arm_m3_Hwi_restoreFxn__E                      
2000fdd5  ti_sysbios_family_arm_m3_Hwi_return                             
20010279  ti_sysbios_family_arm_m3_Hwi_startup__E                         
20011628  ti_sysbios_family_arm_m3_Hwi_swiDisable__C                      
2001162c  ti_sysbios_family_arm_m3_Hwi_swiRestore__C                      
2000ff79  ti_sysbios_family_arm_m3_Hwi_switchFromBootStack__E             
2000d375  ti_sysbios_family_arm_m3_TaskSupport_Module__startupDone__S     
200101b1  ti_sysbios_family_arm_m3_TaskSupport_getStackAlignment__E       
20010069  ti_sysbios_family_arm_m3_TaskSupport_glue                       
20011630  ti_sysbios_family_arm_m3_TaskSupport_stackAlignment__C          
2000dc81  ti_sysbios_family_arm_m3_TaskSupport_start__E                   
2000ff8d  ti_sysbios_family_arm_m3_TaskSupport_swap__E                    
20011634  ti_sysbios_family_arm_m3_Timer_E_cannotSupport__C               
2001160a  ti_sysbios_family_arm_m3_Timer_Module__id__C                    
2000fe51  ti_sysbios_family_arm_m3_Timer_Module__startupDone__F           
2000fe51  ti_sysbios_family_arm_m3_Timer_Module__startupDone__S           
20010978  ti_sysbios_family_arm_m3_Timer_Module__state__V                 
2000fd09  ti_sysbios_family_arm_m3_Timer_Module_startup__E                
20010824  ti_sysbios_family_arm_m3_Timer_Object__table__V                 
200102b9  ti_sysbios_family_arm_m3_Timer_getMaxTicks__E                   
2000ef21  ti_sysbios_family_arm_m3_Timer_initDevice__I                    
2000f579  ti_sysbios_family_arm_m3_Timer_periodicStub__I                  
2000fab9  ti_sysbios_family_arm_m3_Timer_postInit__I                      
2000f329  ti_sysbios_family_arm_m3_Timer_setPeriodMicroSecs__E            
2000e961  ti_sysbios_family_arm_m3_Timer_setPeriod__E                     
2000e6e1  ti_sysbios_family_arm_m3_Timer_start__E                         
20011638  ti_sysbios_family_arm_m3_Timer_startupNeeded__C                 
2000fae1  ti_sysbios_family_arm_m3_Timer_startup__E                       
2000fd29  ti_sysbios_family_arm_m3_Timer_stop__E                          
2000fca9  ti_sysbios_family_xxx_Hwi_switchAndRunFunc                      
2000fe69  ti_sysbios_gates_GateHwi_Handle__label__S                       
200102e1  ti_sysbios_gates_GateHwi_Instance_init__E                       
20011358  ti_sysbios_gates_GateHwi_Module__FXNS__C                        
200109a0  ti_sysbios_gates_GateHwi_Module__root__V                        
2001142c  ti_sysbios_gates_GateHwi_Object__DESC__C                        
2001150c  ti_sysbios_gates_GateHwi_Object__PARAMS__C                      
2000f6a5  ti_sysbios_gates_GateHwi_Object__create__S                      
2000fc05  ti_sysbios_gates_GateHwi_Object__delete__S                      
200109f4  ti_sysbios_gates_GateHwi_Object__table__V                       
200101c1  ti_sysbios_gates_GateHwi_enter__E                               
20010291  ti_sysbios_gates_GateHwi_leave__E                               
200102c1  ti_sysbios_gates_GateHwi_query__E                               
2000fe81  ti_sysbios_gates_GateMutex_Handle__label__S                     
2001163c  ti_sysbios_gates_GateMutex_Instance_State_sem__O                
20010079  ti_sysbios_gates_GateMutex_Instance_finalize__E                 
2000fd49  ti_sysbios_gates_GateMutex_Instance_init__E                     
2001137c  ti_sysbios_gates_GateMutex_Module__FXNS__C                      
200109a8  ti_sysbios_gates_GateMutex_Module__root__V                      
2001144c  ti_sysbios_gates_GateMutex_Object__DESC__C                      
20011524  ti_sysbios_gates_GateMutex_Object__PARAMS__C                    
2000f6d5  ti_sysbios_gates_GateMutex_Object__create__S                    
2000fb05  ti_sysbios_gates_GateMutex_Object__delete__S                    
20010754  ti_sysbios_gates_GateMutex_Object__table__V                     
2000f709  ti_sysbios_gates_GateMutex_enter__E                             
2000fe99  ti_sysbios_gates_GateMutex_leave__E                             
200102c9  ti_sysbios_gates_GateMutex_query__E                             
2000fe39  ti_sysbios_hal_Hwi_HwiProxy_Module__startupDone__S              
20010191  ti_sysbios_hal_Hwi_HwiProxy_Params__init__S                     
2000ee49  ti_sysbios_hal_Hwi_HwiProxy_disableInterrupt__E                 
200101a1  ti_sysbios_hal_Hwi_HwiProxy_disable__E                          
2000ee91  ti_sysbios_hal_Hwi_HwiProxy_enableInterrupt__E                  
2000f0c9  ti_sysbios_hal_Hwi_HwiProxy_getStackInfo__E                     
20010289  ti_sysbios_hal_Hwi_HwiProxy_restore__E                          
20010279  ti_sysbios_hal_Hwi_HwiProxy_startup__E                          
2000ff79  ti_sysbios_hal_Hwi_HwiProxy_switchFromBootStack__E              
20010011  ti_sysbios_hal_Hwi_Module_startup__E                            
2000ee49  ti_sysbios_hal_Hwi_disableInterrupt__E                          
2000ee91  ti_sysbios_hal_Hwi_enableInterrupt__E                           
2000f0c9  ti_sysbios_hal_Hwi_getStackInfo__E                              
2000f5e1  ti_sysbios_hal_Hwi_initStack                                    
20010279  ti_sysbios_hal_Hwi_startup__E                                   
2000ff79  ti_sysbios_hal_Hwi_switchFromBootStack__E                       
20011640  ti_sysbios_heaps_HeapMem_E_memory__C                            
2000feb1  ti_sysbios_heaps_HeapMem_Handle__label__S                       
2000f269  ti_sysbios_heaps_HeapMem_Instance_init__E                       
2000fe81  ti_sysbios_heaps_HeapMem_Module_GateProxy_Handle__label__S      
2000d4dd  ti_sysbios_heaps_HeapMem_Module_GateProxy_enter__E              
2000d625  ti_sysbios_heaps_HeapMem_Module_GateProxy_leave__E              
200102c9  ti_sysbios_heaps_HeapMem_Module_GateProxy_query__E              
20011330  ti_sysbios_heaps_HeapMem_Module__FXNS__C                        
20011644  ti_sysbios_heaps_HeapMem_Module__gateObj__C                     
200116e0  ti_sysbios_heaps_HeapMem_Module__id__C                          
200109b0  ti_sysbios_heaps_HeapMem_Module__root__V                        
2001146c  ti_sysbios_heaps_HeapMem_Object__DESC__C                        
200113a0  ti_sysbios_heaps_HeapMem_Object__PARAMS__C                      
20011648  ti_sysbios_heaps_HeapMem_Object__count__C                       
2000f739  ti_sysbios_heaps_HeapMem_Object__create__S                      
2000fc25  ti_sysbios_heaps_HeapMem_Object__delete__S                      
2000ffa1  ti_sysbios_heaps_HeapMem_Object__get__S                         
20010950  ti_sysbios_heaps_HeapMem_Object__table__V                       
2000d121  ti_sysbios_heaps_HeapMem_alloc__E                               
2000df21  ti_sysbios_heaps_HeapMem_free__E                                
2000ec31  ti_sysbios_heaps_HeapMem_getStats__E                            
2000e219  ti_sysbios_heaps_HeapMem_initPrimary__I                         
20010299  ti_sysbios_heaps_HeapMem_isBlocking__E                          
2001164c  ti_sysbios_heaps_HeapMem_primaryHeapBaseAddr__C                 
20011650  ti_sysbios_heaps_HeapMem_primaryHeapEndAddr__C                  
20011654  ti_sysbios_heaps_HeapMem_reqAlign__C                            
20011658  ti_sysbios_knl_Clock_Module_State_clockQ__O                     
20010884  ti_sysbios_knl_Clock_Module__state__V                           
2000fb29  ti_sysbios_knl_Clock_Module_startup__E                          
2000fe51  ti_sysbios_knl_Clock_TimerProxy_Module__startupDone__S          
2000da4d  ti_sysbios_knl_Clock_TimerProxy_getMaxTicks__E                  
2000dbf5  ti_sysbios_knl_Clock_TimerProxy_setPeriodMicroSecs__E           
2000df1d  ti_sysbios_knl_Clock_TimerProxy_start__E                        
2000fae1  ti_sysbios_knl_Clock_TimerProxy_startup__E                      
2000e025  ti_sysbios_knl_Clock_TimerProxy_stop__E                         
[...]
2000fdbd  ti_sysbios_family_arm_m3_Hwi_pendSV__I                          
2000fdd5  ti_sysbios_family_arm_m3_Hwi_return                             
2000fdd9  Power_idleFunc                                                  
2000fdf1  _args_main                                                      
2000fe09  __aeabi_lmul                                                    
2000fe21  ti_sysbios_BIOS_rtsUnlock__I                                    
2000fe39  ti_sysbios_family_arm_m3_Hwi_Module__startupDone__F             
2000fe39  ti_sysbios_family_arm_m3_Hwi_Module__startupDone__S             
2000fe39  ti_sysbios_hal_Hwi_HwiProxy_Module__startupDone__S              
2000fe51  ti_sysbios_family_arm_m3_Timer_Module__startupDone__F           
2000fe51  ti_sysbios_family_arm_m3_Timer_Module__startupDone__S           
2000fe51  ti_sysbios_knl_Clock_TimerProxy_Module__startupDone__S          
2000fe69  ti_sysbios_gates_GateHwi_Handle__label__S                       
2000fe69  xdc_runtime_Main_Module_GateProxy_Handle__label__S              
2000fe69  xdc_runtime_System_Module_GateProxy_Handle__label__S            
2000fe81  ti_sysbios_BIOS_RtsGateProxy_Handle__label__S                   
2000fe81  ti_sysbios_gates_GateMutex_Handle__label__S                     
2000fe81  ti_sysbios_heaps_HeapMem_Module_GateProxy_Handle__label__S      
2000fe99  ti_sysbios_gates_GateMutex_leave__E                             
2000feb1  ti_sysbios_heaps_HeapMem_Handle__label__S                       
2000feb1  xdc_runtime_Memory_HeapProxy_Handle__label__S                   
2000fec9  xdc_runtime_Error_init__E                                       
2000fee1  xdc_runtime_System_exit__E                                      
2000fef9  PRCMHIBRegRead                                                  
2000ff0f  PRCMHIBRegWrite                                                 
2000ff25  ti_sysbios_BIOS_exitFunc__I                                     
2000ff3d  Power_getDependencyCount                                        
2000ff51  pthread_attr_setschedparam                                      
2000ff65  ti_sysbios_family_arm_m3_Hwi_Object__get__S                     
2000ff79  ti_sysbios_family_arm_m3_Hwi_switchFromBootStack__E             
2000ff79  ti_sysbios_hal_Hwi_HwiProxy_switchFromBootStack__E              
2000ff79  ti_sysbios_hal_Hwi_switchFromBootStack__E                       
2000ff8d  ti_sysbios_family_arm_m3_TaskSupport_swap__E                    
2000ff8d  ti_sysbios_knl_Task_SupportProxy_swap__E                        
2000ff99  ti_sysbios_knl_Task_swapReturn                                  
2000ffa1  ti_sysbios_heaps_HeapMem_Object__get__S                         
2000ffb9  ti_sysbios_knl_Clock_tickReconfig__E                            
2000ffcd  ti_sysbios_knl_Swi_Object__get__S                               
2000ffe1  SemaphoreP_pend                                                 
20010011  ti_sysbios_hal_Hwi_Module_startup__E                            
20010023  xdc_runtime_Startup_exec__I                                     
20010035  HwiP_Params_init                                                
20010049  ti_sysbios_BIOS_setThreadType__E                                
20010059  ti_sysbios_BIOS_start__E                                        
20010069  ti_sysbios_family_arm_m3_TaskSupport_glue                       
20010079  ti_sysbios_gates_GateMutex_Instance_finalize__E                 
20010089  ti_sysbios_knl_Mailbox_Object__get__S                           
20010099  ti_sysbios_knl_Semaphore_Instance_finalize__E                   
200100a9  ti_sysbios_knl_Swi_disable__E                                   
200100b9  ti_sysbios_knl_Task_Object__get__S                              
200100c9  ti_sysbios_knl_Task_disable__E                                  
200100d9  xdc_runtime_Memory_free__E                                      
200100e9  xdc_runtime_SysCallback_abort__E                                
200100e9  xdc_runtime_System_SupportProxy_abort__E                        
200100f9  xdc_runtime_SysCallback_exit__E                                 
200100f9  xdc_runtime_System_SupportProxy_exit__E                         
20010109  __TI_decompress_none                                            
20010119  pthread_attr_setdetachstate                                     
20010129  ti_sysbios_knl_Idle_loop__E                                     
20010139  ti_sysbios_knl_Queue_empty__E                                   
20010147  CC3220S_LAUNCHXL_initGeneral                                    
20010155  Power_getConstraintMask                                         
20010161  SemaphoreP_delete                                               
2001016d  _register_lock                                                  
20010179  _register_unlock                                                
20010185  __TI_zero_init                                                  
20010191  ti_sysbios_family_arm_m3_Hwi_Params__init__S                    
20010191  ti_sysbios_hal_Hwi_HwiProxy_Params__init__S                     
200101a1  ti_sysbios_family_arm_m3_Hwi_disableFxn__E                      
200101a1  ti_sysbios_hal_Hwi_HwiProxy_disable__E                          
200101b1  ti_sysbios_family_arm_m3_TaskSupport_getStackAlignment__E       
200101b1  ti_sysbios_knl_Task_SupportProxy_getStackAlignment__E           
200101c1  ti_sysbios_gates_GateHwi_enter__E                               
200101d1  ClockP_getSystemTicks                                           
200101d1  ti_sysbios_knl_Clock_getTicks__E                                
200101e1  ti_sysbios_knl_Clock_setTicks__E                                
200101f1  ti_sysbios_knl_Clock_tickStart__E                               
20010201  ti_sysbios_knl_Clock_tickStop__E                                
2001020d  ti_sysbios_knl_Queue_Object__get__S                             
20010219  ti_sysbios_knl_Semaphore_Params__init__S                        
20010225  ti_sysbios_knl_Task_Params__init__S                             
20010231  ti_sysbios_rts_ti_ReentSupport_taskRegHook__I                   
20010241  xdc_runtime_Startup_rtsDone__E                                  
2001024d  xdc_runtime_Memory_HeapProxy_alloc__E                           
20010257  xdc_runtime_Memory_HeapProxy_free__E                            
20010261  Board_init                                                      
20010269  pthread_attr_setstacksize                                       
20010271  ti_sysbios_family_arm_m3_Hwi_doSwiRestore__I                    
20010279  ti_sysbios_family_arm_m3_Hwi_startup__E                         
20010279  ti_sysbios_hal_Hwi_HwiProxy_startup__E                          
20010279  ti_sysbios_hal_Hwi_startup__E                                   
20010281  ti_sysbios_family_arm_m3_Hwi_doTaskRestore__I                   
20010289  HwiP_restore                                                    
20010289  ti_sysbios_family_arm_m3_Hwi_restoreFxn__E                      
20010289  ti_sysbios_hal_Hwi_HwiProxy_restore__E                          
20010291  ti_sysbios_gates_GateHwi_leave__E                               
20010299  ti_sysbios_heaps_HeapMem_isBlocking__E                          
200102a1  ti_sysbios_knl_Queue_Instance_init__E                           
200102a9  ti_sysbios_knl_Swi_startup__E                                   
200102b1  xdc_runtime_System_Module_startup__E                            
200102b9  ti_sysbios_family_arm_m3_Timer_getMaxTicks__E                   
200102c1  ti_sysbios_gates_GateHwi_query__E                               
200102c1  xdc_runtime_Main_Module_GateProxy_query__E                      
200102c1  xdc_runtime_System_Module_GateProxy_query__E                    
200102c9  ti_sysbios_BIOS_RtsGateProxy_query__E                           
200102c9  ti_sysbios_gates_GateMutex_query__E                             
200102c9  ti_sysbios_heaps_HeapMem_Module_GateProxy_query__E              
200102d1  ti_sysbios_knl_Task_startup__E                                  
200102d9  ti_sysbios_BIOS_linkedWithIncorrectBootLibrary__E               
200102e1  ti_sysbios_gates_GateHwi_Instance_init__E                       
200102e9  ti_sysbios_knl_Clock_logTick__E                                 
200102f1  xdc_runtime_SysCallback_defaultAbort                            
200102f9  xdc_runtime_SysCallback_defaultExit                             
20010301  xdc_runtime_System_abortSpin__E                                 
20010309  xdc_runtime_System_exitSpin__E                                  
2001030c  PowerCC32XX_module                                              
20010478  parkInfo                                                        
200105f8  ti_sysbios_knl_Swi_Module_State_0_readyQ__A                     
20010678  ti_sysbios_knl_Task_Module_State_0_readyQ__A                    
200106f8  ti_sysbios_knl_Task_Object__table__V                            
20010754  ti_sysbios_gates_GateMutex_Object__table__V                     
200107a8  ti_sysbios_knl_Task_Module__state__V                            
200107f0  ti_sysbios_family_arm_m3_Hwi_Module__state__V                   
20010824  ti_sysbios_family_arm_m3_Timer_Object__table__V                 
20010854  ti_sysbios_knl_Swi_Object__table__V                             
20010884  ti_sysbios_knl_Clock_Module__state__V                           
200108b0  gpioPinConfigs                                                  
200108d8  ti_sysbios_BIOS_Module__state__V                                
200108fc  xdc_runtime_Error_IgnoreBlock                                   
2001091c  ti_sysbios_knl_Swi_Module__state__V                             
20010938  ti_sysbios_family_arm_m3_Hwi_Object__table__V                   
20010950  ti_sysbios_heaps_HeapMem_Object__table__V                       
20010968  gpioCallbackFunctions                                           
20010978  ti_sysbios_family_arm_m3_Timer_Module__state__V                 
2001098e  ti_sysbios_family_arm_m3_Hwi_Module_State_0_excActive__A        
20010990  _lock                                                           
20010994  _unlock                                                         
20010998  ti_sysbios_family_arm_m3_Hwi_Module__root__V                    
200109a0  ti_sysbios_gates_GateHwi_Module__root__V                        
200109a8  ti_sysbios_gates_GateMutex_Module__root__V                      
200109b0  ti_sysbios_heaps_HeapMem_Module__root__V                        
200109b8  ti_sysbios_knl_Queue_Module__root__V                            
200109c0  ti_sysbios_knl_Semaphore_Module__root__V                        
200109c8  ti_sysbios_knl_Task_Module__root__V                             
200109d0  xdc_runtime_Startup_Module__state__V                            
200109d8  xdc_runtime_System_Module_State_0_atexitHandlers__A             
200109e0  xdc_runtime_System_Module__state__V                             
200109e8  main_func_sp                                                    
200109ec  ti_sysbios_family_arm_m3_Hwi_Module_State_0_excContext__A       
200109f0  ti_sysbios_family_arm_m3_Hwi_Module_State_0_excStack__A         
200109f4  ti_sysbios_gates_GateHwi_Object__table__V                       
200109f8  ti_sysbios_knl_Task_Module_State_0_idleTask__A                  
200109fc  ti_sysbios_rts_ti_ReentSupport_Module__state__V                 
20010a00  xdc_runtime_Memory_Module__state__V                             
20010a08  ti_sysbios_family_arm_m3_Hwi_dispatchTable                      
20010d18  ti_sysbios_knl_Task_Instance_State_0_stack__A                   
20010f18  PowerCC32XX_contextSave                                         
20011078  ti_sysbios_knl_Task_Instance_State_0_hookEnv__A                 
2001127c  ti_sysbios_knl_Task_Object__PARAMS__C                           
200112c0  PowerCC32XX_config                                              
20011300  ti_sysbios_family_arm_m3_Hwi_Object__PARAMS__C                  
20011330  ti_sysbios_heaps_HeapMem_Module__FXNS__C                        
20011358  ti_sysbios_gates_GateHwi_Module__FXNS__C                        
2001137c  ti_sysbios_gates_GateMutex_Module__FXNS__C                      
200113a0  ti_sysbios_heaps_HeapMem_Object__PARAMS__C                      
200113c4  ti_sysbios_knl_Semaphore_Object__PARAMS__C                      
20011409  ti_sysbios_knl_Clock_tickMode__C                                
2001140a  ti_sysbios_family_arm_m3_Hwi_Module__id__C                      
2001140c  ti_sysbios_family_arm_m3_Hwi_Object__DESC__C                    
2001142c  ti_sysbios_gates_GateHwi_Object__DESC__C                        
2001144c  ti_sysbios_gates_GateMutex_Object__DESC__C                      
2001146c  ti_sysbios_heaps_HeapMem_Object__DESC__C                        
2001148c  ti_sysbios_knl_Queue_Object__DESC__C                            
200114ac  ti_sysbios_knl_Semaphore_Object__DESC__C                        
200114cc  ti_sysbios_knl_Task_Object__DESC__C                             
200114ec  xdc_runtime_Startup_sfxnTab__A                                  
2001150c  ti_sysbios_gates_GateHwi_Object__PARAMS__C                      
20011524  ti_sysbios_gates_GateMutex_Object__PARAMS__C                    
2001153c  ti_sysbios_knl_Queue_Object__PARAMS__C                          
20011554  ti_sysbios_knl_Task_hooks__A                                    
2001156c  GPIOCC32XX_config                                               
200115a8  xdc_runtime_Startup_sfxnRts__A                                  
200115b8  xdc_runtime_Startup_firstFxns__A                                
200115c4  outPinTypes                                                     
200115cc  ti_sysbios_knl_Idle_funcList__A                                 
200115d4  ti_sysbios_knl_Idle_funcList__C                                 
200115dc  ti_sysbios_knl_Task_hooks__C                                    
200115e4  xdc_runtime_Startup_firstFxns__C                                
200115ec  xdc_runtime_Startup_lastFxns__C                                 
200115fa  inPinTypes                                                      
20011600  outPinStrengths                                                 
2001160a  ti_sysbios_family_arm_m3_Timer_Module__id__C                    
2001160c  ti_sysbios_family_arm_m3_Hwi_E_alreadyDefined__C                
20011610  ti_sysbios_family_arm_m3_Hwi_NUM_INTERRUPTS__C                  
20011614  ti_sysbios_family_arm_m3_Hwi_Object__count__C                   
20011618  ti_sysbios_family_arm_m3_Hwi_ccr__C                             
2001161c  ti_sysbios_family_arm_m3_Hwi_excHandlerFunc__C                  
20011620  ti_sysbios_family_arm_m3_Hwi_nullIsrFunc__C                     
20011624  ti_sysbios_family_arm_m3_Hwi_priGroup__C                        
20011628  ti_sysbios_family_arm_m3_Hwi_swiDisable__C                      
2001162c  ti_sysbios_family_arm_m3_Hwi_swiRestore__C                      
20011630  ti_sysbios_family_arm_m3_TaskSupport_stackAlignment__C          
20011634  ti_sysbios_family_arm_m3_Timer_E_cannotSupport__C               
20011638  ti_sysbios_family_arm_m3_Timer_startupNeeded__C                 
2001163c  ti_sysbios_gates_GateMutex_Instance_State_sem__O                
20011640  ti_sysbios_heaps_HeapMem_E_memory__C                            
20011644  ti_sysbios_heaps_HeapMem_Module__gateObj__C                     
20011648  ti_sysbios_heaps_HeapMem_Object__count__C                       
2001164c  ti_sysbios_heaps_HeapMem_primaryHeapBaseAddr__C                 
20011650  ti_sysbios_heaps_HeapMem_primaryHeapEndAddr__C                  
20011654  ti_sysbios_heaps_HeapMem_reqAlign__C                            
20011658  ti_sysbios_knl_Clock_Module_State_clockQ__O                     
2001165c  ti_sysbios_knl_Clock_tickPeriod__C                              
20011660  ti_sysbios_knl_Mailbox_Instance_State_freeQue__O                
20011664  ti_sysbios_knl_Mailbox_Object__count__C                         
20011668  ti_sysbios_knl_Mailbox_maxTypeAlign__C                          
2001166c  ti_sysbios_knl_Semaphore_Instance_State_pendQ__O                
20011670  ti_sysbios_knl_Swi_Object__count__C                             
20011674  ti_sysbios_knl_Task_Module_State_inactiveQ__O                   
20011678  ti_sysbios_knl_Task_Object__count__C                            
2001167c  ti_sysbios_knl_Task_Object__heap__C                             
20011680  ti_sysbios_knl_Task_allBlockedFunc__C                           
20011684  ti_sysbios_knl_Task_defaultStackHeap__C                         
20011688  ti_sysbios_knl_Task_defaultStackSize__C                         
2001168c  ti_sysbios_knl_Task_numConstructedTasks__C                      
20011690  xdc_runtime_Error_E_memory__C                                   
20011694  xdc_runtime_Error_policyFxn__C                                  
20011698  xdc_runtime_IGateProvider_Interface__BASE__C                    
2001169c  xdc_runtime_IHeap_Interface__BASE__C                            
200116a0  xdc_runtime_IModule_Interface__BASE__C                          
200116a4  xdc_runtime_Memory_defaultHeapInstance__C                       
200116a8  xdc_runtime_Startup_execImpl__C                                 
200116ac  xdc_runtime_Startup_maxPasses__C                                
200116b0  xdc_runtime_Startup_sfxnRts__C                                  
200116b4  xdc_runtime_Startup_sfxnTab__C                                  
200116b8  xdc_runtime_SysCallback_abortFxn__C                             
200116bc  xdc_runtime_SysCallback_exitFxn__C                              
200116c0  xdc_runtime_System_Module__gateObj__C                           
200116c4  xdc_runtime_System_abortFxn__C                                  
200116c8  xdc_runtime_System_exitFxn__C                                   
200116cc  xdc_runtime_System_maxAtexitHandlers__C                         
200116d0  xdc_runtime_Text_charTab__C                                     
200116d4  xdc_runtime_Text_nameEmpty__C                                   
200116d8  xdc_runtime_Text_nameStatic__C                                  
200116dc  xdc_runtime_Text_nameUnknown__C                                 
200116e0  ti_sysbios_heaps_HeapMem_Module__id__C                          
200116e2  xdc_runtime_Memory_Module__id__C                                
200116e4  xdc_runtime_Text_charCnt__C                                     
200116e6  xdc_runtime_Text_isLoaded__C                                    
200116e8  ti_sysbios_knl_Clock_tickSource__C                              
200116e9  xdc_runtime_Error_policy__C                                     
200116ea  xdc_runtime_Text_charTab__A                                     
200116f0  __TI_static_base__                                              
20011938  __TI_Handler_Table_Base                                         
20011944  __TI_Handler_Table_Limit                                        
20011950  __TI_CINIT_Base                                                 
20011960  __TI_CINIT_Limit                                                
e000e000  ti_sysbios_family_arm_m3_Hwi_nvic                               
ffffffff  __TI_pprof_out_hndl                                             
ffffffff  __TI_prof_data_size                                             
ffffffff  __TI_prof_data_start                                            
ffffffff  __binit__                                                       
ffffffff  __c_args__                                                      
ffffffff  binit                                                           
UNDEFED   SHT$$INIT_ARRAY$$Base                                           
UNDEFED   SHT$$INIT_ARRAY$$Limit                                          

[472 symbols]
